03-29 09:36:26.589  2312  2376 E Finsky  : [61] AU2: RequiredBatteryLevel is missing.
03-29 09:36:26.589  2312  2376 E Finsky  : [61] AU2: RequiredVehicleState is missing.
03-29 09:36:26.589  2312  2376 E Finsky  : [61] AU2: RequiredBatteryLevel is missing.
03-29 09:36:26.589  2312  2376 E Finsky  : [61] AU2: RequiredVehicleState is missing.
03-29 09:36:26.589  2312  2376 E Finsky  : [61] AU2: RequiredVehicleState is missing.
03-29 09:36:26.589  2312  2376 E Finsky  : [61] AU2: RequiredBatteryLevel is missing.
03-29 09:36:26.589  2312  2376 E Finsky  : [61] AU2: RequiredVehicleState is missing.
03-29 09:36:26.589  2312  2376 E Finsky  : [61] AU2: RequiredVehicleState is missing.
03-29 09:36:26.589  2312  2376 E Finsky  : [61] AU2: RequiredBatteryLevel is missing.
03-29 09:36:26.589  2312  2376 E Finsky  : [61] AU2: RequiredVehicleState is missing.
03-29 09:36:26.589  2312  2376 E Finsky  : [61] AU2: RequiredVehicleState is missing.
03-29 09:36:26.589  2312  2376 E Finsky  : [61] AU2: RequiredBatteryLevel is missing.
03-29 09:36:26.589  2312  2376 E Finsky  : [61] AU2: RequiredVehicleState is missing.
03-29 09:36:26.589  2312  2376 E Finsky  : [61] AU2: RequiredVehicleState is missing.
03-29 09:36:26.589  2312  2376 E Finsky  : [61] AU2: RequiredBatteryLevel is missing.
03-29 09:36:26.589  2312  2376 E Finsky  : [61] AU2: RequiredVehicleState is missing.
03-29 09:36:26.589  2312  2376 E Finsky  : [61] AU2: RequiredVehicleState is missing.
03-29 09:36:26.589  2312  2376 E Finsky  : [61] AU2: RequiredBatteryLevel is missing.
03-29 09:36:26.590  2312  2376 E Finsky  : [61] AU2: RequiredVehicleState is missing.
03-29 09:36:26.590  2312  2376 E Finsky  : [61] AU2: RequiredVehicleState is missing.
03-29 09:36:26.590  2312  2376 E Finsky  : [61] AU2: RequiredBatteryLevel is missing.
03-29 09:36:26.590  2312  2376 E Finsky  : [61] AU2: RequiredVehicleState is missing.
03-29 09:36:35.967   302   308 E lowmemorykiller: process_mrelease 2078 failed: No such process
03-29 09:36:36.154  2680  2716 E ActivityThread: Failed to find provider info for androidx.car.app.connection
03-29 09:36:36.235   657   657 E libbinder.IPCThreadState: Binder transaction failure. id: 953971, cmd: BR_DEAD_REPLY (29189), error: -22 (Invalid argument)
03-29 09:36:36.239   657   770 E InputDispatcher: channel 'stylus-handwriting-event-receiver-0' ~ Channel is unrecoverably broken and will be disposed!
03-29 09:36:42.388  2821  2821 E LibraryModuleRegistry: LibraryModuleRegistry.register():48 Module mobilebert_classifier_android_jni has already been registered to integrated_shared_object
03-29 09:36:42.488  2821  2846 E EmojiSlicingStrategy: EmojiSlicingStrategy.getSlices():88 getSlices() : Received null or empty userEnabledLocales.
03-29 09:36:42.489  2821  2846 E EmojiSlicingStrategy: EmojiSlicingStrategy.getSlices():88 getSlices() : Received null or empty userEnabledLocales.
03-29 09:36:42.489  2821  2821 E GoogleInputMethodService: GoogleInputMethodService.getAppEditorInfo():1891 App EditorInfo should never be null.
03-29 09:36:42.601  2821  2841 E HandwritingSuperpacksUtil: HandwritingSuperpacksUtil.getPackMappingPackName():42 No pack mapping pack found in []
03-29 09:36:42.957  2926  3056 E ActivityThread: Failed to find provider info for androidx.car.app.connection
03-29 09:36:43.213  2954  3077 E NativeHotLoader: Failed to hotload library '/apex/com.google.android.gmssystem/priv-app/PrebuiltGmsCoreVic@CP21.260306.017.A1/PrebuiltGmsCoreVic.apk!/lib/x86_64/libgmscore.so'. [CONTEXT service_id=447 ]
03-29 09:36:43.218  2821  2860 E MDDTaskScheduler: MDDTaskScheduler.scheduleDownload():191 work Data {charging : false, mdd_task_tag : download, network : false} scheduled
03-29 09:36:43.288  2821  2843 E HandwritingSuperpacksUtil: HandwritingSuperpacksUtil.getPackMappingPackName():42 No pack mapping pack found in []
03-29 09:36:43.922   387   613 E UsageReportingOptionsSt: INTERNAL_ERROR: setOptInOption should not be called while user is locked. [CONTEXT service_id=41 ]
03-29 09:36:44.414  2954  3077 E DowngradeHelper: isModuleDowngradeRequired false
03-29 09:36:45.278  2954  3087 E DowngradeHelper: isModuleDowngradeRequired false
03-29 09:36:45.549   657  1223 E RoleControllerServiceImpl: Default/fallback role holder package doesn't qualify for the role, package: com.google.android.gms.supervision, role: android.app.role.SYSTEM_SUPERVISION, user: 0
03-29 09:36:45.552  1266  1266 E SmsApplication: com.google.android.apps.messaging lost android:read_cell_broadcasts:  (fixing)
03-29 09:36:45.560  1266  1524 E SmsApplication: com.google.android.apps.messaging lost android:read_cell_broadcasts:  (fixing)
03-29 09:36:45.572   657  1223 E RoleControllerServiceImpl: Default/fallback role holder package doesn't qualify for the role, package: com.google.android.gms, role: android.app.role.SYSTEM_DEPENDENCY_INSTALLER, user: 0
03-29 09:36:45.590   657  1223 E RoleControllerServiceImpl: Default/fallback role holder package doesn't qualify for the role, package: com.google.android.gms, role: android.app.role.WALLET, user: 0
03-29 09:36:45.600   657  1384 E SystemServiceRegistry: No service published for: persistent_data_block
03-29 09:36:45.600   657  1384 E SystemServiceRegistry: android.os.ServiceManager$ServiceNotFoundException: No service published for: persistent_data_block
03-29 09:36:45.600   657  1384 E SystemServiceRegistry: 	at android.os.ServiceManager.getServiceOrThrow(ServiceManager.java:176)
03-29 09:36:45.600   657  1384 E SystemServiceRegistry: 	at android.app.SystemServiceRegistry$90.createService(SystemServiceRegistry.java:1286)
03-29 09:36:45.600   657  1384 E SystemServiceRegistry: 	at android.app.SystemServiceRegistry$90.createService(SystemServiceRegistry.java:1283)
03-29 09:36:45.600   657  1384 E SystemServiceRegistry: 	at android.app.SystemServiceRegistry$StaticServiceFetcher.getService(SystemServiceRegistry.java:2847)
03-29 09:36:45.600   657  1384 E SystemServiceRegistry: 	at android.app.SystemServiceRegistry.getSystemService(SystemServiceRegistry.java:2285)
03-29 09:36:45.600   657  1384 E SystemServiceRegistry: 	at android.app.ContextImpl.getSystemService(ContextImpl.java:2448)
03-29 09:36:45.600   657  1384 E SystemServiceRegistry: 	at android.content.Context.getSystemService(Context.java:4917)
03-29 09:36:45.600   657  1384 E SystemServiceRegistry: 	at com.android.server.pm.PackageInstallerSession.markAsSealed(PackageInstallerSession.java:2595)
03-29 09:36:45.600   657  1384 E SystemServiceRegistry: 	at com.android.server.pm.PackageInstallerSession.commit(PackageInstallerSession.java:2345)
03-29 09:36:45.600   657  1384 E SystemServiceRegistry: 	at android.content.pm.IPackageInstallerSession$Stub.onTransact(IPackageInstallerSession.java:461)
03-29 09:36:45.600   657  1384 E SystemServiceRegistry: 	at android.os.Binder.execTransactInternal(Binder.java:1466)
03-29 09:36:45.600   657  1384 E SystemServiceRegistry: 	at android.os.Binder.execTransact(Binder.java:1411)
03-29 09:36:45.602   657  1384 E SystemServiceRegistry: Manager wrapper not available: persistent_data_block
03-29 09:36:45.694  3158  3158 E FeatureFlagsImplExport: android.os.flagging.AconfigStorageReadException: ERROR_PACKAGE_NOT_FOUND: package android.xr cannot be found on the device
03-29 09:36:50.697   657  1006 E Nl80211Native: getChannelsMhzForBand: Wiphy index not recorded for band 8
03-29 09:36:50.698   657  1006 E Nl80211Native: getChannelsMhzForBand: Wiphy index not recorded for band 16
03-29 09:36:50.734  1251  1450 E BtScan.ScannerMap: Context not found for ID=1
03-29 09:36:50.734  1251  1450 E BtScan.ScanController: onScanParamSetupCompleted(): App not found for scannerId=1
03-29 09:36:50.738   657  1013 E AppOps  : attributionTag VCN not declared in manifest of android
03-29 09:36:50.770  1266  1266 E SmsApplication: com.google.android.apps.messaging lost android:read_cell_broadcasts:  (fixing)
03-29 09:36:50.778   657  1223 E RoleControllerServiceImpl: Default/fallback role holder package doesn't qualify for the role, package: com.google.android.gms.supervision, role: android.app.role.SYSTEM_SUPERVISION, user: 0
03-29 09:36:50.812   657  1223 E RoleControllerServiceImpl: Default/fallback role holder package doesn't qualify for the role, package: com.google.android.gms, role: android.app.role.SYSTEM_DEPENDENCY_INSTALLER, user: 0
03-29 09:36:50.817   657   679 E AtomicFile: Failed to rename /data/system/install_sessions.xml.new to /data/system/install_sessions.xml
03-29 09:36:50.834   657  1223 E RoleControllerServiceImpl: Default/fallback role holder package doesn't qualify for the role, package: com.google.android.gms, role: android.app.role.WALLET, user: 0
03-29 09:36:50.889  1266  1266 E SmsApplication: com.google.android.apps.messaging lost android:read_cell_broadcasts:  (fixing)
03-29 09:36:50.973  1266  1266 E SmsApplication: com.google.android.apps.messaging lost android:read_cell_broadcasts:  (fixing)
03-29 09:36:51.030  2926  3041 E Finsky:background: [61] RM: no data for ID, not removing
03-29 09:36:51.030  2926  3041 E Finsky:background: [61] RM: no data for ID, not removing
03-29 09:36:51.030  2926  3041 E Finsky:background: [61] RM: no data for ID, not removing
03-29 09:36:51.030  2926  3041 E Finsky:background: [61] RM: no data for ID, not removing
03-29 09:36:51.030  2926  3041 E Finsky:background: [61] RM: no data for ID, not removing
03-29 09:36:51.030  2926  3041 E Finsky:background: [61] RM: no data for ID, not removing
03-29 09:36:51.030  2926  3041 E Finsky:background: [61] RM: no data for ID, not removing
03-29 09:36:51.031  2926  3052 E Finsky:background: [69] RM: no data for ID, not removing
03-29 09:36:51.031  2926  3052 E Finsky:background: [69] RM: no data for ID, not removing
03-29 09:36:51.031  2926  3052 E Finsky:background: [69] RM: no data for ID, not removing
03-29 09:36:51.031  2926  3052 E Finsky:background: [69] RM: no data for ID, not removing
03-29 09:36:51.031  2926  3052 E Finsky:background: [69] RM: no data for ID, not removing
03-29 09:36:51.031  2926  3052 E Finsky:background: [69] RM: no data for ID, not removing
03-29 09:36:51.031  2926  3052 E Finsky:background: [69] RM: no data for ID, not removing
03-29 09:36:51.031  2926  3052 E Finsky:background: [69] RM: no data for ID, not removing
03-29 09:36:51.031  2926  3052 E Finsky:background: [69] RM: no data for ID, not removing
03-29 09:36:51.031  2926  3052 E Finsky:background: [69] RM: no data for ID, not removing
03-29 09:36:51.031  2926  3052 E Finsky:background: [69] RM: no data for ID, not removing
03-29 09:36:51.031  2926  3052 E Finsky:background: [69] RM: no data for ID, not removing
03-29 09:36:51.031  2926  3052 E Finsky:background: [69] RM: no data for ID, not removing
03-29 09:36:51.268  3226  3226 E DowngradeHelper: isModuleDowngradeRequired false
03-29 09:36:51.474  3253  3318 E Ambient : Installed publisher verification failed
03-29 09:36:51.474  3253  3318 E Ambient : Installed publisher verification failed
03-29 09:36:51.510  3253  3265 E AiAiNotificationAssistantService: No completion listener supplied for this service!
03-29 09:36:51.700   657   677 E libbinder.Parcel: Reading a NULL string not supported here.
03-29 09:36:51.700   657   677 E ARProxy : Unknown descriptor: 
03-29 09:36:51.729   657   672 E AppOps  : attributionTag VCN not declared in manifest of android
03-29 09:36:51.832   657   657 E libbinder.IPCThreadState: Binder transaction failure. id: 970568, cmd: BR_DEAD_REPLY (29189), error: -22 (Invalid argument)
03-29 09:36:51.835   657   770 E InputDispatcher: channel 'stylus-handwriting-event-receiver-0' ~ Channel is unrecoverably broken and will be disposed!
03-29 09:36:52.093  3226  3540 E CastAuth: [CastAuthModuleInitIntent] Feature is not available, reason = CastAuth feature is disabled on this 1p device.. [CONTEXT service_id=360 ]
03-29 09:36:52.281  3253  3333 E AiAiEcho: EchoSearch: SettingsFetcherImpl: DB already exists.
03-29 09:36:52.421  3303  3535 E native_loader: Java_hotLoad not found!
03-29 09:36:52.424  3303  3535 E NativeHotLoader: Failed to hotload library '/data/app/~~NtMc2rapRZF-BQgHq1uAmQ==/com.google.android.gms-l3rrxv2WixRnr1Jv49yiZA==/base.apk!/lib/x86_64/libgmscore.so'. [CONTEXT service_id=447 ]
03-29 09:36:52.731  3226  3470 E AbstractGmsTracer: Traced class shouldn't be obfuscated: dnoo [CONTEXT service_id=259 ]
03-29 09:36:52.914   657  1002 E WifiChipAidlImpl: getUsableChannels failed with service-specific exception: android.os.ServiceSpecificException:  (code 4)
03-29 09:36:53.100   657  1006 E Nl80211Native: getChannelsMhzForBand: Wiphy index not recorded for band 8
03-29 09:36:53.103   657  1006 E Nl80211Native: getChannelsMhzForBand: Wiphy index not recorded for band 16
03-29 09:36:53.105  3224  3283 E ClientLoggingBackend: Logging to Clearcut failed.
03-29 09:36:53.105  3224  3283 E ClientLoggingBackend: jpa: 20: The connection to Google Play services was lost due to service disconnection.
03-29 09:36:53.105  3224  3283 E ClientLoggingBackend: 	at jhv.av(PG:13)
03-29 09:36:53.105  3224  3283 E ClientLoggingBackend: 	at jtn.a(PG:29)
03-29 09:36:53.105  3224  3283 E ClientLoggingBackend: 	at com.google.android.gms.common.api.internal.BasePendingResult.c(PG:72)
03-29 09:36:53.105  3224  3283 E ClientLoggingBackend: 	at com.google.android.gms.common.api.internal.BasePendingResult.m(PG:35)
03-29 09:36:53.105  3224  3283 E ClientLoggingBackend: 	at com.google.android.gms.common.api.internal.BasePendingResult.k(PG:14)
03-29 09:36:53.105  3224  3283 E ClientLoggingBackend: 	at myu.as(PG:59)
03-29 09:36:53.105  3224  3283 E ClientLoggingBackend: 	at jqt.k(PG:59)
03-29 09:36:53.105  3224  3283 E ClientLoggingBackend: 	at jqt.a(PG:15)
03-29 09:36:53.105  3224  3283 E ClientLoggingBackend: 	at jsb.handleMessage(PG:204)
03-29 09:36:53.105  3224  3283 E ClientLoggingBackend: 	at android.os.Handler.dispatchMessageImpl(Handler.java:142)
03-29 09:36:53.105  3224  3283 E ClientLoggingBackend: 	at android.os.Handler.dispatchMessage(Handler.java:125)
03-29 09:36:53.105  3224  3283 E ClientLoggingBackend: 	at android.os.Looper.loopOnce(Looper.java:292)
03-29 09:36:53.105  3224  3283 E ClientLoggingBackend: 	at android.os.Looper.loop(Looper.java:393)
03-29 09:36:53.105  3224  3283 E ClientLoggingBackend: 	at android.os.HandlerThread.run(HandlerThread.java:139)
03-29 09:36:53.105  3224  3283 E ClientLoggingBackend: Logging to Clearcut failed.
03-29 09:36:53.105  3224  3283 E ClientLoggingBackend: jpa: 20: The connection to Google Play services was lost due to service disconnection.
03-29 09:36:53.105  3224  3283 E ClientLoggingBackend: 	at jhv.av(PG:13)
03-29 09:36:53.105  3224  3283 E ClientLoggingBackend: 	at jtn.a(PG:29)
03-29 09:36:53.105  3224  3283 E ClientLoggingBackend: 	at com.google.android.gms.common.api.internal.BasePendingResult.c(PG:72)
03-29 09:36:53.105  3224  3283 E ClientLoggingBackend: 	at com.google.android.gms.common.api.internal.BasePendingResult.m(PG:35)
03-29 09:36:53.105  3224  3283 E ClientLoggingBackend: 	at com.google.android.gms.common.api.internal.BasePendingResult.k(PG:14)
03-29 09:36:53.105  3224  3283 E ClientLoggingBackend: 	at myu.as(PG:59)
03-29 09:36:53.105  3224  3283 E ClientLoggingBackend: 	at jqt.k(PG:59)
03-29 09:36:53.105  3224  3283 E ClientLoggingBackend: 	at jqt.a(PG:15)
03-29 09:36:53.105  3224  3283 E ClientLoggingBackend: 	at jsb.handleMessage(PG:204)
03-29 09:36:53.105  3224  3283 E ClientLoggingBackend: 	at android.os.Handler.dispatchMessageImpl(Handler.java:142)
03-29 09:36:53.105  3224  3283 E ClientLoggingBackend: 	at android.os.Handler.dispatchMessage(Handler.java:125)
03-29 09:36:53.105  3224  3283 E ClientLoggingBackend: 	at android.os.Looper.loopOnce(Looper.java:292)
03-29 09:36:53.105  3224  3283 E ClientLoggingBackend: 	at android.os.Looper.loop(Looper.java:393)
03-29 09:36:53.105  3224  3283 E ClientLoggingBackend: 	at android.os.HandlerThread.run(HandlerThread.java:139)
03-29 09:36:53.105  3224  3283 E ClientLoggingBackend: Logging to Clearcut failed.
03-29 09:36:53.105  3224  3283 E ClientLoggingBackend: jpa: 20: The connection to Google Play services was lost due to service disconnection.
03-29 09:36:53.105  3224  3283 E ClientLoggingBackend: 	at jhv.av(PG:13)
03-29 09:36:53.105  3224  3283 E ClientLoggingBackend: 	at jtn.a(PG:29)
03-29 09:36:53.105  3224  3283 E ClientLoggingBackend: 	at com.google.android.gms.common.api.internal.BasePendingResult.c(PG:72)
03-29 09:36:53.105  3224  3283 E ClientLoggingBackend: 	at com.google.android.gms.common.api.internal.BasePendingResult.m(PG:35)
03-29 09:36:53.105  3224  3283 E ClientLoggingBackend: 	at com.google.android.gms.common.api.internal.BasePendingResult.k(PG:14)
03-29 09:36:53.105  3224  3283 E ClientLoggingBackend: 	at myu.as(PG:59)
03-29 09:36:53.105  3224  3283 E ClientLoggingBackend: 	at jqt.k(PG:59)
03-29 09:36:53.105  3224  3283 E ClientLoggingBackend: 	at jqt.a(PG:15)
03-29 09:36:53.105  3224  3283 E ClientLoggingBackend: 	at jsb.handleMessage(PG:204)
03-29 09:36:53.105  3224  3283 E ClientLoggingBackend: 	at android.os.Handler.dispatchMessageImpl(Handler.java:142)
03-29 09:36:53.105  3224  3283 E ClientLoggingBackend: 	at android.os.Handler.dispatchMessage(Handler.java:125)
03-29 09:36:53.105  3224  3283 E ClientLoggingBackend: 	at android.os.Looper.loopOnce(Looper.java:292)
03-29 09:36:53.105  3224  3283 E ClientLoggingBackend: 	at android.os.Looper.loop(Looper.java:393)
03-29 09:36:53.105  3224  3283 E ClientLoggingBackend: 	at android.os.HandlerThread.run(HandlerThread.java:139)
03-29 09:36:53.109  3629  3670 E libbinder.IPCThreadState: Binder transaction failure. id: 977939, cmd: BR_DEAD_REPLY (29189), error: -22 (Invalid argument)
03-29 09:36:53.119   302   308 E lowmemorykiller: process_mrelease 3629 failed: No such process
03-29 09:36:53.399   302   307 E lowmemorykiller: process_mrelease 3597 failed: No such process
03-29 09:36:53.425  3674  3689 E libbinder.IPCThreadState: Binder transaction failure. id: 979769, cmd: BR_DEAD_REPLY (29189), error: -22 (Invalid argument)
03-29 09:36:53.428   657   677 E libbinder.Parcel: Reading a NULL string not supported here.
03-29 09:36:53.429   657   677 E ARProxy : Unknown descriptor: 
03-29 09:36:53.556   657  1223 E RoleControllerServiceImpl: Default/fallback role holder package doesn't qualify for the role, package: com.google.android.gms.supervision, role: android.app.role.SYSTEM_SUPERVISION, user: 0
03-29 09:36:53.564  3725  3768 E Authzen : [AuthZenEventHandler] unknown action: com.google.android.chimera.IntentOperation.NEW_MODULE
03-29 09:36:53.586  1266  1266 E SmsApplication: com.google.android.apps.messaging lost android:read_cell_broadcasts:  (fixing)
03-29 09:36:53.590   657  1223 E RoleControllerServiceImpl: Default/fallback role holder package doesn't qualify for the role, package: com.google.android.gms, role: android.app.role.SYSTEM_DEPENDENCY_INSTALLER, user: 0
03-29 09:36:53.614  1266  1524 E SmsApplication: com.google.android.apps.messaging lost android:read_cell_broadcasts:  (fixing)
03-29 09:36:53.638   657  1223 E RoleControllerServiceImpl: Default/fallback role holder package doesn't qualify for the role, package: com.google.android.gms, role: android.app.role.WALLET, user: 0
03-29 09:36:53.698  3775  3775 E FeatureFlagsImplExport: android.os.flagging.AconfigStorageReadException: ERROR_PACKAGE_NOT_FOUND: package android.xr cannot be found on the device
03-29 09:36:53.832  3674  3726 E AbstractGmsTracer: Traced class shouldn't be obfuscated: dnoo [CONTEXT service_id=259 ]
03-29 09:36:53.847  3725  3766 E native_loader: Java_hotLoad not found!
03-29 09:36:53.847  3725  3766 E NativeHotLoader: Failed to hotload library '/data/app/~~NtMc2rapRZF-BQgHq1uAmQ==/com.google.android.gms-l3rrxv2WixRnr1Jv49yiZA==/base.apk!/lib/x86_64/libgmscore.so'. [CONTEXT service_id=447 ]
03-29 09:36:53.854  3674  3789 E WorkSourceUtil: Could not find package: com.google.android.gms.westworld
03-29 09:36:53.953   657  1006 E Nl80211Native: getChannelsMhzForBand: Wiphy index not recorded for band 8
03-29 09:36:53.954   657  1006 E Nl80211Native: getChannelsMhzForBand: Wiphy index not recorded for band 16
03-29 09:36:54.206   657  1738 E libbinder.IPCThreadState: Binder transaction failure. id: 984446, cmd: BR_DEAD_REPLY (29189), error: -22 (Invalid argument)
03-29 09:36:54.405   657   677 E libbinder.Parcel: Reading a NULL string not supported here.
03-29 09:36:54.405   657   677 E ARProxy : Unknown descriptor: 
03-29 09:36:57.817  4004  4004 E LibraryModuleRegistry: LibraryModuleRegistry.register():48 Module mobilebert_classifier_android_jni has already been registered to integrated_shared_object
03-29 09:36:57.833  4006  4006 E ChimeraSrvcProxy: Proxy without impl failing onBind()
03-29 09:36:57.847  4006  4006 E ChimeraSrvcProxy: Proxy without impl dropping onStart()
03-29 09:36:57.854  4006  4006 E ChimeraSrvcProxy: Proxy without impl dropping onStart()
03-29 09:36:57.855  4006  4006 E ChimeraSrvcProxy: Proxy without impl failing onBind()
03-29 09:36:57.855  4006  4006 E ChimeraSrvcProxy: Proxy without impl failing onBind()
03-29 09:36:57.861  4006  4006 E ChimeraSrvcProxy: Proxy without impl failing onBind()
03-29 09:36:57.869  4006  4006 E ChimeraSrvcProxy: Proxy without impl failing onBind()
03-29 09:36:57.870  4006  4006 E ChimeraSrvcProxy: Proxy without impl dropping onStart()
03-29 09:36:57.870  4006  4006 E ChimeraSrvcProxy: Proxy without impl dropping onStart()
03-29 09:36:57.871  4006  4006 E ChimeraSrvcProxy: Proxy without impl dropping onStart()
03-29 09:36:57.871  4006  4006 E ChimeraSrvcProxy: Proxy without impl dropping onStart()
03-29 09:36:57.872  4005  4042 E libbinder.IPCThreadState: Binder transaction failure. id: 987952, cmd: BR_FAILED_REPLY (29201), error: -28 (No space left on device - Binder buffer full. Too many or too large transactions.)
03-29 09:36:57.873  4006  4006 E ChimeraSrvcProxy: Proxy without impl failing onBind()
03-29 09:36:57.873  4005  4042 E JavaBinder: !!! FAILED BINDER TRANSACTION !!!  (parcel size = 496)
03-29 09:36:57.873  4006  4006 E ChimeraSrvcProxy: Proxy without impl dropping onStart()
03-29 09:36:57.874  4006  4006 E ChimeraSrvcProxy: Proxy without impl dropping onStart()
03-29 09:36:57.875  4006  4006 E ChimeraSrvcProxy: Proxy without impl failing onBind()
03-29 09:36:57.876  4006  4006 E ChimeraSrvcProxy: Proxy without impl dropping onStart()
03-29 09:36:57.877  4006  4006 E ChimeraSrvcProxy: Proxy without impl dropping onStart()
03-29 09:36:57.877  4006  4006 E ChimeraSrvcProxy: Proxy without impl dropping onStart()
03-29 09:36:57.878  4006  4006 E ChimeraSrvcProxy: Proxy without impl failing onBind()
03-29 09:36:57.880  4006  4006 E ChimeraSrvcProxy: Proxy without impl failing onBind()
03-29 09:36:57.880   657   677 E libbinder.Parcel: Reading a NULL string not supported here.
03-29 09:36:57.880   657   677 E ARProxy : Unknown descriptor: 
03-29 09:36:57.881  4006  4006 E ChimeraSrvcProxy: Proxy without impl dropping onStart()
03-29 09:36:57.882  4006  4006 E ChimeraSrvcProxy: Proxy without impl failing onBind()
03-29 09:36:57.884  4006  4006 E ChimeraSrvcProxy: Proxy without impl dropping onStart()
03-29 09:36:57.887  4006  4006 E ChimeraSrvcProxy: Proxy without impl failing onBind()
03-29 09:36:57.888  4006  4006 E ChimeraSrvcProxy: Proxy without impl dropping onStart()
03-29 09:36:57.891  4005  4042 E libbinder.IPCThreadState: Binder transaction failure. id: 988074, cmd: BR_FAILED_REPLY (29201), error: -28 (No space left on device - Binder buffer full. Too many or too large transactions.)
03-29 09:36:57.891  4005  4042 E JavaBinder: !!! FAILED BINDER TRANSACTION !!!  (parcel size = 1280)
03-29 09:36:57.892  4006  4006 E ChimeraSrvcProxy: Proxy without impl failing onBind()
03-29 09:36:57.968  4004  4095 E EmojiSlicingStrategy: EmojiSlicingStrategy.getSlices():88 getSlices() : Received null or empty userEnabledLocales.
03-29 09:36:57.969  4004  4095 E EmojiSlicingStrategy: EmojiSlicingStrategy.getSlices():88 getSlices() : Received null or empty userEnabledLocales.
03-29 09:36:57.972  4004  4004 E GoogleInputMethodService: GoogleInputMethodService.getAppEditorInfo():1891 App EditorInfo should never be null.
03-29 09:36:58.079  4006  4006 E ChimeraSrvcProxy: Proxy without impl failing onBind()
03-29 09:36:58.085  4006  4006 E ChimeraSrvcProxy: Proxy without impl failing onBind()
03-29 09:36:58.093  4004  4098 E libbinder.IPCThreadState: Binder transaction failure. id: 988453, cmd: BR_FAILED_REPLY (29201), error: -28 (No space left on device - Binder buffer full. Too many or too large transactions.)
03-29 09:36:58.093  4004  4098 E JavaBinder: !!! FAILED BINDER TRANSACTION !!!  (parcel size = 1308)
03-29 09:36:58.098  4004  4098 E libbinder.IPCThreadState: Binder transaction failure. id: 988485, cmd: BR_FAILED_REPLY (29201), error: -28 (No space left on device - Binder buffer full. Too many or too large transactions.)
03-29 09:36:58.099  4004  4098 E JavaBinder: !!! FAILED BINDER TRANSACTION !!!  (parcel size = 716)
03-29 09:36:58.103  4004  4098 E libbinder.IPCThreadState: Binder transaction failure. id: 988493, cmd: BR_FAILED_REPLY (29201), error: -28 (No space left on device - Binder buffer full. Too many or too large transactions.)
03-29 09:36:58.105  4004  4098 E JavaBinder: !!! FAILED BINDER TRANSACTION !!!  (parcel size = 524)
03-29 09:36:58.109  4004  4098 E libbinder.IPCThreadState: Binder transaction failure. id: 988514, cmd: BR_FAILED_REPLY (29201), error: -28 (No space left on device - Binder buffer full. Too many or too large transactions.)
03-29 09:36:58.109  4004  4098 E JavaBinder: !!! FAILED BINDER TRANSACTION !!!  (parcel size = 984)
03-29 09:36:58.249  4006  4006 E ChimeraSrvcProxy: Proxy without impl failing onBind()
03-29 09:36:58.258  4004  4098 E libbinder.IPCThreadState: Binder transaction failure. id: 988925, cmd: BR_FAILED_REPLY (29201), error: -28 (No space left on device - Binder buffer full. Too many or too large transactions.)
03-29 09:36:58.258  4004  4098 E JavaBinder: !!! FAILED BINDER TRANSACTION !!!  (parcel size = 636)
03-29 09:36:58.296  4006  4035 E ChimeraPrvdrProxy: Provider proxy missing implementation
03-29 09:36:58.298  4128  4174 E Finsky  : [59] Unexpected android-id = 0
03-29 09:36:58.299  4004  4071 E HandwritingSuperpacksUtil: HandwritingSuperpacksUtil.getPackMappingPackName():42 No pack mapping pack found in []
03-29 09:36:58.350  4006  4006 E ChimeraSrvcProxy: Proxy without impl failing onBind()
03-29 09:36:58.362  4128  4187 E libbinder.IPCThreadState: Binder transaction failure. id: 989463, cmd: BR_FAILED_REPLY (29201), error: -28 (No space left on device - Binder buffer full. Too many or too large transactions.)
03-29 09:36:58.367  4128  4187 E JavaBinder: !!! FAILED BINDER TRANSACTION !!!  (parcel size = 408)
03-29 09:36:58.374  4128  4187 E libbinder.IPCThreadState: Binder transaction failure. id: 989528, cmd: BR_FAILED_REPLY (29201), error: -28 (No space left on device - Binder buffer full. Too many or too large transactions.)
03-29 09:36:58.374  4128  4187 E JavaBinder: !!! FAILED BINDER TRANSACTION !!!  (parcel size = 1272)
03-29 09:36:58.543  4005  4005 E tflite  : third_party/tensorflow/lite/core/subgraph.cc:1083 tensor.data.raw != nullptr was not true.
03-29 09:36:58.582  4005  4005 E native  : E0000 00:00:1774757218.582587    4005 re2.cc:250] Error parsing '^|[^\p{Letter}\\]': invalid character class range: \p{Letter}
03-29 09:36:58.582  4005  4005 E native  : E0000 00:00:1774757218.582742    4005 replacement_rule.cc:40] Invalid context regexp: invalid character class range: \p{Letter}
03-29 09:36:58.582  4005  4005 E native  : E0000 00:00:1774757218.582764    4005 replacement_rule.cc:151] Error creating replacement rule.
03-29 09:36:58.582  4005  4005 E native  : E0000 00:00:1774757218.582768    4005 regexp_rewriter.cc:34] Error creating rule MessageLite at 0x79c88c863af0.
03-29 09:36:58.606  4004  4064 E HandwritingSuperpacksUtil: HandwritingSuperpacksUtil.getPackMappingPackName():42 No pack mapping pack found in []
03-29 09:36:58.730  4004  4124 E MDDTaskScheduler: MDDTaskScheduler.scheduleDownload():191 work Data {charging : false, mdd_task_tag : download, network : false} scheduled
03-29 09:36:58.954   657   657 E libbinder.IPCThreadState: Binder transaction failure. id: 989858, cmd: BR_DEAD_REPLY (29189), error: -22 (Invalid argument)
03-29 09:36:58.958  4005  4042 E libbinder.IPCThreadState: Binder transaction failure. id: 989865, cmd: BR_FAILED_REPLY (29201), error: -28 (No space left on device - Binder buffer full. Too many or too large transactions.)
03-29 09:36:58.958  4005  4042 E JavaBinder: !!! FAILED BINDER TRANSACTION !!!  (parcel size = 496)
03-29 09:36:58.960  4005  4042 E libbinder.IPCThreadState: Binder transaction failure. id: 989885, cmd: BR_FAILED_REPLY (29201), error: -28 (No space left on device - Binder buffer full. Too many or too large transactions.)
03-29 09:36:58.960  4005  4042 E JavaBinder: !!! FAILED BINDER TRANSACTION !!!  (parcel size = 1280)
03-29 09:36:59.300  4205  4222 E libbinder.IPCThreadState: Binder transaction failure. id: 990074, cmd: BR_FAILED_REPLY (29201), error: -28 (No space left on device - Binder buffer full. Too many or too large transactions.)
03-29 09:36:59.300  4205  4222 E JavaBinder: !!! FAILED BINDER TRANSACTION !!!  (parcel size = 1280)
03-29 09:36:59.302  4205  4222 E libbinder.IPCThreadState: Binder transaction failure. id: 990080, cmd: BR_FAILED_REPLY (29201), error: -28 (No space left on device - Binder buffer full. Too many or too large transactions.)
03-29 09:36:59.302  4205  4222 E JavaBinder: !!! FAILED BINDER TRANSACTION !!!  (parcel size = 1280)
03-29 09:36:59.308  4205  4222 E libbinder.IPCThreadState: Binder transaction failure. id: 990084, cmd: BR_FAILED_REPLY (29201), error: -28 (No space left on device - Binder buffer full. Too many or too large transactions.)
03-29 09:36:59.308  4205  4222 E JavaBinder: !!! FAILED BINDER TRANSACTION !!!  (parcel size = 1280)
03-29 09:36:59.318  4205  4222 E libbinder.IPCThreadState: Binder transaction failure. id: 990121, cmd: BR_FAILED_REPLY (29201), error: -28 (No space left on device - Binder buffer full. Too many or too large transactions.)
03-29 09:36:59.319  4205  4222 E JavaBinder: !!! FAILED BINDER TRANSACTION !!!  (parcel size = 1280)
03-29 09:36:59.320  4006  4006 E ChimeraSrvcProxy: Proxy without impl failing onBind()
03-29 09:36:59.322  4006  4006 E ChimeraSrvcProxy: Proxy without impl failing onBind()
03-29 09:36:59.323  4006  4006 E ChimeraSrvcProxy: Proxy without impl failing onBind()
03-29 09:36:59.325  4205  4222 E libbinder.IPCThreadState: Binder transaction failure. id: 990201, cmd: BR_FAILED_REPLY (29201), error: -28 (No space left on device - Binder buffer full. Too many or too large transactions.)
03-29 09:36:59.325  4205  4222 E JavaBinder: !!! FAILED BINDER TRANSACTION !!!  (parcel size = 540)
03-29 09:36:59.328  4205  4222 E libbinder.IPCThreadState: Binder transaction failure. id: 990491, cmd: BR_FAILED_REPLY (29201), error: -28 (No space left on device - Binder buffer full. Too many or too large transactions.)
03-29 09:36:59.328  4205  4222 E JavaBinder: !!! FAILED BINDER TRANSACTION !!!  (parcel size = 1000)
03-29 09:36:59.333  4205  4233 E libbinder.IPCThreadState: Binder transaction failure. id: 990528, cmd: BR_FAILED_REPLY (29201), error: -28 (No space left on device - Binder buffer full. Too many or too large transactions.)
03-29 09:36:59.333  4205  4233 E JavaBinder: !!! FAILED BINDER TRANSACTION !!!  (parcel size = 104)
03-29 09:36:59.342  4006  4006 E ChimeraSrvcProxy: Proxy without impl failing onBind()
03-29 09:36:59.346  4205  4222 E libbinder.IPCThreadState: Binder transaction failure. id: 990659, cmd: BR_FAILED_REPLY (29201), error: -28 (No space left on device - Binder buffer full. Too many or too large transactions.)
03-29 09:36:59.346  4205  4222 E JavaBinder: !!! FAILED BINDER TRANSACTION !!!  (parcel size = 3488)
03-29 09:36:59.477  4006  4006 E ChimeraSrvcProxy: Proxy without impl failing onBind()
03-29 09:36:59.478  4006  4006 E ChimeraSrvcProxy: Proxy without impl failing onBind()
03-29 09:36:59.481  4205  4222 E libbinder.IPCThreadState: Binder transaction failure. id: 991185, cmd: BR_FAILED_REPLY (29201), error: -28 (No space left on device - Binder buffer full. Too many or too large transactions.)
03-29 09:36:59.481  4205  4222 E JavaBinder: !!! FAILED BINDER TRANSACTION !!!  (parcel size = 1280)
03-29 09:36:59.484  4006  4006 E ChimeraSrvcProxy: Proxy without impl failing onBind()
03-29 09:36:59.485  4205  4222 E libbinder.IPCThreadState: Binder transaction failure. id: 991212, cmd: BR_FAILED_REPLY (29201), error: -28 (No space left on device - Binder buffer full. Too many or too large transactions.)
03-29 09:36:59.486  4205  4222 E JavaBinder: !!! FAILED BINDER TRANSACTION !!!  (parcel size = 536)
03-29 09:36:59.489  4205  4222 E libbinder.IPCThreadState: Binder transaction failure. id: 991222, cmd: BR_FAILED_REPLY (29201), error: -28 (No space left on device - Binder buffer full. Too many or too large transactions.)
03-29 09:36:59.489  4205  4222 E JavaBinder: !!! FAILED BINDER TRANSACTION !!!  (parcel size = 3844)
03-29 09:36:59.492  4205  4222 E libbinder.IPCThreadState: Binder transaction failure. id: 991228, cmd: BR_FAILED_REPLY (29201), error: -28 (No space left on device - Binder buffer full. Too many or too large transactions.)
03-29 09:36:59.492  4205  4222 E JavaBinder: !!! FAILED BINDER TRANSACTION !!!  (parcel size = 468)
03-29 09:36:59.494  4205  4222 E libbinder.IPCThreadState: Binder transaction failure. id: 991234, cmd: BR_FAILED_REPLY (29201), error: -28 (No space left on device - Binder buffer full. Too many or too large transactions.)
03-29 09:36:59.495  4205  4222 E JavaBinder: !!! FAILED BINDER TRANSACTION !!!  (parcel size = 1280)
03-29 09:36:59.500  4205  4222 E libbinder.IPCThreadState: Binder transaction failure. id: 991239, cmd: BR_FAILED_REPLY (29201), error: -28 (No space left on device - Binder buffer full. Too many or too large transactions.)
03-29 09:36:59.500  4205  4222 E JavaBinder: !!! FAILED BINDER TRANSACTION !!!  (parcel size = 1620)
03-29 09:36:59.504  4006  4006 E ChimeraSrvcProxy: Proxy without impl failing onBind()
03-29 09:36:59.508  4205  4222 E libbinder.IPCThreadState: Binder transaction failure. id: 991289, cmd: BR_FAILED_REPLY (29201), error: -28 (No space left on device - Binder buffer full. Too many or too large transactions.)
03-29 09:36:59.508  4205  4222 E JavaBinder: !!! FAILED BINDER TRANSACTION !!!  (parcel size = 3844)
03-29 09:36:59.509  4205  4222 E libbinder.IPCThreadState: Binder transaction failure. id: 991293, cmd: BR_FAILED_REPLY (29201), error: -28 (No space left on device - Binder buffer full. Too many or too large transactions.)
03-29 09:36:59.509  4205  4222 E JavaBinder: !!! FAILED BINDER TRANSACTION !!!  (parcel size = 580)
03-29 09:36:59.513  4205  4222 E libbinder.IPCThreadState: Binder transaction failure. id: 991306, cmd: BR_FAILED_REPLY (29201), error: -28 (No space left on device - Binder buffer full. Too many or too large transactions.)
03-29 09:36:59.513  4205  4222 E JavaBinder: !!! FAILED BINDER TRANSACTION !!!  (parcel size = 1040)
03-29 09:36:59.514  4205  4222 E libbinder.IPCThreadState: Binder transaction failure. id: 991314, cmd: BR_FAILED_REPLY (29201), error: -28 (No space left on device - Binder buffer full. Too many or too large transactions.)
03-29 09:36:59.514  4205  4222 E JavaBinder: !!! FAILED BINDER TRANSACTION !!!  (parcel size = 996)
03-29 09:36:59.516  4205  4222 E libbinder.IPCThreadState: Binder transaction failure. id: 991324, cmd: BR_FAILED_REPLY (29201), error: -28 (No space left on device - Binder buffer full. Too many or too large transactions.)
03-29 09:36:59.516  4205  4222 E JavaBinder: !!! FAILED BINDER TRANSACTION !!!  (parcel size = 1280)
03-29 09:36:59.521  4205  4222 E libbinder.IPCThreadState: Binder transaction failure. id: 991342, cmd: BR_FAILED_REPLY (29201), error: -28 (No space left on device - Binder buffer full. Too many or too large transactions.)
03-29 09:36:59.521  4205  4222 E JavaBinder: !!! FAILED BINDER TRANSACTION !!!  (parcel size = 2004)
03-29 09:36:59.522  4006  4006 E ChimeraSrvcProxy: Proxy without impl failing onBind()
03-29 09:36:59.524  4205  4222 E libbinder.IPCThreadState: Binder transaction failure. id: 991374, cmd: BR_FAILED_REPLY (29201), error: -28 (No space left on device - Binder buffer full. Too many or too large transactions.)
03-29 09:36:59.524  4205  4222 E JavaBinder: !!! FAILED BINDER TRANSACTION !!!  (parcel size = 1280)
03-29 09:36:59.525  4205  4222 E libbinder.IPCThreadState: Binder transaction failure. id: 991385, cmd: BR_FAILED_REPLY (29201), error: -28 (No space left on device - Binder buffer full. Too many or too large transactions.)
03-29 09:36:59.525  4205  4222 E JavaBinder: !!! FAILED BINDER TRANSACTION !!!  (parcel size = 600)
03-29 09:36:59.530  4205  4222 E libbinder.IPCThreadState: Binder transaction failure. id: 991426, cmd: BR_FAILED_REPLY (29201), error: -28 (No space left on device - Binder buffer full. Too many or too large transactions.)
03-29 09:36:59.530  4205  4222 E JavaBinder: !!! FAILED BINDER TRANSACTION !!!  (parcel size = 1280)
03-29 09:36:59.532  4205  4222 E libbinder.IPCThreadState: Binder transaction failure. id: 991433, cmd: BR_FAILED_REPLY (29201), error: -28 (No space left on device - Binder buffer full. Too many or too large transactions.)
03-29 09:36:59.532  4205  4222 E JavaBinder: !!! FAILED BINDER TRANSACTION !!!  (parcel size = 580)
03-29 09:36:59.532  4205  4234 E native_loader: Java_hotLoad not found!
03-29 09:36:59.532  4205  4234 E NativeHotLoader: Failed to hotload library '/data/app/~~NtMc2rapRZF-BQgHq1uAmQ==/com.google.android.gms-l3rrxv2WixRnr1Jv49yiZA==/base.apk!/lib/x86_64/libgmscore.so'. [CONTEXT service_id=447 ]
03-29 09:36:59.533  4205  4222 E libbinder.IPCThreadState: Binder transaction failure. id: 991437, cmd: BR_FAILED_REPLY (29201), error: -28 (No space left on device - Binder buffer full. Too many or too large transactions.)
03-29 09:36:59.533  4205  4222 E JavaBinder: !!! FAILED BINDER TRANSACTION !!!  (parcel size = 1040)
03-29 09:36:59.538  4006  4006 E ChimeraSrvcProxy: Proxy without impl dropping onStart()
03-29 09:36:59.540  4006  4006 E ChimeraSrvcProxy: Proxy without impl dropping onStart()
03-29 09:36:59.543  4006  4006 E ChimeraSrvcProxy: Proxy without impl dropping onStart()
03-29 09:36:59.543  4205  4222 E libbinder.IPCThreadState: Binder transaction failure. id: 991515, cmd: BR_FAILED_REPLY (29201), error: -28 (No space left on device - Binder buffer full. Too many or too large transactions.)
03-29 09:36:59.543  4205  4222 E JavaBinder: !!! FAILED BINDER TRANSACTION !!!  (parcel size = 1280)
03-29 09:36:59.544  4006  4006 E ChimeraSrvcProxy: Proxy without impl dropping onStart()
03-29 09:36:59.546  4205  4222 E libbinder.IPCThreadState: Binder transaction failure. id: 991534, cmd: BR_FAILED_REPLY (29201), error: -28 (No space left on device - Binder buffer full. Too many or too large transactions.)
03-29 09:36:59.546  4205  4222 E JavaBinder: !!! FAILED BINDER TRANSACTION !!!  (parcel size = 1348)
03-29 09:36:59.551  4205  4222 E libbinder.IPCThreadState: Binder transaction failure. id: 991565, cmd: BR_FAILED_REPLY (29201), error: -28 (No space left on device - Binder buffer full. Too many or too large transactions.)
03-29 09:36:59.551  4205  4222 E JavaBinder: !!! FAILED BINDER TRANSACTION !!!  (parcel size = 1280)
03-29 09:36:59.556  4205  4222 E libbinder.IPCThreadState: Binder transaction failure. id: 991595, cmd: BR_FAILED_REPLY (29201), error: -28 (No space left on device - Binder buffer full. Too many or too large transactions.)
03-29 09:36:59.556  4205  4222 E JavaBinder: !!! FAILED BINDER TRANSACTION !!!  (parcel size = 1364)
03-29 09:36:59.558  4006  4006 E ChimeraSrvcProxy: Proxy without impl failing onBind()
03-29 09:36:59.560  4205  4222 E libbinder.IPCThreadState: Binder transaction failure. id: 991623, cmd: BR_FAILED_REPLY (29201), error: -28 (No space left on device - Binder buffer full. Too many or too large transactions.)
03-29 09:36:59.560  4205  4222 E JavaBinder: !!! FAILED BINDER TRANSACTION !!!  (parcel size = 1280)
03-29 09:36:59.561  4205  4222 E libbinder.IPCThreadState: Binder transaction failure. id: 991627, cmd: BR_FAILED_REPLY (29201), error: -28 (No space left on device - Binder buffer full. Too many or too large transactions.)
03-29 09:36:59.561  4205  4222 E JavaBinder: !!! FAILED BINDER TRANSACTION !!!  (parcel size = 776)
03-29 09:36:59.566  4205  4222 E libbinder.IPCThreadState: Binder transaction failure. id: 991641, cmd: BR_FAILED_REPLY (29201), error: -28 (No space left on device - Binder buffer full. Too many or too large transactions.)
03-29 09:36:59.566  4205  4222 E JavaBinder: !!! FAILED BINDER TRANSACTION !!!  (parcel size = 1348)
03-29 09:36:59.569  4205  4222 E libbinder.IPCThreadState: Binder transaction failure. id: 991668, cmd: BR_FAILED_REPLY (29201), error: -28 (No space left on device - Binder buffer full. Too many or too large transactions.)
03-29 09:36:59.569  4205  4222 E JavaBinder: !!! FAILED BINDER TRANSACTION !!!  (parcel size = 1280)
03-29 09:36:59.573  4006  4006 E ChimeraSrvcProxy: Proxy without impl dropping onStart()
03-29 09:36:59.575  4006  4006 E ChimeraSrvcProxy: Proxy without impl dropping onStart()
03-29 09:36:59.576  4205  4222 E libbinder.IPCThreadState: Binder transaction failure. id: 991677, cmd: BR_FAILED_REPLY (29201), error: -28 (No space left on device - Binder buffer full. Too many or too large transactions.)
03-29 09:36:59.576  4205  4222 E JavaBinder: !!! FAILED BINDER TRANSACTION !!!  (parcel size = 1280)
03-29 09:36:59.578  4205  4222 E libbinder.IPCThreadState: Binder transaction failure. id: 991730, cmd: BR_FAILED_REPLY (29201), error: -28 (No space left on device - Binder buffer full. Too many or too large transactions.)
03-29 09:36:59.578  4205  4222 E JavaBinder: !!! FAILED BINDER TRANSACTION !!!  (parcel size = 792)
03-29 09:36:59.580  4205  4222 E libbinder.IPCThreadState: Binder transaction failure. id: 991736, cmd: BR_FAILED_REPLY (29201), error: -28 (No space left on device - Binder buffer full. Too many or too large transactions.)
03-29 09:36:59.580  4205  4222 E JavaBinder: !!! FAILED BINDER TRANSACTION !!!  (parcel size = 756)
03-29 09:36:59.581  4006  4029 E ChimeraPrvdrProxy: Provider proxy missing implementation
03-29 09:36:59.582  4006  4035 E ChimeraPrvdrProxy: Provider proxy missing implementation
03-29 09:36:59.583  4205  4222 E libbinder.IPCThreadState: Binder transaction failure. id: 991767, cmd: BR_FAILED_REPLY (29201), error: -28 (No space left on device - Binder buffer full. Too many or too large transactions.)
03-29 09:36:59.583  4205  4222 E JavaBinder: !!! FAILED BINDER TRANSACTION !!!  (parcel size = 1660)
03-29 09:36:59.584  4205  4259 E Auth    : [GoogleAuthUtil] RemoteException when fetching accounts
03-29 09:36:59.584  4205  4259 E Auth    : android.os.RemoteException: Null result from AccountChimeraContentProvider
03-29 09:36:59.584  4205  4259 E Auth    : 	at agid.n(:com.google.android.gms@261133038@26.11.33 (260800-887465546):124)
03-29 09:36:59.584  4205  4259 E Auth    : 	at ckss.c(:com.google.android.gms@261133038@26.11.33 (260800-887465546):53)
03-29 09:36:59.584  4205  4259 E Auth    : 	at ckss.g(:com.google.android.gms@261133038@26.11.33 (260800-887465546):62)
03-29 09:36:59.584  4205  4259 E Auth    : 	at cksq.b(:com.google.android.gms@261133038@26.11.33 (260800-887465546):16)
03-29 09:36:59.584  4205  4259 E Auth    : 	at jnxr.w(:com.google.android.gms@261133038@26.11.33 (260800-887465546):11)
03-29 09:36:59.584  4205  4259 E Auth    : 	at jojh.run(:com.google.android.gms@261133038@26.11.33 (260800-887465546):112)
03-29 09:36:59.584  4205  4259 E Auth    : 	at bikh.c(:com.google.android.gms@261133038@26.11.33 (260800-887465546):50)
03-29 09:36:59.584  4205  4259 E Auth    : 	at bikh.run(:com.google.android.gms@261133038@26.11.33 (260800-887465546):73)
03-29 09:36:59.584  4205  4259 E Auth    : 	at java.util.concurrent.ThreadPoolExecutor.runWorker(ThreadPoolExecutor.java:1100)
03-29 09:36:59.584  4205  4259 E Auth    : 	at java.util.concurrent.ThreadPoolExecutor$Worker.run(ThreadPoolExecutor.java:624)
03-29 09:36:59.584  4205  4259 E Auth    : 	at bipy.run(:com.google.android.gms@261133038@26.11.33 (260800-887465546):8)
03-29 09:36:59.584  4205  4259 E Auth    : 	at java.lang.Thread.run(Thread.java:1572)
03-29 09:36:59.586  4205  4222 E libbinder.IPCThreadState: Binder transaction failure. id: 991779, cmd: BR_FAILED_REPLY (29201), error: -28 (No space left on device - Binder buffer full. Too many or too large transactions.)
03-29 09:36:59.586  4205  4222 E JavaBinder: !!! FAILED BINDER TRANSACTION !!!  (parcel size = 1280)
03-29 09:36:59.588  4006  4029 E ChimeraPrvdrProxy: Provider proxy missing implementation
03-29 09:36:59.590  4205  4222 E libbinder.IPCThreadState: Binder transaction failure. id: 991803, cmd: BR_FAILED_REPLY (29201), error: -28 (No space left on device - Binder buffer full. Too many or too large transactions.)
03-29 09:36:59.590  4205  4222 E JavaBinder: !!! FAILED BINDER TRANSACTION !!!  (parcel size = 1280)
03-29 09:36:59.591  4205  4243 E AdIdInitializer: Error determining AdId state from supervision library. [CONTEXT service_id=95 ]
03-29 09:36:59.591  4205  4243 E AdIdInitializer: java.util.concurrent.ExecutionException: android.os.RemoteException: Null result from AccountChimeraContentProvider
03-29 09:36:59.591  4205  4243 E AdIdInitializer: 	at hggl.j(:com.google.android.gms@261133038@26.11.33 (260800-887465546):21)
03-29 09:36:59.591  4205  4243 E AdIdInitializer: 	at hggu.u(:com.google.android.gms@261133038@26.11.33 (260800-887465546):71)
03-29 09:36:59.591  4205  4243 E AdIdInitializer: 	at jowb.get(:com.google.android.gms@261133038@26.11.33 (260800-887465546):3)
03-29 09:36:59.591  4205  4243 E AdIdInitializer: 	at aejy.b(:com.google.android.gms@261133038@26.11.33 (260800-887465546):8)
03-29 09:36:59.591  4205  4243 E AdIdInitializer: 	at aejy.a(:com.google.android.gms@261133038@26.11.33 (260800-887465546):21)
03-29 09:36:59.591  4205  4243 E AdIdInitializer: 	at aejy.c(:com.google.android.gms@261133038@26.11.33 (260800-887465546):178)
03-29 09:36:59.591  4205  4243 E AdIdInitializer: 	at com.google.android.gms.adid.init.ModuleInitializer.gw(:com.google.android.gms@261133038@26.11.33 (260800-887465546):8)
03-29 09:36:59.591  4205  4243 E AdIdInitializer: 	at bbyy.onHandleIntent(:com.google.android.gms@261133038@26.11.33 (260800-887465546):88)
03-29 09:36:59.591  4205  4243 E AdIdInitializer: 	at com.google.android.gms.adid.init.ModuleInitializer.onHandleIntent(:com.google.android.gms@261133038@26.11.33 (260800-887465546):7)
03-29 09:36:59.591  4205  4243 E AdIdInitializer: 	at com.google.android.chimera.IntentOperation.onHandleIntent(:com.google.android.gms@261133038@26.11.33 (260800-887465546):1)
03-29 09:36:59.591  4205  4243 E AdIdInitializer: 	at bcff.onHandleIntent(:com.google.android.gms@261133038@26.11.33 (260800-887465546):84)
03-29 09:36:59.591  4205  4243 E AdIdInitializer: 	at aaur.run(:com.google.android.gms@261133038@26.11.33 (260800-887465546):64)
03-29 09:36:59.591  4205  4243 E AdIdInitializer: 	at aauq.run(:com.google.android.gms@261133038@26.11.33 (260800-887465546):132)
03-29 09:36:59.591  4205  4243 E AdIdInitializer: 	at gxmc.run(:com.google.android.gms@261133038@26.11.33 (260800-887465546):19)
03-29 09:36:59.591  4205  4243 E AdIdInitializer: 	at java.util.concurrent.ThreadPoolExecutor.runWorker(ThreadPoolExecutor.java:1100)
03-29 09:36:59.591  4205  4243 E AdIdInitializer: 	at java.util.concurrent.ThreadPoolExecutor$Worker.run(ThreadPoolExecutor.java:624)
03-29 09:36:59.591  4205  4243 E AdIdInitializer: 	at java.lang.Thread.run(Thread.java:1572)
03-29 09:36:59.591  4205  4243 E AdIdInitializer: Caused by: android.os.RemoteException: Null result from AccountChimeraContentProvider
03-29 09:36:59.591  4205  4243 E AdIdInitializer: 	at agid.n(:com.google.android.gms@261133038@26.11.33 (260800-887465546):124)
03-29 09:36:59.591  4205  4243 E AdIdInitializer: 	at ckss.c(:com.google.android.gms@261133038@26.11.33 (260800-887465546):53)
03-29 09:36:59.591  4205  4243 E AdIdInitializer: 	at ckss.g(:com.google.android.gms@261133038@26.11.33 (260800-887465546):62)
03-29 09:36:59.591  4205  4243 E AdIdInitializer: 	at cksq.b(:com.google.android.gms@261133038@26.11.33 (260800-887465546):16)
03-29 09:36:59.591  4205  4243 E AdIdInitializer: 	at jnxr.w(:com.google.android.gms@261133038@26.11.33 (260800-887465546):11)
03-29 09:36:59.591  4205  4243 E AdIdInitializer: 	at jojh.run(:com.google.android.gms@261133038@26.11.33 (260800-887465546):112)
03-29 09:36:59.591  4205  4243 E AdIdInitializer: 	at bikh.c(:com.google.android.gms@261133038@26.11.33 (260800-887465546):50)
03-29 09:36:59.591  4205  4243 E AdIdInitializer: 	at bikh.run(:com.google.android.gms@261133038@26.11.33 (260800-887465546):73)
03-29 09:36:59.591  4205  4243 E AdIdInitializer: 	at java.util.concurrent.ThreadPoolExecutor.runWorker(ThreadPoolExecutor.java:1100)
03-29 09:36:59.591  4205  4243 E AdIdInitializer: 	at java.util.concurrent.ThreadPoolExecutor$Worker.run(ThreadPoolExecutor.java:624)
03-29 09:36:59.591  4205  4243 E AdIdInitializer: 	at bipy.run(:com.google.android.gms@261133038@26.11.33 (260800-887465546):8)
03-29 09:36:59.591  4205  4243 E AdIdInitializer: 	... 1 more
03-29 09:36:59.594  4006  4006 E ChimeraSrvcProxy: Proxy without impl dropping onStart()
03-29 09:36:59.596  4006  4006 E ChimeraSrvcProxy: Proxy without impl dropping onStart()
03-29 09:36:59.597  4006  4035 E ChimeraPrvdrProxy: Provider proxy missing implementation
