03-29 09:35:51.583 32027 32074 E Finsky  : [58] AU2: RequiredBatteryLevel is missing.
03-29 09:35:51.583 32027 32074 E Finsky  : [58] AU2: RequiredVehicleState is missing.
03-29 09:35:51.583 32027 32074 E Finsky  : [58] AU2: RequiredVehicleState is missing.
03-29 09:35:51.583 32027 32074 E Finsky  : [58] AU2: RequiredBatteryLevel is missing.
03-29 09:35:51.583 32027 32074 E Finsky  : [58] AU2: RequiredVehicleState is missing.
03-29 09:35:51.583 32027 32074 E Finsky  : [58] AU2: RequiredVehicleState is missing.
03-29 09:35:51.583 32027 32074 E Finsky  : [58] AU2: RequiredBatteryLevel is missing.
03-29 09:35:51.583 32027 32074 E Finsky  : [58] AU2: RequiredVehicleState is missing.
03-29 09:35:51.583 32027 32074 E Finsky  : [58] AU2: RequiredBatteryLevel is missing.
03-29 09:35:51.583 32027 32074 E Finsky  : [58] AU2: RequiredVehicleState is missing.
03-29 09:35:51.583 32027 32074 E Finsky  : [58] AU2: RequiredVehicleState is missing.
03-29 09:35:51.584 32027 32074 E Finsky  : [58] AU2: RequiredInteractivityState is missing.
03-29 09:35:51.584 32027 32074 E Finsky  : [58] AU2: RequiredBatteryLevel is missing.
03-29 09:35:51.584 32027 32074 E Finsky  : [58] AU2: RequiredVehicleState is missing.
03-29 09:35:51.584 32027 32074 E Finsky  : [58] AU2: RequiredBatteryLevel is missing.
03-29 09:35:51.584 32027 32074 E Finsky  : [58] AU2: RequiredVehicleState is missing.
03-29 09:35:51.584 32027 32074 E Finsky  : [58] AU2: RequiredVehicleState is missing.
03-29 09:35:51.584 32027 32074 E Finsky  : [58] AU2: RequiredBatteryLevel is missing.
03-29 09:35:51.584 32027 32074 E Finsky  : [58] AU2: RequiredVehicleState is missing.
03-29 09:35:51.585 32027 32074 E Finsky  : [58] AU2: RequiredVehicleState is missing.
03-29 09:35:51.585 32027 32074 E Finsky  : [58] AU2: RequiredBatteryLevel is missing.
03-29 09:35:51.585 32027 32074 E Finsky  : [58] AU2: RequiredVehicleState is missing.
03-29 09:35:51.586 32027 32074 E Finsky  : [58] AU2: RequiredVehicleState is missing.
03-29 09:35:51.586 32027 32074 E Finsky  : [58] AU2: RequiredBatteryLevel is missing.
03-29 09:35:51.586 32027 32074 E Finsky  : [58] AU2: RequiredVehicleState is missing.
03-29 09:35:51.587 32027 32074 E Finsky  : [58] AU2: RequiredVehicleState is missing.
03-29 09:35:51.587 32027 32074 E Finsky  : [58] AU2: RequiredBatteryLevel is missing.
03-29 09:35:51.587 32027 32074 E Finsky  : [58] AU2: RequiredVehicleState is missing.
03-29 09:35:51.587 32027 32074 E Finsky  : [58] AU2: RequiredVehicleState is missing.
03-29 09:35:51.587 32027 32074 E Finsky  : [58] AU2: RequiredBatteryLevel is missing.
03-29 09:35:51.587 32027 32074 E Finsky  : [58] AU2: RequiredVehicleState is missing.
03-29 09:35:51.587 32027 32074 E Finsky  : [58] AU2: RequiredVehicleState is missing.
03-29 09:35:51.587 32027 32074 E Finsky  : [58] AU2: RequiredBatteryLevel is missing.
03-29 09:35:51.588 32027 32074 E Finsky  : [58] AU2: RequiredVehicleState is missing.
03-29 09:35:51.588 32027 32074 E Finsky  : [58] AU2: RequiredBatteryLevel is missing.
03-29 09:35:51.589 32027 32074 E Finsky  : [58] AU2: RequiredVehicleState is missing.
03-29 09:35:51.589 32027 32074 E Finsky  : [58] AU2: RequiredVehicleState is missing.
03-29 09:35:51.589 32027 32074 E Finsky  : [58] AU2: RequiredBatteryLevel is missing.
03-29 09:35:51.589 32027 32074 E Finsky  : [58] AU2: RequiredVehicleState is missing.
03-29 09:35:51.589 32027 32074 E Finsky  : [58] AU2: RequiredVehicleState is missing.
03-29 09:35:51.589 32027 32074 E Finsky  : [58] AU2: RequiredBatteryLevel is missing.
03-29 09:35:51.589 32027 32074 E Finsky  : [58] AU2: RequiredVehicleState is missing.
03-29 09:35:51.590 32027 32074 E Finsky  : [58] AU2: RequiredVehicleState is missing.
03-29 09:35:51.590 32027 32074 E Finsky  : [58] AU2: RequiredBatteryLevel is missing.
03-29 09:35:51.590 32027 32074 E Finsky  : [58] AU2: RequiredVehicleState is missing.
03-29 09:35:51.590 32027 32074 E Finsky  : [58] AU2: RequiredVehicleState is missing.
03-29 09:35:51.590 32027 32074 E Finsky  : [58] AU2: RequiredBatteryLevel is missing.
03-29 09:35:51.591 32027 32074 E Finsky  : [58] AU2: RequiredVehicleState is missing.
03-29 09:35:51.591 32027 32074 E Finsky  : [58] AU2: RequiredVehicleState is missing.
03-29 09:35:51.591 32027 32074 E Finsky  : [58] AU2: RequiredBatteryLevel is missing.
03-29 09:35:51.592 32027 32074 E Finsky  : [58] AU2: RequiredVehicleState is missing.
03-29 09:35:51.592 32027 32074 E Finsky  : [58] AU2: RequiredVehicleState is missing.
03-29 09:35:51.592 32027 32074 E Finsky  : [58] AU2: RequiredBatteryLevel is missing.
03-29 09:35:51.592 32027 32074 E Finsky  : [58] AU2: RequiredVehicleState is missing.
03-29 09:35:51.901 32027 32077 E Finsky  : [60] AU2: RequireGearheadProjectionOff is missing.
03-29 09:35:51.901 32027 32077 E Finsky  : [60] AU2: RequiredVehicleState is missing.
03-29 09:35:51.901 32027 32077 E Finsky  : [60] AU2: RequiredInteractivityState is missing.
03-29 09:35:51.901 32027 32077 E Finsky  : [60] AU2: RequiredBatteryLevel is missing.
03-29 09:35:51.901 32027 32077 E Finsky  : [60] AU2: RequireGearheadProjectionOff is missing.
03-29 09:35:51.901 32027 32077 E Finsky  : [60] AU2: RequiredVehicleState is missing.
03-29 09:35:51.901 32027 32077 E Finsky  : [60] AU2: RequiredBatteryLevel is missing.
03-29 09:35:52.108 32027 32077 E Finsky  : [60] [Counters] attempted to use a non-positive increment for: 4752
03-29 09:35:52.108 32027 32077 E Finsky  : [60] [Counters] attempted to use a non-positive increment for: 4753
03-29 09:35:52.782 32027 32080 E Finsky  : [61] ItemStore: getItems RPC failed for item com.android.vending
03-29 09:35:53.163 32027 32080 E Finsky  : [61] [Counters] attempted to use a non-positive increment for: 4752
03-29 09:35:53.164 32027 32080 E Finsky  : [61] [Counters] attempted to use a non-positive increment for: 4753
03-29 09:35:53.197 32027 32080 E Finsky  : [61] [Counters] attempted to use a non-positive increment for: 4751
03-29 09:35:53.232 32027 32077 E Finsky  : [60] [Counters] attempted to use a non-positive increment for: 4752
03-29 09:35:53.232 32027 32077 E Finsky  : [60] [Counters] attempted to use a non-positive increment for: 4753
03-29 09:35:53.264 32027 32080 E Finsky  : [61] [Counters] attempted to use a non-positive increment for: 4751
03-29 09:35:53.266 32027 32077 E Finsky  : [60] [Counters] attempted to use a non-positive increment for: 4752
03-29 09:35:53.266 32027 32077 E Finsky  : [60] [Counters] attempted to use a non-positive increment for: 4753
03-29 09:35:53.309 32027 32076 E Finsky  : [59] [Counters] attempted to use a non-positive increment for: 4751
03-29 09:35:53.325 32027 32074 E Finsky  : [58] [Counters] attempted to use a non-positive increment for: 4752
03-29 09:35:53.326 32027 32074 E Finsky  : [58] [Counters] attempted to use a non-positive increment for: 4753
03-29 09:35:53.353 32027 32074 E Finsky  : [58] [Counters] attempted to use a non-positive increment for: 4752
03-29 09:35:53.353 32027 32074 E Finsky  : [58] [Counters] attempted to use a non-positive increment for: 4753
03-29 09:35:53.366 32027 32076 E Finsky  : [59] [Counters] attempted to use a non-positive increment for: 4751
03-29 09:35:53.380 32027 32074 E Finsky  : [58] [Counters] attempted to use a non-positive increment for: 4752
03-29 09:35:53.380 32027 32077 E Finsky  : [60] [Counters] attempted to use a non-positive increment for: 4753
03-29 09:35:53.414 32027 32080 E Finsky  : [61] [Counters] attempted to use a non-positive increment for: 4751
03-29 09:35:53.426 32027 32080 E Finsky  : [61] [Counters] attempted to use a non-positive increment for: 4752
03-29 09:35:53.427 32027 32076 E Finsky  : [59] [Counters] attempted to use a non-positive increment for: 4753
03-29 09:35:53.435 32027 32074 E Finsky  : [58] [Counters] attempted to use a non-positive increment for: 4751
03-29 09:35:53.521 32027 32080 E Finsky  : [61] [Counters] attempted to use a non-positive increment for: 4751
03-29 09:35:53.522 32027 32074 E Finsky  : [58] [Counters] attempted to use a non-positive increment for: 4752
03-29 09:35:53.522 32027 32074 E Finsky  : [58] [Counters] attempted to use a non-positive increment for: 4753
03-29 09:35:53.527 32027 32077 E Finsky  : [60] [Counters] attempted to use a non-positive increment for: 4752
03-29 09:35:53.527 32027 32077 E Finsky  : [60] [Counters] attempted to use a non-positive increment for: 4753
03-29 09:35:53.548 32027 32077 E Finsky  : [60] [Counters] attempted to use a non-positive increment for: 4752
03-29 09:35:53.548 32027 32077 E Finsky  : [60] [Counters] attempted to use a non-positive increment for: 4753
03-29 09:35:53.569 32027 32074 E Finsky  : [58] [Counters] attempted to use a non-positive increment for: 4752
03-29 09:35:53.569 32027 32077 E Finsky  : [60] [Counters] attempted to use a non-positive increment for: 4753
03-29 09:35:53.592 32027 32076 E Finsky  : [59] [Counters] attempted to use a non-positive increment for: 4751
03-29 09:35:53.596 32027 32080 E Finsky  : [61] [Counters] attempted to use a non-positive increment for: 4751
03-29 09:35:53.604 32027 32077 E Finsky  : [60] [Counters] attempted to use a non-positive increment for: 4752
03-29 09:35:53.604 32027 32074 E Finsky  : [58] [Counters] attempted to use a non-positive increment for: 4753
03-29 09:35:53.618 32027 32077 E Finsky  : [60] [Counters] attempted to use a non-positive increment for: 4751
03-29 09:35:53.643 32027 32080 E Finsky  : [61] [Counters] attempted to use a non-positive increment for: 4751
03-29 09:35:53.662 32027 32074 E Finsky  : [58] [Counters] attempted to use a non-positive increment for: 4752
03-29 09:35:53.682 32027 32074 E Finsky  : [58] [Counters] attempted to use a non-positive increment for: 4753
03-29 09:35:53.688 32027 32080 E Finsky  : [61] [Counters] attempted to use a non-positive increment for: 4751
03-29 09:35:53.694 32027 32077 E Finsky  : [60] [Counters] attempted to use a non-positive increment for: 4752
03-29 09:35:53.694 32027 32077 E Finsky  : [60] [Counters] attempted to use a non-positive increment for: 4753
03-29 09:35:53.721 32027 32077 E Finsky  : [60] [Counters] attempted to use a non-positive increment for: 4751
03-29 09:35:53.750 32027 32080 E Finsky  : [61] [Counters] attempted to use a non-positive increment for: 4751
03-29 09:35:53.753 32027 32080 E Finsky  : [61] [Counters] attempted to use a non-positive increment for: 4752
03-29 09:35:53.753 32027 32080 E Finsky  : [61] [Counters] attempted to use a non-positive increment for: 4753
03-29 09:35:53.799 32027 32077 E Finsky  : [60] [Counters] attempted to use a non-positive increment for: 4752
03-29 09:35:53.799 32027 32080 E Finsky  : [61] [Counters] attempted to use a non-positive increment for: 4751
03-29 09:35:53.803 32027 32074 E Finsky  : [58] [Counters] attempted to use a non-positive increment for: 4753
03-29 09:35:53.855 32027 32076 E Finsky  : [59] [Counters] attempted to use a non-positive increment for: 4752
03-29 09:35:53.855 32027 32076 E Finsky  : [59] [Counters] attempted to use a non-positive increment for: 4753
03-29 09:35:53.900 32027 32076 E Finsky  : [59] [Counters] attempted to use a non-positive increment for: 4752
03-29 09:35:53.900 32027 32076 E Finsky  : [59] [Counters] attempted to use a non-positive increment for: 4753
03-29 09:35:53.955 32027 32076 E Finsky  : [59] [Counters] attempted to use a non-positive increment for: 4751
03-29 09:35:53.963 32027 32080 E Finsky  : [61] [Counters] attempted to use a non-positive increment for: 4751
03-29 09:35:53.963 32027 32080 E Finsky  : [61] [Counters] attempted to use a non-positive increment for: 4752
03-29 09:35:53.963 32027 32080 E Finsky  : [61] [Counters] attempted to use a non-positive increment for: 4753
03-29 09:35:54.079 32027 32080 E Finsky  : [61] [Counters] attempted to use a non-positive increment for: 4752
03-29 09:35:54.079 32027 32080 E Finsky  : [61] [Counters] attempted to use a non-positive increment for: 4752
03-29 09:35:54.080 32027 32080 E Finsky  : [61] [Counters] attempted to use a non-positive increment for: 4753
03-29 09:35:54.080 32027 32080 E Finsky  : [61] [Counters] attempted to use a non-positive increment for: 4753
03-29 09:35:54.090 32027 32076 E Finsky  : [59] [Counters] attempted to use a non-positive increment for: 4751
03-29 09:35:54.103 32027 32077 E Finsky  : [60] [Counters] attempted to use a non-positive increment for: 4751
03-29 09:35:54.106 32027 32080 E Finsky  : [61] [Counters] attempted to use a non-positive increment for: 4752
03-29 09:35:54.106 32027 32080 E Finsky  : [61] [Counters] attempted to use a non-positive increment for: 4753
03-29 09:35:54.106 32027 32080 E Finsky  : [61] [Counters] attempted to use a non-positive increment for: 4752
03-29 09:35:54.107 32027 32080 E Finsky  : [61] [Counters] attempted to use a non-positive increment for: 4753
03-29 09:35:54.117 32027 32077 E Finsky  : [60] [Counters] attempted to use a non-positive increment for: 4752
03-29 09:35:54.118 32027 32077 E Finsky  : [60] [Counters] attempted to use a non-positive increment for: 4753
03-29 09:35:54.129 32027 32080 E Finsky  : [61] [Counters] attempted to use a non-positive increment for: 4751
03-29 09:35:54.148 32027 32080 E Finsky  : [61] [Counters] attempted to use a non-positive increment for: 4751
03-29 09:35:54.156 32027 32080 E Finsky  : [61] [Counters] attempted to use a non-positive increment for: 4751
03-29 09:35:54.167 32027 32076 E Finsky  : [59] [Counters] attempted to use a non-positive increment for: 4751
03-29 09:35:54.244 32269 32578 E ActivityThread: Failed to find provider info for androidx.car.app.connection
03-29 09:35:54.326 32027 32074 E Finsky  : [58] ItemStore: getItems RPC failed for item com.google.android.partnersetup
03-29 09:36:02.951   657  1959 E SystemServiceRegistry: No service published for: persistent_data_block
03-29 09:36:02.951   657  1959 E SystemServiceRegistry: android.os.ServiceManager$ServiceNotFoundException: No service published for: persistent_data_block
03-29 09:36:02.951   657  1959 E SystemServiceRegistry: 	at android.os.ServiceManager.getServiceOrThrow(ServiceManager.java:176)
03-29 09:36:02.951   657  1959 E SystemServiceRegistry: 	at android.app.SystemServiceRegistry$90.createService(SystemServiceRegistry.java:1286)
03-29 09:36:02.951   657  1959 E SystemServiceRegistry: 	at android.app.SystemServiceRegistry$90.createService(SystemServiceRegistry.java:1283)
03-29 09:36:02.951   657  1959 E SystemServiceRegistry: 	at android.app.SystemServiceRegistry$StaticServiceFetcher.getService(SystemServiceRegistry.java:2847)
03-29 09:36:02.951   657  1959 E SystemServiceRegistry: 	at android.app.SystemServiceRegistry.getSystemService(SystemServiceRegistry.java:2285)
03-29 09:36:02.951   657  1959 E SystemServiceRegistry: 	at android.app.ContextImpl.getSystemService(ContextImpl.java:2448)
03-29 09:36:02.951   657  1959 E SystemServiceRegistry: 	at android.content.Context.getSystemService(Context.java:4917)
03-29 09:36:02.951   657  1959 E SystemServiceRegistry: 	at com.android.server.pm.PackageInstallerSession.markAsSealed(PackageInstallerSession.java:2595)
03-29 09:36:02.951   657  1959 E SystemServiceRegistry: 	at com.android.server.pm.PackageInstallerSession.commit(PackageInstallerSession.java:2345)
03-29 09:36:02.951   657  1959 E SystemServiceRegistry: 	at android.content.pm.IPackageInstallerSession$Stub.onTransact(IPackageInstallerSession.java:461)
03-29 09:36:02.951   657  1959 E SystemServiceRegistry: 	at android.os.Binder.execTransactInternal(Binder.java:1466)
03-29 09:36:02.951   657  1959 E SystemServiceRegistry: 	at android.os.Binder.execTransact(Binder.java:1411)
03-29 09:36:02.952   657  1959 E SystemServiceRegistry: Manager wrapper not available: persistent_data_block
03-29 09:36:10.640   302   307 E lowmemorykiller: process_mrelease 32385 failed: No such process
03-29 09:36:10.664   302   307 E lowmemorykiller: process_mrelease 31811 failed: No such process
03-29 09:36:10.682   657  1695 E AppOps  : Bad call made by uid 1000. Package "com.google.android.googlequicksearchbox" does not belong to uid 1000.
03-29 09:36:10.685   302   308 E lowmemorykiller: process_mrelease 32361 failed: No such process
03-29 09:36:10.743   302   308 E lowmemorykiller: process_mrelease 32508 failed: No such process
03-29 09:36:11.226   302   307 E lowmemorykiller: process_mrelease 32027 failed: No such process
03-29 09:36:11.257 32269 32304 E Finsky:background: [55] ISBGC: Received notify listeners error: package=com.google.android.gms.
03-29 09:36:11.257 32269 32304 E Finsky:background: io.grpc.StatusRuntimeException: UNAVAILABLE: Peer process crashed, exited or was killed (binderDied)
03-29 09:36:11.257 32269 32304 E Finsky:background: 	at bxki.eJ(PG:15)
03-29 09:36:11.257 32269 32304 E Finsky:background: 	at bwyr.h(PG:1)
03-29 09:36:11.257 32269 32304 E Finsky:background: 	at bwyo.a(PG:28)
03-29 09:36:11.257 32269 32304 E Finsky:background: 	at bwzf.run(PG:7)
03-29 09:36:11.257 32269 32304 E Finsky:background: 	at bxez.run(PG:12)
03-29 09:36:11.257 32269 32304 E Finsky:background: 	at java.util.concurrent.ThreadPoolExecutor.runWorker(ThreadPoolExecutor.java:1100)
03-29 09:36:11.257 32269 32304 E Finsky:background: 	at java.util.concurrent.ThreadPoolExecutor$Worker.run(ThreadPoolExecutor.java:624)
03-29 09:36:11.257 32269 32304 E Finsky:background: 	at trm.run(PG:613)
03-29 09:36:11.257 32269 32304 E Finsky:background: 	at java.lang.Thread.run(Thread.java:1572)
03-29 09:36:11.257 32269 32304 E Finsky:background: [55] ISBGC: Received notify listeners error: package=com.android.vending.
03-29 09:36:11.257 32269 32304 E Finsky:background: io.grpc.StatusRuntimeException: UNAVAILABLE: Peer process crashed, exited or was killed (binderDied)
03-29 09:36:11.257 32269 32304 E Finsky:background: 	at bxki.eJ(PG:15)
03-29 09:36:11.257 32269 32304 E Finsky:background: 	at bwyr.h(PG:1)
03-29 09:36:11.257 32269 32304 E Finsky:background: 	at bwyo.a(PG:28)
03-29 09:36:11.257 32269 32304 E Finsky:background: 	at bwzf.run(PG:7)
03-29 09:36:11.257 32269 32304 E Finsky:background: 	at bxez.run(PG:12)
03-29 09:36:11.257 32269 32304 E Finsky:background: 	at java.util.concurrent.ThreadPoolExecutor.runWorker(ThreadPoolExecutor.java:1100)
03-29 09:36:11.257 32269 32304 E Finsky:background: 	at java.util.concurrent.ThreadPoolExecutor$Worker.run(ThreadPoolExecutor.java:624)
03-29 09:36:11.257 32269 32304 E Finsky:background: 	at trm.run(PG:613)
03-29 09:36:11.257 32269 32304 E Finsky:background: 	at java.lang.Thread.run(Thread.java:1572)
03-29 09:36:11.562   657   657 E libbinder.IPCThreadState: Binder transaction failure. id: 901187, cmd: BR_DEAD_REPLY (29189), error: -22 (Invalid argument)
03-29 09:36:11.582   657   770 E InputDispatcher: channel 'stylus-handwriting-event-receiver-0' ~ Channel is unrecoverably broken and will be disposed!
03-29 09:36:11.785   657  1006 E Nl80211Native: getChannelsMhzForBand: Wiphy index not recorded for band 8
03-29 09:36:11.785   657  1006 E Nl80211Native: getChannelsMhzForBand: Wiphy index not recorded for band 16
03-29 09:36:11.896   657  1013 E AppOps  : attributionTag VCN not declared in manifest of android
03-29 09:36:11.902  1266  1266 E SmsApplication: com.google.android.apps.messaging lost android:read_cell_broadcasts:  (fixing)
03-29 09:36:11.944  1266  1266 E SmsApplication: com.google.android.apps.messaging lost android:read_cell_broadcasts:  (fixing)
03-29 09:36:11.975   657   737 E AtomicFile: Failed to rename /data/system/install_sessions.xml.new to /data/system/install_sessions.xml
03-29 09:36:11.993   657  1223 E RoleControllerServiceImpl: Default/fallback role holder package doesn't qualify for the role, package: com.google.android.gms.supervision, role: android.app.role.SYSTEM_SUPERVISION, user: 0
03-29 09:36:12.002  1266  1266 E SmsApplication: com.google.android.apps.messaging lost android:read_cell_broadcasts:  (fixing)
03-29 09:36:12.011   657  1223 E RoleControllerServiceImpl: Default/fallback role holder package doesn't qualify for the role, package: com.google.android.gms, role: android.app.role.SYSTEM_DEPENDENCY_INSTALLER, user: 0
03-29 09:36:12.022   657  1052 E system_server: No package ID 7f found for resource ID 0x7f0804d1.
03-29 09:36:12.023   657  1052 E system_server: No package ID 7f found for resource ID 0x7f140c14.
03-29 09:36:12.049   657  1223 E RoleControllerServiceImpl: Default/fallback role holder package doesn't qualify for the role, package: com.google.android.gms, role: android.app.role.WALLET, user: 0
03-29 09:36:12.112   657   685 E PackageManager: Optimistic bind failed.
03-29 09:36:12.112   657   685 E PackageManager: java.util.concurrent.TimeoutException: [Optimistic Bind] Didn't bind to resolver in time!
03-29 09:36:12.112   657   685 E PackageManager: 	at com.android.server.pm.InstantAppResolverConnection.waitForBindLocked(InstantAppResolverConnection.java:160)
03-29 09:36:12.112   657   685 E PackageManager: 	at com.android.server.pm.InstantAppResolverConnection.bind(InstantAppResolverConnection.java:230)
03-29 09:36:12.112   657   685 E PackageManager: 	at com.android.server.pm.InstantAppResolverConnection.lambda$optimisticBind$0(InstantAppResolverConnection.java:260)
03-29 09:36:12.112   657   685 E PackageManager: 	at com.android.server.pm.InstantAppResolverConnection.$r8$lambda$66W2s2mMKe4pk_xXCScH9RCqav8(InstantAppResolverConnection.java:0)
03-29 09:36:12.112   657   685 E PackageManager: 	at com.android.server.pm.InstantAppResolverConnection$$ExternalSyntheticLambda0.run(R8$$SyntheticClass:0)
03-29 09:36:12.112   657   685 E PackageManager: 	at android.os.Handler.handleCallback(Handler.java:1095)
03-29 09:36:12.112   657   685 E PackageManager: 	at android.os.Handler.dispatchMessageImpl(Handler.java:135)
03-29 09:36:12.112   657   685 E PackageManager: 	at android.os.Handler.dispatchMessage(Handler.java:125)
03-29 09:36:12.112   657   685 E PackageManager: 	at android.os.Looper.loopOnce(Looper.java:292)
03-29 09:36:12.112   657   685 E PackageManager: 	at android.os.Looper.loop(Looper.java:393)
03-29 09:36:12.112   657   685 E PackageManager: 	at android.os.HandlerThread.run(HandlerThread.java:139)
03-29 09:36:12.228   657   677 E libbinder.Parcel: Reading a NULL string not supported here.
03-29 09:36:12.228   657   677 E ARProxy : Unknown descriptor: 
03-29 09:36:12.231   424   424 E FeatureFlagsImplExport: android.os.flagging.AconfigStorageReadException: ERROR_PACKAGE_NOT_FOUND: package android.xr cannot be found on the device
03-29 09:36:12.305   302   307 E lowmemorykiller: process_mrelease 411 failed: No such process
03-29 09:36:12.894   387   387 E NetworkScheduler: Compat called without init
03-29 09:36:12.899   657   738 E AppOps  : attributionTag VCN not declared in manifest of android
03-29 09:36:12.928   866   866 E LibraryModuleRegistry: LibraryModuleRegistry.register():48 Module mobilebert_classifier_android_jni has already been registered to integrated_shared_object
03-29 09:36:13.070   387   787 E AbstractGmsTracer: Traced class shouldn't be obfuscated: dibo [CONTEXT service_id=259 ]
03-29 09:36:13.087   866   866 E GoogleInputMethodService: GoogleInputMethodService.getAppEditorInfo():1891 App EditorInfo should never be null.
03-29 09:36:13.099   866   971 E EmojiSlicingStrategy: EmojiSlicingStrategy.getSlices():88 getSlices() : Received null or empty userEnabledLocales.
03-29 09:36:13.110   866   971 E EmojiSlicingStrategy: EmojiSlicingStrategy.getSlices():88 getSlices() : Received null or empty userEnabledLocales.
03-29 09:36:13.122   657  1002 E WifiChipAidlImpl: getUsableChannels failed with service-specific exception: android.os.ServiceSpecificException:  (code 4)
03-29 09:36:13.548   866   866 E AbstractOpenableExtension: AbstractOpenableExtension$1.onFailure():144 failed to parse keyboard group def : 2132213998 -> 0_resource_name_obfuscated. 
03-29 09:36:13.548   866   866 E AbstractOpenableExtension: java.util.concurrent.CancellationException: Task was cancelled.
03-29 09:36:13.548   866   866 E AbstractOpenableExtension: 	at ufk.i(PG:33)
03-29 09:36:13.548   866   866 E AbstractOpenableExtension: 	at ufs.r(PG:24)
03-29 09:36:13.548   866   866 E AbstractOpenableExtension: 	at ufk.get(PG:1)
03-29 09:36:13.548   866   866 E AbstractOpenableExtension: 	at a.n(PG:2)
03-29 09:36:13.548   866   866 E AbstractOpenableExtension: 	at uhk.run(PG:92)
03-29 09:36:13.548   866   866 E AbstractOpenableExtension: 	at ugs.execute(PG:1)
03-29 09:36:13.548   866   866 E AbstractOpenableExtension: 	at ufk.g(PG:1)
03-29 09:36:13.548   866   866 E AbstractOpenableExtension: 	at ufk.l(PG:101)
03-29 09:36:13.548   866   866 E AbstractOpenableExtension: 	at ufk.cancel(PG:52)
03-29 09:36:13.548   866   866 E AbstractOpenableExtension: 	at ufk.n(PG:17)
03-29 09:36:13.548   866   866 E AbstractOpenableExtension: 	at ufw.c(PG:3)
03-29 09:36:13.548   866   866 E AbstractOpenableExtension: 	at ufk.l(PG:30)
03-29 09:36:13.548   866   866 E AbstractOpenableExtension: 	at ufk.cancel(PG:52)
03-29 09:36:13.548   866   866 E AbstractOpenableExtension: 	at fsm.e(PG:64)
03-29 09:36:13.548   866   866 E AbstractOpenableExtension: 	at fsm.N(PG:4)
03-29 09:36:13.548   866   866 E AbstractOpenableExtension: 	at fsm.O(PG:1)
03-29 09:36:13.548   866   866 E AbstractOpenableExtension: 	at may.h(PG:33)
03-29 09:36:13.548   866   866 E AbstractOpenableExtension: 	at mwe.ag(PG:20)
03-29 09:36:13.548   866   866 E AbstractOpenableExtension: 	at ead.o(PG:247)
03-29 09:36:13.548   866   866 E AbstractOpenableExtension: 	at mvz.e(PG:3)
03-29 09:36:13.548   866   866 E AbstractOpenableExtension: 	at mtj.dx(PG:9)
03-29 09:36:13.548   866   866 E AbstractOpenableExtension: 	at nsh.run(PG:198)
03-29 09:36:13.548   866   866 E AbstractOpenableExtension: 	at ugs.execute(PG:1)
03-29 09:36:13.548   866   866 E AbstractOpenableExtension: 	at onf.c(PG:14)
03-29 09:36:13.548   866   866 E AbstractOpenableExtension: 	at nzd.l(PG:94)
03-29 09:36:13.548   866   866 E AbstractOpenableExtension: 	at nzd.j(PG:33)
03-29 09:36:13.548   866   866 E AbstractOpenableExtension: 	at oyp.b(PG:154)
03-29 09:36:13.548   866   866 E AbstractOpenableExtension: 	at uhk.run(PG:98)
03-29 09:36:13.548   866   866 E AbstractOpenableExtension: 	at android.os.Handler.handleCallback(Handler.java:1095)
03-29 09:36:13.548   866   866 E AbstractOpenableExtension: 	at android.os.Handler.dispatchMessageImpl(Handler.java:135)
03-29 09:36:13.548   866   866 E AbstractOpenableExtension: 	at android.os.Handler.dispatchMessage(Handler.java:125)
03-29 09:36:13.548   866   866 E AbstractOpenableExtension: 	at android.os.Looper.loopOnce(Looper.java:292)
03-29 09:36:13.548   866   866 E AbstractOpenableExtension: 	at android.os.Looper.loop(Looper.java:393)
03-29 09:36:13.548   866   866 E AbstractOpenableExtension: 	at android.app.ActivityThread.main(ActivityThread.java:9486)
03-29 09:36:13.548   866   866 E AbstractOpenableExtension: 	at java.lang.reflect.Method.invoke(Native Method)
03-29 09:36:13.548   866   866 E AbstractOpenableExtension: 	at com.android.internal.os.RuntimeInit$MethodAndArgsCaller.run(RuntimeInit.java:575)
03-29 09:36:13.548   866   866 E AbstractOpenableExtension: 	at com.android.internal.os.ZygoteInit.main(ZygoteInit.java:939)
03-29 09:36:13.685   866   941 E HandwritingSuperpacksUtil: HandwritingSuperpacksUtil.getPackMappingPackName():42 No pack mapping pack found in []
03-29 09:36:14.042   387   407 E UsageReportingOptionsSt: INTERNAL_ERROR: setOptInOption should not be called while user is locked. [CONTEXT service_id=41 ]
03-29 09:36:14.096   866  1138 E MDDTaskScheduler: MDDTaskScheduler.scheduleDownload():191 work Data {charging : false, mdd_task_tag : download, network : false} scheduled
03-29 09:36:14.246   866   952 E HandwritingSuperpacksUtil: HandwritingSuperpacksUtil.getPackMappingPackName():42 No pack mapping pack found in []
03-29 09:36:17.470  1481  1583 E Finsky:background: [61] RM: no data for ID, not removing
03-29 09:36:17.470  1481  1583 E Finsky:background: [61] RM: no data for ID, not removing
03-29 09:36:17.470  1481  1583 E Finsky:background: [61] RM: no data for ID, not removing
03-29 09:36:17.470  1481  1583 E Finsky:background: [61] RM: no data for ID, not removing
03-29 09:36:17.470  1481  1583 E Finsky:background: [61] RM: no data for ID, not removing
03-29 09:36:17.470  1481  1583 E Finsky:background: [61] RM: no data for ID, not removing
03-29 09:36:17.470  1481  1583 E Finsky:background: [61] RM: no data for ID, not removing
03-29 09:36:17.470  1481  1583 E Finsky:background: [61] RM: no data for ID, not removing
03-29 09:36:17.521  1151  1669 E ActivityThread: Failed to find provider info for androidx.car.app.connection
03-29 09:36:17.697  1481  1704 E ActivityThread: Failed to find provider info for androidx.car.app.connection
03-29 09:36:17.785  1619  1687 E PlayCommon: [50] Failed to restore PlayMetalog
03-29 09:36:17.785  1619  1687 E PlayCommon: [50] Failed to restore LogsUploadAttempt
03-29 09:36:17.970  1482  1741 E PlayCommon: [61] Failed to restore PlayMetalog
03-29 09:36:17.970  1482  1741 E PlayCommon: [61] Failed to restore LogsUploadAttempt
03-29 09:36:18.385  1151  1226 E PlayCommon: [62] Failed to restore PlayMetalog
03-29 09:36:18.385  1151  1226 E PlayCommon: [62] Failed to restore LogsUploadAttempt
03-29 09:36:18.453   792   792 E ChimeraRcvrProxy: com.google.android.gms.backup.GmsBackupStatusChangeReceiver dropping broadcast com.google.gservices.intent.action.GSERVICES_CHANGED
03-29 09:36:18.538   792  1802 E NativeHotLoader: Failed to hotload library '/apex/com.google.android.gmssystem/priv-app/PrebuiltGmsCoreVic@CP21.260306.017.A1/PrebuiltGmsCoreVic.apk!/lib/x86_64/libgmscore.so'. [CONTEXT service_id=447 ]
03-29 09:36:18.704   792  1858 E GmsCoreLogger: Missing account for FACET_USAGE_GAIA_UNSAMPLED [CONTEXT service_id=299 ]
03-29 09:36:19.393  1481  1578 E Finsky:background: [56] ISBGC: Received notify listeners error: package=com.google.android.gms.
03-29 09:36:19.393  1481  1578 E Finsky:background: io.grpc.StatusRuntimeException: UNAVAILABLE: Peer process crashed, exited or was killed (binderDied)
03-29 09:36:19.393  1481  1578 E Finsky:background: 	at byxb.hi(PG:15)
03-29 09:36:19.393  1481  1578 E Finsky:background: 	at bylh.h(PG:1)
03-29 09:36:19.393  1481  1578 E Finsky:background: 	at byle.a(PG:28)
03-29 09:36:19.393  1481  1578 E Finsky:background: 	at bylv.run(PG:7)
03-29 09:36:19.393  1481  1578 E Finsky:background: 	at byrs.run(PG:12)
03-29 09:36:19.393  1481  1578 E Finsky:background: 	at java.util.concurrent.ThreadPoolExecutor.runWorker(ThreadPoolExecutor.java:1100)
03-29 09:36:19.393  1481  1578 E Finsky:background: 	at java.util.concurrent.ThreadPoolExecutor$Worker.run(ThreadPoolExecutor.java:624)
03-29 09:36:19.393  1481  1578 E Finsky:background: 	at vag.run(PG:618)
03-29 09:36:19.393  1481  1578 E Finsky:background: 	at java.lang.Thread.run(Thread.java:1572)
03-29 09:36:19.406   792   879 E libbinder.IPCThreadState: Binder transaction failure. id: 927610, cmd: BR_DEAD_REPLY (29189), error: -3 (No such process)
03-29 09:36:19.427   792   879 E libbinder.IPCThreadState: Binder transaction failure. id: 927720, cmd: BR_DEAD_REPLY (29189), error: -22 (Invalid argument)
03-29 09:36:19.475   792   879 E libbinder.IPCThreadState: Binder transaction failure. id: 927850, cmd: BR_DEAD_REPLY (29189), error: -22 (Invalid argument)
03-29 09:36:19.489   792   879 E libbinder.IPCThreadState: Binder transaction failure. id: 927887, cmd: BR_DEAD_REPLY (29189), error: -22 (Invalid argument)
03-29 09:36:19.493   792   879 E libbinder.IPCThreadState: Binder transaction failure. id: 927908, cmd: BR_DEAD_REPLY (29189), error: -22 (Invalid argument)
03-29 09:36:19.524   792   879 E libbinder.IPCThreadState: Binder transaction failure. id: 928008, cmd: BR_DEAD_REPLY (29189), error: -22 (Invalid argument)
03-29 09:36:19.533   792   879 E libbinder.IPCThreadState: Binder transaction failure. id: 928019, cmd: BR_DEAD_REPLY (29189), error: -22 (Invalid argument)
03-29 09:36:19.551   792   879 E libbinder.IPCThreadState: Binder transaction failure. id: 928066, cmd: BR_DEAD_REPLY (29189), error: -22 (Invalid argument)
03-29 09:36:19.558   792   879 E libbinder.IPCThreadState: Binder transaction failure. id: 928105, cmd: BR_DEAD_REPLY (29189), error: -22 (Invalid argument)
03-29 09:36:19.589   792   879 E libbinder.IPCThreadState: Binder transaction failure. id: 928218, cmd: BR_DEAD_REPLY (29189), error: -22 (Invalid argument)
03-29 09:36:19.609   792   879 E libbinder.IPCThreadState: Binder transaction failure. id: 928266, cmd: BR_DEAD_REPLY (29189), error: -22 (Invalid argument)
03-29 09:36:19.621   792   879 E libbinder.IPCThreadState: Binder transaction failure. id: 928302, cmd: BR_DEAD_REPLY (29189), error: -22 (Invalid argument)
03-29 09:36:19.627   792   879 E libbinder.IPCThreadState: Binder transaction failure. id: 928323, cmd: BR_DEAD_REPLY (29189), error: -22 (Invalid argument)
03-29 09:36:19.634   792   879 E libbinder.IPCThreadState: Binder transaction failure. id: 928353, cmd: BR_DEAD_REPLY (29189), error: -22 (Invalid argument)
03-29 09:36:19.643   792   879 E libbinder.IPCThreadState: Binder transaction failure. id: 928376, cmd: BR_DEAD_REPLY (29189), error: -22 (Invalid argument)
03-29 09:36:19.648   792   879 E libbinder.IPCThreadState: Binder transaction failure. id: 928397, cmd: BR_DEAD_REPLY (29189), error: -22 (Invalid argument)
03-29 09:36:19.650   792   879 E libbinder.IPCThreadState: Binder transaction failure. id: 928401, cmd: BR_DEAD_REPLY (29189), error: -22 (Invalid argument)
03-29 09:36:19.651   792   879 E libbinder.IPCThreadState: Binder transaction failure. id: 928405, cmd: BR_DEAD_REPLY (29189), error: -22 (Invalid argument)
03-29 09:36:19.655   792   879 E libbinder.IPCThreadState: Binder transaction failure. id: 928421, cmd: BR_DEAD_REPLY (29189), error: -22 (Invalid argument)
03-29 09:36:19.661   792   879 E libbinder.IPCThreadState: Binder transaction failure. id: 928440, cmd: BR_DEAD_REPLY (29189), error: -22 (Invalid argument)
03-29 09:36:19.670   792   879 E libbinder.IPCThreadState: Binder transaction failure. id: 928478, cmd: BR_DEAD_REPLY (29189), error: -22 (Invalid argument)
03-29 09:36:19.678   792   879 E libbinder.IPCThreadState: Binder transaction failure. id: 928515, cmd: BR_DEAD_REPLY (29189), error: -22 (Invalid argument)
03-29 09:36:19.701   792   879 E libbinder.IPCThreadState: Binder transaction failure. id: 928582, cmd: BR_DEAD_REPLY (29189), error: -22 (Invalid argument)
03-29 09:36:19.709   792   879 E libbinder.IPCThreadState: Binder transaction failure. id: 928603, cmd: BR_DEAD_REPLY (29189), error: -22 (Invalid argument)
03-29 09:36:19.726   792   879 E libbinder.IPCThreadState: Binder transaction failure. id: 928673, cmd: BR_DEAD_REPLY (29189), error: -22 (Invalid argument)
03-29 09:36:19.727   792   879 E libbinder.IPCThreadState: Binder transaction failure. id: 928681, cmd: BR_DEAD_REPLY (29189), error: -22 (Invalid argument)
03-29 09:36:19.740   792   879 E libbinder.IPCThreadState: Binder transaction failure. id: 928718, cmd: BR_DEAD_REPLY (29189), error: -22 (Invalid argument)
03-29 09:36:19.743   792   879 E libbinder.IPCThreadState: Binder transaction failure. id: 928726, cmd: BR_DEAD_REPLY (29189), error: -22 (Invalid argument)
03-29 09:36:19.752   792   879 E libbinder.IPCThreadState: Binder transaction failure. id: 928760, cmd: BR_DEAD_REPLY (29189), error: -22 (Invalid argument)
03-29 09:36:19.757   792   879 E libbinder.IPCThreadState: Binder transaction failure. id: 928780, cmd: BR_DEAD_REPLY (29189), error: -22 (Invalid argument)
03-29 09:36:19.761   792   879 E libbinder.IPCThreadState: Binder transaction failure. id: 928807, cmd: BR_DEAD_REPLY (29189), error: -22 (Invalid argument)
03-29 09:36:19.764   792   879 E libbinder.IPCThreadState: Binder transaction failure. id: 928822, cmd: BR_DEAD_REPLY (29189), error: -22 (Invalid argument)
03-29 09:36:19.772   792   879 E libbinder.IPCThreadState: Binder transaction failure. id: 928850, cmd: BR_DEAD_REPLY (29189), error: -22 (Invalid argument)
03-29 09:36:19.777   792   879 E libbinder.IPCThreadState: Binder transaction failure. id: 928890, cmd: BR_DEAD_REPLY (29189), error: -22 (Invalid argument)
03-29 09:36:19.781   792   879 E libbinder.IPCThreadState: Binder transaction failure. id: 928909, cmd: BR_DEAD_REPLY (29189), error: -22 (Invalid argument)
03-29 09:36:19.785   792   879 E libbinder.IPCThreadState: Binder transaction failure. id: 928926, cmd: BR_DEAD_REPLY (29189), error: -22 (Invalid argument)
03-29 09:36:19.792   792   879 E libbinder.IPCThreadState: Binder transaction failure. id: 928940, cmd: BR_DEAD_REPLY (29189), error: -22 (Invalid argument)
03-29 09:36:19.797   792   879 E libbinder.IPCThreadState: Binder transaction failure. id: 928976, cmd: BR_DEAD_REPLY (29189), error: -22 (Invalid argument)
03-29 09:36:19.803   792   879 E libbinder.IPCThreadState: Binder transaction failure. id: 928993, cmd: BR_DEAD_REPLY (29189), error: -22 (Invalid argument)
03-29 09:36:19.841   792   879 E libbinder.IPCThreadState: Binder transaction failure. id: 929063, cmd: BR_DEAD_REPLY (29189), error: -22 (Invalid argument)
03-29 09:36:19.850   792   879 E libbinder.IPCThreadState: Binder transaction failure. id: 929085, cmd: BR_DEAD_REPLY (29189), error: -22 (Invalid argument)
03-29 09:36:19.860   792   879 E libbinder.IPCThreadState: Binder transaction failure. id: 929111, cmd: BR_DEAD_REPLY (29189), error: -22 (Invalid argument)
03-29 09:36:19.865   792   879 E libbinder.IPCThreadState: Binder transaction failure. id: 929124, cmd: BR_DEAD_REPLY (29189), error: -22 (Invalid argument)
03-29 09:36:19.891   792   879 E libbinder.IPCThreadState: Binder transaction failure. id: 929176, cmd: BR_DEAD_REPLY (29189), error: -22 (Invalid argument)
03-29 09:36:19.955   792   879 E libbinder.IPCThreadState: Binder transaction failure. id: 929335, cmd: BR_DEAD_REPLY (29189), error: -22 (Invalid argument)
03-29 09:36:19.976   792   879 E libbinder.IPCThreadState: Binder transaction failure. id: 929370, cmd: BR_DEAD_REPLY (29189), error: -22 (Invalid argument)
03-29 09:36:19.993   792   879 E libbinder.IPCThreadState: Binder transaction failure. id: 929406, cmd: BR_DEAD_REPLY (29189), error: -22 (Invalid argument)
03-29 09:36:20.012   657  1223 E RoleControllerServiceImpl: Default/fallback role holder package doesn't qualify for the role, package: com.google.android.gms.supervision, role: android.app.role.SYSTEM_SUPERVISION, user: 0
03-29 09:36:20.014   657  1052 E system_server: No package ID 7f found for resource ID 0x7f0804d1.
03-29 09:36:20.014   657  1052 E system_server: No package ID 7f found for resource ID 0x7f140c14.
03-29 09:36:20.034  1266  1266 E SmsApplication: com.google.android.apps.messaging lost android:read_cell_broadcasts:  (fixing)
03-29 09:36:20.042   792   879 E libbinder.IPCThreadState: Binder transaction failure. id: 929564, cmd: BR_DEAD_REPLY (29189), error: -22 (Invalid argument)
03-29 09:36:20.071   792   879 E libbinder.IPCThreadState: Binder transaction failure. id: 929667, cmd: BR_DEAD_REPLY (29189), error: -22 (Invalid argument)
03-29 09:36:20.082   792   879 E libbinder.IPCThreadState: Binder transaction failure. id: 929723, cmd: BR_DEAD_REPLY (29189), error: -22 (Invalid argument)
03-29 09:36:20.089   792   879 E libbinder.IPCThreadState: Binder transaction failure. id: 929746, cmd: BR_DEAD_REPLY (29189), error: -22 (Invalid argument)
03-29 09:36:20.097   792   879 E libbinder.IPCThreadState: Binder transaction failure. id: 929772, cmd: BR_DEAD_REPLY (29189), error: -22 (Invalid argument)
03-29 09:36:20.104   792   879 E libbinder.IPCThreadState: Binder transaction failure. id: 929783, cmd: BR_DEAD_REPLY (29189), error: -22 (Invalid argument)
03-29 09:36:20.107   657  1223 E RoleControllerServiceImpl: Default/fallback role holder package doesn't qualify for the role, package: com.google.android.gms, role: android.app.role.SYSTEM_DEPENDENCY_INSTALLER, user: 0
03-29 09:36:20.119   792   879 E libbinder.IPCThreadState: Binder transaction failure. id: 929812, cmd: BR_DEAD_REPLY (29189), error: -22 (Invalid argument)
03-29 09:36:20.150   792   879 E libbinder.IPCThreadState: Binder transaction failure. id: 929931, cmd: BR_DEAD_REPLY (29189), error: -22 (Invalid argument)
03-29 09:36:20.205   657  1223 E RoleControllerServiceImpl: Default/fallback role holder package doesn't qualify for the role, package: com.google.android.gms, role: android.app.role.WALLET, user: 0
03-29 09:36:20.256   792   879 E libbinder.IPCThreadState: Binder transaction failure. id: 930213, cmd: BR_DEAD_REPLY (29189), error: -22 (Invalid argument)
03-29 09:36:20.269   792   879 E libbinder.IPCThreadState: Binder transaction failure. id: 930272, cmd: BR_DEAD_REPLY (29189), error: -22 (Invalid argument)
03-29 09:36:20.277   792   879 E libbinder.IPCThreadState: Binder transaction failure. id: 930299, cmd: BR_DEAD_REPLY (29189), error: -22 (Invalid argument)
03-29 09:36:20.295  1266  1524 E SmsApplication: com.google.android.apps.messaging lost android:read_cell_broadcasts:  (fixing)
03-29 09:36:20.310   792   879 E libbinder.IPCThreadState: Binder transaction failure. id: 930437, cmd: BR_DEAD_REPLY (29189), error: -22 (Invalid argument)
03-29 09:36:20.317   792   879 E libbinder.IPCThreadState: Binder transaction failure. id: 930482, cmd: BR_DEAD_REPLY (29189), error: -22 (Invalid argument)
03-29 09:36:20.373   792   879 E libbinder.IPCThreadState: Binder transaction failure. id: 930678, cmd: BR_DEAD_REPLY (29189), error: -22 (Invalid argument)
03-29 09:36:20.407   792   879 E libbinder.IPCThreadState: Binder transaction failure. id: 930798, cmd: BR_DEAD_REPLY (29189), error: -22 (Invalid argument)
03-29 09:36:20.409   792   879 E libbinder.IPCThreadState: Binder transaction failure. id: 930842, cmd: BR_DEAD_REPLY (29189), error: -22 (Invalid argument)
03-29 09:36:20.506  2078  2078 E FeatureFlagsImplExport: android.os.flagging.AconfigStorageReadException: ERROR_PACKAGE_NOT_FOUND: package android.xr cannot be found on the device
03-29 09:36:20.618   302   308 E lowmemorykiller: process_mrelease 1952 failed: No such process
03-29 09:36:20.683   387   963 E libbinder.IPCThreadState: Binder transaction failure. id: 931603, cmd: BR_DEAD_REPLY (29189), error: -22 (Invalid argument)
03-29 09:36:20.728   657   657 E libbinder.IPCThreadState: Binder transaction failure. id: 931660, cmd: BR_DEAD_REPLY (29189), error: -22 (Invalid argument)
03-29 09:36:20.731   657   770 E InputDispatcher: channel 'stylus-handwriting-event-receiver-0' ~ Channel is unrecoverably broken and will be disposed!
03-29 09:36:21.049   302   307 E lowmemorykiller: process_mrelease 2152 failed: No such process
03-29 09:36:21.065   387   625 E libbinder.IPCThreadState: Binder transaction failure. id: 932687, cmd: BR_DEAD_REPLY (29189), error: -22 (Invalid argument)
03-29 09:36:21.229   302   308 E lowmemorykiller: process_mrelease 1436 failed: No such process
03-29 09:36:21.554  1979  2050 E Finsky  : [48] ISBGS: Received notify listeners error.
03-29 09:36:21.554  1979  2050 E Finsky  : io.grpc.StatusRuntimeException: CANCELLED: client cancelled
03-29 09:36:21.554  1979  2050 E Finsky  : 	at byxm.nv(PG:30)
03-29 09:36:21.554  1979  2050 E Finsky  : 	at byfc.nv(PG:3)
03-29 09:36:21.554  1979  2050 E Finsky  : 	at bybs.nv(PG:7)
03-29 09:36:21.554  1979  2050 E Finsky  : 	at byfc.nv(PG:3)
03-29 09:36:21.554  1979  2050 E Finsky  : 	at bybs.nv(PG:7)
03-29 09:36:21.554  1979  2050 E Finsky  : 	at byrt.a(PG:23)
03-29 09:36:21.554  1979  2050 E Finsky  : 	at byrv.a(PG:11)
03-29 09:36:21.554  1979  2050 E Finsky  : 	at bylv.run(PG:7)
03-29 09:36:21.554  1979  2050 E Finsky  : 	at byrs.run(PG:12)
03-29 09:36:21.554  1979  2050 E Finsky  : 	at java.util.concurrent.ThreadPoolExecutor.runWorker(ThreadPoolExecutor.java:1100)
03-29 09:36:21.554  1979  2050 E Finsky  : 	at java.util.concurrent.ThreadPoolExecutor$Worker.run(ThreadPoolExecutor.java:624)
03-29 09:36:21.554  1979  2050 E Finsky  : 	at vag.run(PG:618)
03-29 09:36:21.554  1979  2050 E Finsky  : 	at java.lang.Thread.run(Thread.java:1572)
03-29 09:36:22.060  2307  2416 E ActivityThread: Failed to find provider info for androidx.car.app.connection
03-29 09:36:22.080   387   618 E UsageReportingOptionsSt: INTERNAL_ERROR: setOptInOption should not be called while user is locked. [CONTEXT service_id=41 ]
03-29 09:36:22.144  2312  2440 E ActivityThread: Failed to find provider info for androidx.car.app.connection
03-29 09:36:22.809  2526  2526 E LibraryModuleRegistry: LibraryModuleRegistry.register():48 Module mobilebert_classifier_android_jni has already been registered to integrated_shared_object
03-29 09:36:23.482  2312  2367 E Finsky  : [58] [Counters] attempted to use a non-positive increment for: 3703
03-29 09:36:23.545  2526  2526 E GoogleInputMethodService: GoogleInputMethodService.getAppEditorInfo():1891 App EditorInfo should never be null.
03-29 09:36:23.654  2526  2594 E EmojiSlicingStrategy: EmojiSlicingStrategy.getSlices():88 getSlices() : Received null or empty userEnabledLocales.
03-29 09:36:23.664  2526  2594 E EmojiSlicingStrategy: EmojiSlicingStrategy.getSlices():88 getSlices() : Received null or empty userEnabledLocales.
03-29 09:36:24.005  2526  2559 E HandwritingSuperpacksUtil: HandwritingSuperpacksUtil.getPackMappingPackName():42 No pack mapping pack found in []
03-29 09:36:24.482  2312  2369 E AbstractLogEventBuilder: The provided ProductIdOrigin 3 is not one of the process-level expected values: 1 or 2
03-29 09:36:24.702  2526  2603 E MDDTaskScheduler: MDDTaskScheduler.scheduleDownload():191 work Data {charging : false, mdd_task_tag : download, network : false} scheduled
03-29 09:36:24.831  2526  2562 E HandwritingSuperpacksUtil: HandwritingSuperpacksUtil.getPackMappingPackName():42 No pack mapping pack found in []
03-29 09:36:26.586  2312  2376 E Finsky  : [61] AU2: RequiredVehicleState is missing.
03-29 09:36:26.586  2312  2376 E Finsky  : [61] AU2: RequiredBatteryLevel is missing.
03-29 09:36:26.586  2312  2376 E Finsky  : [61] AU2: RequiredVehicleState is missing.
03-29 09:36:26.587  2312  2376 E Finsky  : [61] AU2: RequiredVehicleState is missing.
03-29 09:36:26.587  2312  2376 E Finsky  : [61] AU2: RequiredBatteryLevel is missing.
03-29 09:36:26.587  2312  2376 E Finsky  : [61] AU2: RequiredVehicleState is missing.
03-29 09:36:26.587  2312  2376 E Finsky  : [61] AU2: RequiredVehicleState is missing.
03-29 09:36:26.587  2312  2376 E Finsky  : [61] AU2: RequiredBatteryLevel is missing.
03-29 09:36:26.587  2312  2376 E Finsky  : [61] AU2: RequiredVehicleState is missing.
03-29 09:36:26.587  2312  2376 E Finsky  : [61] AU2: RequiredVehicleState is missing.
03-29 09:36:26.587  2312  2376 E Finsky  : [61] AU2: RequiredBatteryLevel is missing.
03-29 09:36:26.588  2312  2376 E Finsky  : [61] AU2: RequiredVehicleState is missing.
03-29 09:36:26.588  2312  2376 E Finsky  : [61] AU2: RequiredVehicleState is missing.
03-29 09:36:26.588  2312  2376 E Finsky  : [61] AU2: RequiredBatteryLevel is missing.
03-29 09:36:26.588  2312  2376 E Finsky  : [61] AU2: RequiredVehicleState is missing.
03-29 09:36:26.588  2312  2376 E Finsky  : [61] AU2: RequiredVehicleState is missing.
03-29 09:36:26.588  2312  2376 E Finsky  : [61] AU2: RequiredBatteryLevel is missing.
03-29 09:36:26.588  2312  2376 E Finsky  : [61] AU2: RequiredVehicleState is missing.
03-29 09:36:26.588  2312  2376 E Finsky  : [61] AU2: RequiredVehicleState is missing.
03-29 09:36:26.588  2312  2376 E Finsky  : [61] AU2: RequiredBatteryLevel is missing.
03-29 09:36:26.588  2312  2376 E Finsky  : [61] AU2: RequiredVehicleState is missing.
03-29 09:36:26.588  2312  2376 E Finsky  : [61] AU2: RequiredVehicleState is missing.
03-29 09:36:26.588  2312  2376 E Finsky  : [61] AU2: RequiredBatteryLevel is missing.
03-29 09:36:26.588  2312  2376 E Finsky  : [61] AU2: RequiredVehicleState is missing.
03-29 09:36:26.588  2312  2376 E Finsky  : [61] AU2: RequiredBatteryLevel is missing.
03-29 09:36:26.588  2312  2376 E Finsky  : [61] AU2: RequiredVehicleState is missing.
03-29 09:36:26.588  2312  2376 E Finsky  : [61] AU2: RequiredVehicleState is missing.
03-29 09:36:26.588  2312  2376 E Finsky  : [61] AU2: RequiredInteractivityState is missing.
03-29 09:36:26.588  2312  2376 E Finsky  : [61] AU2: RequiredBatteryLevel is missing.
03-29 09:36:26.588  2312  2376 E Finsky  : [61] AU2: RequiredVehicleState is missing.
03-29 09:36:26.588  2312  2376 E Finsky  : [61] AU2: RequiredBatteryLevel is missing.
03-29 09:36:26.588  2312  2376 E Finsky  : [61] AU2: RequiredVehicleState is missing.
03-29 09:36:26.588  2312  2376 E Finsky  : [61] AU2: RequiredVehicleState is missing.
03-29 09:36:26.588  2312  2376 E Finsky  : [61] AU2: RequiredBatteryLevel is missing.
03-29 09:36:26.588  2312  2376 E Finsky  : [61] AU2: RequiredVehicleState is missing.
03-29 09:36:26.588  2312  2376 E Finsky  : [61] AU2: RequiredVehicleState is missing.
03-29 09:36:26.588  2312  2376 E Finsky  : [61] AU2: RequiredBatteryLevel is missing.
03-29 09:36:26.589  2312  2376 E Finsky  : [61] AU2: RequiredVehicleState is missing.
03-29 09:36:26.589  2312  2376 E Finsky  : [61] AU2: RequiredVehicleState is missing.
03-29 09:36:26.589  2312  2376 E Finsky  : [61] AU2: RequiredBatteryLevel is missing.
03-29 09:36:26.589  2312  2376 E Finsky  : [61] AU2: RequiredVehicleState is missing.
03-29 09:36:26.589  2312  2376 E Finsky  : [61] AU2: RequiredVehicleState is missing.
03-29 09:36:26.589  2312  2376 E Finsky  : [61] AU2: RequiredBatteryLevel is missing.
03-29 09:36:26.589  2312  2376 E Finsky  : [61] AU2: RequiredVehicleState is missing.
03-29 09:36:26.589  2312  2376 E Finsky  : [61] AU2: RequiredVehicleState is missing.
03-29 09:36:26.589  2312  2376 E Finsky  : [61] AU2: RequiredBatteryLevel is missing.
03-29 09:36:26.589  2312  2376 E Finsky  : [61] AU2: RequiredVehicleState is missing.
03-29 09:36:26.589  2312  2376 E Finsky  : [61] AU2: RequiredVehicleState is missing.
