03-29 09:35:08.306   657   770 E InputDispatcher: channel '9346c0b Taskbar' ~ Channel is unrecoverably broken and will be disposed!
03-29 09:35:08.313   657   770 E libbinder.IPCThreadState: Binder transaction failure. id: 821516, cmd: BR_DEAD_REPLY (29189), error: -3 (No such process)
03-29 09:35:08.321   657   770 E libbinder.IPCThreadState: Binder transaction failure. id: 821526, cmd: BR_DEAD_REPLY (29189), error: -3 (No such process)
03-29 09:35:08.331  1101  1101 E LauncherProxyService: Failed to call onSystemBarAttributesChanged()
03-29 09:35:08.331  1101  1101 E LauncherProxyService: android.os.DeadObjectException
03-29 09:35:08.331  1101  1101 E LauncherProxyService: 	at android.os.BinderProxy.transactNative(Native Method)
03-29 09:35:08.331  1101  1101 E LauncherProxyService: 	at android.os.BinderProxy.transact(BinderProxy.java:617)
03-29 09:35:08.331  1101  1101 E LauncherProxyService: 	at com.android.systemui.navigationbar.TaskbarDelegate.onSystemBarAttributesChanged(go/retraceme 2b9555e93469c570fe1eba6e00ba55c641998f0b05ea4e8d6000e443e74ca7fc:36)
03-29 09:35:08.331  1101  1101 E LauncherProxyService: 	at com.android.systemui.statusbar.CommandQueue$H.handleMessage(go/retraceme 2b9555e93469c570fe1eba6e00ba55c641998f0b05ea4e8d6000e443e74ca7fc:2670)
03-29 09:35:08.331  1101  1101 E LauncherProxyService: 	at android.os.Handler.dispatchMessageImpl(Handler.java:142)
03-29 09:35:08.331  1101  1101 E LauncherProxyService: 	at android.os.Handler.dispatchMessage(Handler.java:125)
03-29 09:35:08.331  1101  1101 E LauncherProxyService: 	at android.os.Looper.loopOnce(Looper.java:292)
03-29 09:35:08.331  1101  1101 E LauncherProxyService: 	at android.os.Looper.loop(Looper.java:393)
03-29 09:35:08.331  1101  1101 E LauncherProxyService: 	at android.app.ActivityThread.main(ActivityThread.java:9486)
03-29 09:35:08.331  1101  1101 E LauncherProxyService: 	at java.lang.reflect.Method.invoke(Native Method)
03-29 09:35:08.331  1101  1101 E LauncherProxyService: 	at com.android.internal.os.RuntimeInit$MethodAndArgsCaller.run(RuntimeInit.java:575)
03-29 09:35:08.331  1101  1101 E LauncherProxyService: 	at com.android.internal.os.ZygoteInit.main(ZygoteInit.java:939)
03-29 09:35:08.333  1101  1146 E libbinder.IPCThreadState: Binder transaction failure. id: 821529, cmd: BR_DEAD_REPLY (29189), error: -3 (No such process)
03-29 09:35:08.334  1101  1146 E SingleInstanceRemoteListener: Failed remote call
03-29 09:35:08.334  1101  1146 E SingleInstanceRemoteListener: android.os.DeadObjectException
03-29 09:35:08.334  1101  1146 E SingleInstanceRemoteListener: 	at android.os.BinderProxy.transactNative(Native Method)
03-29 09:35:08.334  1101  1146 E SingleInstanceRemoteListener: 	at android.os.BinderProxy.transact(BinderProxy.java:617)
03-29 09:35:08.334  1101  1146 E SingleInstanceRemoteListener: 	at com.android.wm.shell.transition.HomeTransitionObserver$1.insetsChanged(go/retraceme 2b9555e93469c570fe1eba6e00ba55c641998f0b05ea4e8d6000e443e74ca7fc:41)
03-29 09:35:08.334  1101  1146 E SingleInstanceRemoteListener: 	at com.android.wm.shell.common.DisplayInsetsController$OnInsetsChangedListener.insetsChanged(go/retraceme 2b9555e93469c570fe1eba6e00ba55c641998f0b05ea4e8d6000e443e74ca7fc:0)
03-29 09:35:08.334  1101  1146 E SingleInstanceRemoteListener: 	at com.android.wm.shell.common.DisplayInsetsController$PerDisplay$DisplayWindowInsetsControllerImpl$$ExternalSyntheticLambda4.run(go/retraceme 2b9555e93469c570fe1eba6e00ba55c641998f0b05ea4e8d6000e443e74ca7fc:204)
03-29 09:35:08.334  1101  1146 E SingleInstanceRemoteListener: 	at android.os.Handler.handleCallback(Handler.java:1095)
03-29 09:35:08.334  1101  1146 E SingleInstanceRemoteListener: 	at android.os.Handler.dispatchMessageImpl(Handler.java:135)
03-29 09:35:08.334  1101  1146 E SingleInstanceRemoteListener: 	at android.os.Handler.dispatchMessage(Handler.java:125)
03-29 09:35:08.334  1101  1146 E SingleInstanceRemoteListener: 	at android.os.Looper.loopOnce(Looper.java:292)
03-29 09:35:08.334  1101  1146 E SingleInstanceRemoteListener: 	at android.os.Looper.loop(Looper.java:393)
03-29 09:35:08.334  1101  1146 E SingleInstanceRemoteListener: 	at android.os.HandlerThread.run(HandlerThread.java:139)
03-29 09:35:08.342   657  1730 E TransitionChain: Can't collect into a chain with no transition
03-29 09:35:08.342   657  1730 E TransitionChain: Can't collect into a chain with no transition
03-29 09:35:08.347   528   528 E BpTransactionCompletedListener: Failed to transact (-32)
03-29 09:35:08.358   657  1223 E RoleControllerServiceImpl: Default/fallback role holder package doesn't qualify for the role, package: com.google.android.gms.supervision, role: android.app.role.SYSTEM_SUPERVISION, user: 0
03-29 09:35:08.376   657  1223 E RoleControllerServiceImpl: Default/fallback role holder package doesn't qualify for the role, package: com.google.android.gms, role: android.app.role.SYSTEM_DEPENDENCY_INSTALLER, user: 0
03-29 09:35:08.401   657  1223 E RoleControllerServiceImpl: Default/fallback role holder package doesn't qualify for the role, package: com.google.android.gms, role: android.app.role.WALLET, user: 0
03-29 09:35:08.653 29962 30028 E DynamicModuleDownloader: download status failed for MapsCoreDynamite.integ
03-29 09:35:08.655 29962 30028 E DynamicModuleDownloader: download status failed for MapsCoreDynamite.integ
03-29 09:35:08.656 29962 30028 E DynamicModuleDownloader: download status failed for MapsCoreDynamite.integ
03-29 09:35:08.656 29962 30028 E DynamicModuleDownloader: download status failed for MapsCoreDynamite.integ
03-29 09:35:08.685  1266  1266 E SmsApplication: com.google.android.apps.messaging lost android:read_cell_broadcasts:  (fixing)
03-29 09:35:08.748  1266  1524 E SmsApplication: com.google.android.apps.messaging lost android:read_cell_broadcasts:  (fixing)
03-29 09:35:08.922 28257 28330 E UsageReportingOptionsSt: INTERNAL_ERROR: setOptInOption should not be called while user is locked. [CONTEXT service_id=41 ]
03-29 09:35:08.963 30496 30583 E ActivityThread: Failed to find provider info for androidx.car.app.connection
03-29 09:35:09.398 30574 30601 E libbinder.IPCThreadState: Binder transaction failure. id: 824806, cmd: BR_DEAD_REPLY (29189), error: -22 (Invalid argument)
03-29 09:35:09.464 30518 30518 E ConsumerBase: [ImageReader-173x173f1u2816m2-30518-0] abandonLocked: ConsumerBase is abandoned!
03-29 09:35:09.499 30518 30559 E NexusCSStateManager: Failed to fetch from AppSearch
03-29 09:35:09.499 30518 30559 E NexusCSStateManager: java.util.NoSuchElementException: No value present
03-29 09:35:09.499 30518 30559 E NexusCSStateManager: 	at java.util.Optional.get(Optional.java:143)
03-29 09:35:09.499 30518 30559 E NexusCSStateManager: 	at p6.l.onResult(go/retraceme 7226a759aa2bb3787a79806f85d80eaad84f1f1e15acd6db988f2df789d1680d:36)
03-29 09:35:09.499 30518 30559 E NexusCSStateManager: 	at android.app.appsearch.SearchSessionUtil$1.lambda$onResult$0(go/retraceme 50c746ee5c32f88f733077ebeb4008935661f54b3d9e8e373e734d129bb80b29:144)
03-29 09:35:09.499 30518 30559 E NexusCSStateManager: 	at android.app.appsearch.SearchSessionUtil$1.$r8$lambda$CEk3q8sDAQVhU3rQwVueB8FAj_M(go/retraceme 50c746ee5c32f88f733077ebeb4008935661f54b3d9e8e373e734d129bb80b29:1)
03-29 09:35:09.499 30518 30559 E NexusCSStateManager: 	at android.app.appsearch.SearchSessionUtil$1$$ExternalSyntheticLambda0.run(go/retraceme 50c746ee5c32f88f733077ebeb4008935661f54b3d9e8e373e734d129bb80b29:22)
03-29 09:35:09.499 30518 30559 E NexusCSStateManager: 	at androidx.appfunctions.internal.e.execute(go/retraceme 7226a759aa2bb3787a79806f85d80eaad84f1f1e15acd6db988f2df789d1680d:0)
03-29 09:35:09.499 30518 30559 E NexusCSStateManager: 	at android.app.appsearch.SearchSessionUtil.safeExecute(go/retraceme 50c746ee5c32f88f733077ebeb4008935661f54b3d9e8e373e734d129bb80b29:21)
03-29 09:35:09.499 30518 30559 E NexusCSStateManager: 	at android.app.appsearch.SearchSessionUtil$1.onResult(go/retraceme 50c746ee5c32f88f733077ebeb4008935661f54b3d9e8e373e734d129bb80b29:18)
03-29 09:35:09.499 30518 30559 E NexusCSStateManager: 	at android.app.appsearch.aidl.IAppSearchBatchResultCallback$Stub.onTransact(go/retraceme 50c746ee5c32f88f733077ebeb4008935661f54b3d9e8e373e734d129bb80b29:50)
03-29 09:35:09.499 30518 30559 E NexusCSStateManager: 	at android.os.Binder.execTransactInternal(Binder.java:1471)
03-29 09:35:09.499 30518 30559 E NexusCSStateManager: 	at android.os.Binder.execTransact(Binder.java:1411)
03-29 09:35:09.592 30518 30518 E ConsumerBase: [ImageReader-1x1f1u2816m2-30518-1] abandonLocked: ConsumerBase is abandoned!
03-29 09:35:09.705  1101  1146 E SingleInstanceRemoteListener: Failed remote call on null listener
03-29 09:35:09.860  1101  1146 E SingleInstanceRemoteListener: Failed remote call on null listener
03-29 09:35:09.971 30518 30566 E ConsumerBase: [ImageReader-173x173f1u2816m2-30518-2] abandonLocked: ConsumerBase is abandoned!
03-29 09:35:10.078   657   770 E InputDispatcher: channel '[Gesture Monitor] swipe-up' ~ Channel is unrecoverably broken and will be disposed!
03-29 09:35:10.081   657  2002 E TransitionController: Set visible without transition ActivityRecord{233922285 u0 com.google.android.apps.nexuslauncher/.NexusLauncherActivity t14} playing=false caller=com.android.server.wm.ActivityTaskSupervisor.realStartActivityLocked:873 
03-29 09:35:10.237   657   770 E InputDispatcher: channel '[Gesture Monitor] swipe-up' ~ Channel is unrecoverably broken and will be disposed!
03-29 09:35:10.238   657   770 E InputDispatcher: channel 'cf45146 Taskbar' ~ Channel is unrecoverably broken and will be disposed!
03-29 09:35:10.239   657   770 E libbinder.IPCThreadState: Binder transaction failure. id: 827475, cmd: BR_DEAD_REPLY (29189), error: -3 (No such process)
03-29 09:35:10.240   657   770 E libbinder.IPCThreadState: Binder transaction failure. id: 827476, cmd: BR_DEAD_REPLY (29189), error: -3 (No such process)
03-29 09:35:10.248  1101  1101 E libbinder.IPCThreadState: Binder transaction failure. id: 827495, cmd: BR_DEAD_REPLY (29189), error: -3 (No such process)
03-29 09:35:10.248  1101  1101 E LauncherProxyService: Failed to call onSystemBarAttributesChanged()
03-29 09:35:10.248  1101  1101 E LauncherProxyService: android.os.DeadObjectException
03-29 09:35:10.248  1101  1101 E LauncherProxyService: 	at android.os.BinderProxy.transactNative(Native Method)
03-29 09:35:10.248  1101  1101 E LauncherProxyService: 	at android.os.BinderProxy.transact(BinderProxy.java:617)
03-29 09:35:10.248  1101  1101 E LauncherProxyService: 	at com.android.systemui.navigationbar.TaskbarDelegate.onSystemBarAttributesChanged(go/retraceme 2b9555e93469c570fe1eba6e00ba55c641998f0b05ea4e8d6000e443e74ca7fc:36)
03-29 09:35:10.248  1101  1101 E LauncherProxyService: 	at com.android.systemui.statusbar.CommandQueue$H.handleMessage(go/retraceme 2b9555e93469c570fe1eba6e00ba55c641998f0b05ea4e8d6000e443e74ca7fc:2670)
03-29 09:35:10.248  1101  1101 E LauncherProxyService: 	at android.os.Handler.dispatchMessageImpl(Handler.java:142)
03-29 09:35:10.248  1101  1101 E LauncherProxyService: 	at android.os.Handler.dispatchMessage(Handler.java:125)
03-29 09:35:10.248  1101  1101 E LauncherProxyService: 	at android.os.Looper.loopOnce(Looper.java:292)
03-29 09:35:10.248  1101  1101 E LauncherProxyService: 	at android.os.Looper.loop(Looper.java:393)
03-29 09:35:10.248  1101  1101 E LauncherProxyService: 	at android.app.ActivityThread.main(ActivityThread.java:9486)
03-29 09:35:10.248  1101  1101 E LauncherProxyService: 	at java.lang.reflect.Method.invoke(Native Method)
03-29 09:35:10.248  1101  1101 E LauncherProxyService: 	at com.android.internal.os.RuntimeInit$MethodAndArgsCaller.run(RuntimeInit.java:575)
03-29 09:35:10.248  1101  1101 E LauncherProxyService: 	at com.android.internal.os.ZygoteInit.main(ZygoteInit.java:939)
03-29 09:35:10.248  1101  1146 E libbinder.IPCThreadState: Binder transaction failure. id: 827498, cmd: BR_DEAD_REPLY (29189), error: -3 (No such process)
03-29 09:35:10.248  1101  1146 E SingleInstanceRemoteListener: Failed remote call
03-29 09:35:10.248  1101  1146 E SingleInstanceRemoteListener: android.os.DeadObjectException
03-29 09:35:10.248  1101  1146 E SingleInstanceRemoteListener: 	at android.os.BinderProxy.transactNative(Native Method)
03-29 09:35:10.248  1101  1146 E SingleInstanceRemoteListener: 	at android.os.BinderProxy.transact(BinderProxy.java:617)
03-29 09:35:10.248  1101  1146 E SingleInstanceRemoteListener: 	at com.android.wm.shell.transition.HomeTransitionObserver$1.insetsChanged(go/retraceme 2b9555e93469c570fe1eba6e00ba55c641998f0b05ea4e8d6000e443e74ca7fc:41)
03-29 09:35:10.248  1101  1146 E SingleInstanceRemoteListener: 	at com.android.wm.shell.common.DisplayInsetsController$OnInsetsChangedListener.insetsChanged(go/retraceme 2b9555e93469c570fe1eba6e00ba55c641998f0b05ea4e8d6000e443e74ca7fc:0)
03-29 09:35:10.248  1101  1146 E SingleInstanceRemoteListener: 	at com.android.wm.shell.common.DisplayInsetsController$PerDisplay$DisplayWindowInsetsControllerImpl$$ExternalSyntheticLambda4.run(go/retraceme 2b9555e93469c570fe1eba6e00ba55c641998f0b05ea4e8d6000e443e74ca7fc:204)
03-29 09:35:10.248  1101  1146 E SingleInstanceRemoteListener: 	at android.os.Handler.handleCallback(Handler.java:1095)
03-29 09:35:10.248  1101  1146 E SingleInstanceRemoteListener: 	at android.os.Handler.dispatchMessageImpl(Handler.java:135)
03-29 09:35:10.248  1101  1146 E SingleInstanceRemoteListener: 	at android.os.Handler.dispatchMessage(Handler.java:125)
03-29 09:35:10.248  1101  1146 E SingleInstanceRemoteListener: 	at android.os.Looper.loopOnce(Looper.java:292)
03-29 09:35:10.248  1101  1146 E SingleInstanceRemoteListener: 	at android.os.Looper.loop(Looper.java:393)
03-29 09:35:10.248  1101  1146 E SingleInstanceRemoteListener: 	at android.os.HandlerThread.run(HandlerThread.java:139)
03-29 09:35:10.297   528   528 E BpTransactionCompletedListener: Failed to transact (-32)
03-29 09:35:10.505 28257 28827 E UsageReportingOptionsSt: INTERNAL_ERROR: setOptInOption should not be called while user is locked. [CONTEXT service_id=41 ]
03-29 09:35:10.603   657   770 E InputDispatcher: channel '1a6f75c com.myapp/com.myapp.MainActivity' ~ Channel is unrecoverably broken and will be disposed!
03-29 09:35:10.613  1101  1101 E LauncherProxyService: Failed to get launcher proxy for system bar attr change.
03-29 09:35:10.647   528   528 E BpTransactionCompletedListener: Failed to transact (-32)
03-29 09:35:10.732 30663 30796 E ActivityThread: Failed to find provider info for androidx.car.app.connection
03-29 09:35:10.877   657  1223 E RoleControllerServiceImpl: Default/fallback role holder package doesn't qualify for the role, package: com.google.android.gms.supervision, role: android.app.role.SYSTEM_SUPERVISION, user: 0
03-29 09:35:10.892  1266  1266 E SmsApplication: com.google.android.apps.messaging lost android:read_cell_broadcasts:  (fixing)
03-29 09:35:10.900   657  1223 E RoleControllerServiceImpl: Default/fallback role holder package doesn't qualify for the role, package: com.google.android.gms, role: android.app.role.SYSTEM_DEPENDENCY_INSTALLER, user: 0
03-29 09:35:10.930   657  1223 E RoleControllerServiceImpl: Default/fallback role holder package doesn't qualify for the role, package: com.google.android.gms, role: android.app.role.WALLET, user: 0
03-29 09:35:10.951  1266  1524 E SmsApplication: com.google.android.apps.messaging lost android:read_cell_broadcasts:  (fixing)
03-29 09:35:11.046   657  1006 E Nl80211Native: getChannelsMhzForBand: Wiphy index not recorded for band 8
03-29 09:35:11.046   657  1006 E Nl80211Native: getChannelsMhzForBand: Wiphy index not recorded for band 16
03-29 09:35:11.145 30749 30749 E ConsumerBase: [ImageReader-173x173f1u2816m2-30749-0] abandonLocked: ConsumerBase is abandoned!
03-29 09:35:11.165 30822 30822 E FeatureFlagsImplExport: android.os.flagging.AconfigStorageReadException: ERROR_PACKAGE_NOT_FOUND: package android.xr cannot be found on the device
03-29 09:35:11.205 30749 30762 E NexusCSStateManager: Failed to fetch from AppSearch
03-29 09:35:11.205 30749 30762 E NexusCSStateManager: java.util.NoSuchElementException: No value present
03-29 09:35:11.205 30749 30762 E NexusCSStateManager: 	at java.util.Optional.get(Optional.java:143)
03-29 09:35:11.205 30749 30762 E NexusCSStateManager: 	at p6.l.onResult(go/retraceme 7226a759aa2bb3787a79806f85d80eaad84f1f1e15acd6db988f2df789d1680d:36)
03-29 09:35:11.205 30749 30762 E NexusCSStateManager: 	at android.app.appsearch.SearchSessionUtil$1.lambda$onResult$0(go/retraceme 50c746ee5c32f88f733077ebeb4008935661f54b3d9e8e373e734d129bb80b29:144)
03-29 09:35:11.205 30749 30762 E NexusCSStateManager: 	at android.app.appsearch.SearchSessionUtil$1.$r8$lambda$CEk3q8sDAQVhU3rQwVueB8FAj_M(go/retraceme 50c746ee5c32f88f733077ebeb4008935661f54b3d9e8e373e734d129bb80b29:1)
03-29 09:35:11.205 30749 30762 E NexusCSStateManager: 	at android.app.appsearch.SearchSessionUtil$1$$ExternalSyntheticLambda0.run(go/retraceme 50c746ee5c32f88f733077ebeb4008935661f54b3d9e8e373e734d129bb80b29:22)
03-29 09:35:11.205 30749 30762 E NexusCSStateManager: 	at androidx.appfunctions.internal.e.execute(go/retraceme 7226a759aa2bb3787a79806f85d80eaad84f1f1e15acd6db988f2df789d1680d:0)
03-29 09:35:11.205 30749 30762 E NexusCSStateManager: 	at android.app.appsearch.SearchSessionUtil.safeExecute(go/retraceme 50c746ee5c32f88f733077ebeb4008935661f54b3d9e8e373e734d129bb80b29:21)
03-29 09:35:11.205 30749 30762 E NexusCSStateManager: 	at android.app.appsearch.SearchSessionUtil$1.onResult(go/retraceme 50c746ee5c32f88f733077ebeb4008935661f54b3d9e8e373e734d129bb80b29:18)
03-29 09:35:11.205 30749 30762 E NexusCSStateManager: 	at android.app.appsearch.aidl.IAppSearchBatchResultCallback$Stub.onTransact(go/retraceme 50c746ee5c32f88f733077ebeb4008935661f54b3d9e8e373e734d129bb80b29:50)
03-29 09:35:11.205 30749 30762 E NexusCSStateManager: 	at android.os.Binder.execTransactInternal(Binder.java:1471)
03-29 09:35:11.205 30749 30762 E NexusCSStateManager: 	at android.os.Binder.execTransact(Binder.java:1411)
03-29 09:35:11.217   657  1695 E AppOps  : Bad call made by uid 1000. Package "com.google.android.googlequicksearchbox" does not belong to uid 1000.
03-29 09:35:11.294 30749 30749 E RecyclerView: Cannot scroll to position a LayoutManager set. Call setLayoutManager with a non-null argument.
03-29 09:35:11.294 30749 30749 E RecyclerView: Cannot scroll to position a LayoutManager set. Call setLayoutManager with a non-null argument.
03-29 09:35:11.315 30793 30793 E LibraryModuleRegistry: LibraryModuleRegistry.register():48 Module mobilebert_classifier_android_jni has already been registered to integrated_shared_object
03-29 09:35:11.369   302   308 E lowmemorykiller: process_mrelease 30862 failed: No such process
03-29 09:35:11.376   657  1994 E libbinder.IPCThreadState: Binder transaction failure. id: 832612, cmd: BR_DEAD_REPLY (29189), error: -3 (No such process)
03-29 09:35:11.384   302   307 E lowmemorykiller: process_mrelease 30822 failed: No such process
03-29 09:35:11.402  1101  1101 E LauncherProxyService: Failed to get launcher proxy for system bar attr change.
03-29 09:35:11.449 30749 30749 E ConsumerBase: [ImageReader-1x1f1u2816m2-30749-1] abandonLocked: ConsumerBase is abandoned!
03-29 09:35:11.506  1101  1146 E SingleInstanceRemoteListener: Failed remote call on null listener
03-29 09:35:11.656 30793 30987 E EmojiSlicingStrategy: EmojiSlicingStrategy.getSlices():88 getSlices() : Received null or empty userEnabledLocales.
03-29 09:35:11.662 30793 30793 E GoogleInputMethodService: GoogleInputMethodService.getAppEditorInfo():1891 App EditorInfo should never be null.
03-29 09:35:11.663 30793 30987 E EmojiSlicingStrategy: EmojiSlicingStrategy.getSlices():88 getSlices() : Received null or empty userEnabledLocales.
03-29 09:35:11.675 30749 30819 E ConsumerBase: [ImageReader-173x173f1u2816m2-30749-2] abandonLocked: ConsumerBase is abandoned!
03-29 09:35:11.697 28257 30334 E libbinder.IPCThreadState: Binder transaction failure. id: 833782, cmd: BR_DEAD_REPLY (29189), error: -22 (Invalid argument)
03-29 09:35:11.852  1101  1146 E SingleInstanceRemoteListener: Failed remote call on null listener
03-29 09:35:11.893   657  1223 E RoleControllerServiceImpl: Default/fallback role holder package doesn't qualify for the role, package: com.google.android.gms.supervision, role: android.app.role.SYSTEM_SUPERVISION, user: 0
03-29 09:35:11.922   657  1223 E RoleControllerServiceImpl: Default/fallback role holder package doesn't qualify for the role, package: com.google.android.gms, role: android.app.role.SYSTEM_DEPENDENCY_INSTALLER, user: 0
03-29 09:35:11.926   657   770 E InputDispatcher: channel '[Gesture Monitor] swipe-up' ~ Channel is unrecoverably broken and will be disposed!
03-29 09:35:11.931  1266  1266 E SmsApplication: com.google.android.apps.messaging lost android:read_cell_broadcasts:  (fixing)
03-29 09:35:11.941   657  1223 E RoleControllerServiceImpl: Default/fallback role holder package doesn't qualify for the role, package: com.google.android.gms, role: android.app.role.WALLET, user: 0
03-29 09:35:11.954  1266  1524 E SmsApplication: com.google.android.apps.messaging lost android:read_cell_broadcasts:  (fixing)
03-29 09:35:12.137 28257 28330 E UsageReportingOptionsSt: INTERNAL_ERROR: setOptInOption should not be called while user is locked. [CONTEXT service_id=41 ]
03-29 09:35:12.226 30963 31145 E ActivityThread: Failed to find provider info for androidx.car.app.connection
03-29 09:35:12.290 31109 31109 E FeatureFlagsImplExport: android.os.flagging.AconfigStorageReadException: ERROR_PACKAGE_NOT_FOUND: package android.xr cannot be found on the device
03-29 09:35:12.343 30749 30817 E ConsumerBase: [ImageReader-46x46f1u2816m2-30749-3] abandonLocked: ConsumerBase is abandoned!
03-29 09:35:12.423 30793 30927 E HandwritingSuperpacksUtil: HandwritingSuperpacksUtil.getPackMappingPackName():42 No pack mapping pack found in []
03-29 09:35:12.506 30793 30793 E AbstractOpenableExtension: AbstractOpenableExtension$1.onFailure():144 failed to parse keyboard group def : 2132213997 -> 0_resource_name_obfuscated. 
03-29 09:35:12.506 30793 30793 E AbstractOpenableExtension: java.util.concurrent.CancellationException: Task was cancelled.
03-29 09:35:12.506 30793 30793 E AbstractOpenableExtension: 	at ufk.i(PG:33)
03-29 09:35:12.506 30793 30793 E AbstractOpenableExtension: 	at ufs.r(PG:24)
03-29 09:35:12.506 30793 30793 E AbstractOpenableExtension: 	at ufk.get(PG:1)
03-29 09:35:12.506 30793 30793 E AbstractOpenableExtension: 	at a.n(PG:2)
03-29 09:35:12.506 30793 30793 E AbstractOpenableExtension: 	at uhk.run(PG:92)
03-29 09:35:12.506 30793 30793 E AbstractOpenableExtension: 	at ugs.execute(PG:1)
03-29 09:35:12.506 30793 30793 E AbstractOpenableExtension: 	at ufk.g(PG:1)
03-29 09:35:12.506 30793 30793 E AbstractOpenableExtension: 	at ufk.l(PG:101)
03-29 09:35:12.506 30793 30793 E AbstractOpenableExtension: 	at ufk.cancel(PG:52)
03-29 09:35:12.506 30793 30793 E AbstractOpenableExtension: 	at ufk.n(PG:17)
03-29 09:35:12.506 30793 30793 E AbstractOpenableExtension: 	at ufw.c(PG:3)
03-29 09:35:12.506 30793 30793 E AbstractOpenableExtension: 	at ufk.l(PG:30)
03-29 09:35:12.506 30793 30793 E AbstractOpenableExtension: 	at ufk.cancel(PG:52)
03-29 09:35:12.506 30793 30793 E AbstractOpenableExtension: 	at fsm.e(PG:64)
03-29 09:35:12.506 30793 30793 E AbstractOpenableExtension: 	at fsm.N(PG:4)
03-29 09:35:12.506 30793 30793 E AbstractOpenableExtension: 	at fsm.O(PG:1)
03-29 09:35:12.506 30793 30793 E AbstractOpenableExtension: 	at may.h(PG:33)
03-29 09:35:12.506 30793 30793 E AbstractOpenableExtension: 	at mwe.ag(PG:20)
03-29 09:35:12.506 30793 30793 E AbstractOpenableExtension: 	at ead.o(PG:247)
03-29 09:35:12.506 30793 30793 E AbstractOpenableExtension: 	at mvz.e(PG:3)
03-29 09:35:12.506 30793 30793 E AbstractOpenableExtension: 	at mtj.dx(PG:9)
03-29 09:35:12.506 30793 30793 E AbstractOpenableExtension: 	at nsh.run(PG:198)
03-29 09:35:12.506 30793 30793 E AbstractOpenableExtension: 	at ugs.execute(PG:1)
03-29 09:35:12.506 30793 30793 E AbstractOpenableExtension: 	at onf.c(PG:14)
03-29 09:35:12.506 30793 30793 E AbstractOpenableExtension: 	at nzd.l(PG:94)
03-29 09:35:12.506 30793 30793 E AbstractOpenableExtension: 	at nzd.j(PG:33)
03-29 09:35:12.506 30793 30793 E AbstractOpenableExtension: 	at oyp.b(PG:154)
03-29 09:35:12.506 30793 30793 E AbstractOpenableExtension: 	at uhk.run(PG:98)
03-29 09:35:12.506 30793 30793 E AbstractOpenableExtension: 	at android.os.Handler.handleCallback(Handler.java:1095)
03-29 09:35:12.506 30793 30793 E AbstractOpenableExtension: 	at android.os.Handler.dispatchMessageImpl(Handler.java:135)
03-29 09:35:12.506 30793 30793 E AbstractOpenableExtension: 	at android.os.Handler.dispatchMessage(Handler.java:125)
03-29 09:35:12.506 30793 30793 E AbstractOpenableExtension: 	at android.os.Looper.loopOnce(Looper.java:292)
03-29 09:35:12.506 30793 30793 E AbstractOpenableExtension: 	at android.os.Looper.loop(Looper.java:393)
03-29 09:35:12.506 30793 30793 E AbstractOpenableExtension: 	at android.app.ActivityThread.main(ActivityThread.java:9486)
03-29 09:35:12.506 30793 30793 E AbstractOpenableExtension: 	at java.lang.reflect.Method.invoke(Native Method)
03-29 09:35:12.506 30793 30793 E AbstractOpenableExtension: 	at com.android.internal.os.RuntimeInit$MethodAndArgsCaller.run(RuntimeInit.java:575)
03-29 09:35:12.506 30793 30793 E AbstractOpenableExtension: 	at com.android.internal.os.ZygoteInit.main(ZygoteInit.java:939)
03-29 09:35:12.506 30793 30793 E AbstractOpenableExtension: AbstractOpenableExtension$1.onFailure():144 failed to parse keyboard group def : 2132213998 -> 0_resource_name_obfuscated. 
03-29 09:35:12.506 30793 30793 E AbstractOpenableExtension: java.util.concurrent.CancellationException: Task was cancelled.
03-29 09:35:12.506 30793 30793 E AbstractOpenableExtension: 	at ufk.i(PG:33)
03-29 09:35:12.506 30793 30793 E AbstractOpenableExtension: 	at ufs.r(PG:24)
03-29 09:35:12.506 30793 30793 E AbstractOpenableExtension: 	at ufk.get(PG:1)
03-29 09:35:12.506 30793 30793 E AbstractOpenableExtension: 	at a.n(PG:2)
03-29 09:35:12.506 30793 30793 E AbstractOpenableExtension: 	at uhk.run(PG:92)
03-29 09:35:12.506 30793 30793 E AbstractOpenableExtension: 	at ugs.execute(PG:1)
03-29 09:35:12.506 30793 30793 E AbstractOpenableExtension: 	at ufk.g(PG:1)
03-29 09:35:12.506 30793 30793 E AbstractOpenableExtension: 	at ufk.l(PG:101)
03-29 09:35:12.506 30793 30793 E AbstractOpenableExtension: 	at ufk.cancel(PG:52)
03-29 09:35:12.506 30793 30793 E AbstractOpenableExtension: 	at ufk.n(PG:17)
03-29 09:35:12.506 30793 30793 E AbstractOpenableExtension: 	at ufw.c(PG:3)
03-29 09:35:12.506 30793 30793 E AbstractOpenableExtension: 	at ufk.l(PG:30)
03-29 09:35:12.506 30793 30793 E AbstractOpenableExtension: 	at ufk.cancel(PG:52)
03-29 09:35:12.506 30793 30793 E AbstractOpenableExtension: 	at fsm.e(PG:64)
03-29 09:35:12.506 30793 30793 E AbstractOpenableExtension: 	at fsm.N(PG:4)
03-29 09:35:12.506 30793 30793 E AbstractOpenableExtension: 	at fsm.O(PG:1)
03-29 09:35:12.506 30793 30793 E AbstractOpenableExtension: 	at may.h(PG:33)
03-29 09:35:12.506 30793 30793 E AbstractOpenableExtension: 	at mwe.ag(PG:20)
03-29 09:35:12.506 30793 30793 E AbstractOpenableExtension: 	at ead.o(PG:247)
03-29 09:35:12.506 30793 30793 E AbstractOpenableExtension: 	at mvz.e(PG:3)
03-29 09:35:12.506 30793 30793 E AbstractOpenableExtension: 	at mtj.dx(PG:9)
03-29 09:35:12.506 30793 30793 E AbstractOpenableExtension: 	at nsh.run(PG:198)
03-29 09:35:12.506 30793 30793 E AbstractOpenableExtension: 	at ugs.execute(PG:1)
03-29 09:35:12.506 30793 30793 E AbstractOpenableExtension: 	at onf.c(PG:14)
03-29 09:35:12.506 30793 30793 E AbstractOpenableExtension: 	at nzd.l(PG:94)
03-29 09:35:12.506 30793 30793 E AbstractOpenableExtension: 	at nzd.j(PG:33)
03-29 09:35:12.506 30793 30793 E AbstractOpenableExtension: 	at oyp.b(PG:154)
03-29 09:35:12.506 30793 30793 E AbstractOpenableExtension: 	at uhk.run(PG:98)
03-29 09:35:12.506 30793 30793 E AbstractOpenableExtension: 	at android.os.Handler.handleCallback(Handler.java:1095)
03-29 09:35:12.506 30793 30793 E AbstractOpenableExtension: 	at android.os.Handler.dispatchMessageImpl(Handler.java:135)
03-29 09:35:12.506 30793 30793 E AbstractOpenableExtension: 	at android.os.Handler.dispatchMessage(Handler.java:125)
03-29 09:35:12.506 30793 30793 E AbstractOpenableExtension: 	at android.os.Looper.loopOnce(Looper.java:292)
03-29 09:35:12.506 30793 30793 E AbstractOpenableExtension: 	at android.os.Looper.loop(Looper.java:393)
03-29 09:35:12.506 30793 30793 E AbstractOpenableExtension: 	at android.app.ActivityThread.main(ActivityThread.java:9486)
03-29 09:35:12.506 30793 30793 E AbstractOpenableExtension: 	at java.lang.reflect.Method.invoke(Native Method)
03-29 09:35:12.506 30793 30793 E AbstractOpenableExtension: 	at com.android.internal.os.RuntimeInit$MethodAndArgsCaller.run(RuntimeInit.java:575)
03-29 09:35:12.506 30793 30793 E AbstractOpenableExtension: 	at com.android.internal.os.ZygoteInit.main(ZygoteInit.java:939)
03-29 09:35:12.610 30947 31090 E Ambient : Installed publisher verification failed
03-29 09:35:12.610 30947 31090 E Ambient : Installed publisher verification failed
03-29 09:35:12.683 30749 30819 E ConsumerBase: [ImageReader-173x173f1u2816m2-30749-4] abandonLocked: ConsumerBase is abandoned!
03-29 09:35:12.856 30947 30962 E AiAiNotificationAssistantService: No completion listener supplied for this service!
03-29 09:35:12.896 31167 31313 E PhotosApiClient: Execution exception occurred: java.util.concurrent.ExecutionException: io.grpc.StatusRuntimeException: UNIMPLEMENTED: bindService(Intent { act=grpc.io.action.BIND xflg=0x4 cmp=com.google.android.apps.photos/.curatedwallpapers.apiservice.PhotosCuratedWallpapersApiService }) returned false
03-29 09:35:13.009 30749 30819 E Launcher.Model: Loader task completed, name: [addCallbacksAndLoad], mIsCommitted=true
03-29 09:35:13.126 30793 31070 E MDDTaskScheduler: MDDTaskScheduler.scheduleDownload():191 work Data {charging : false, mdd_task_tag : download, network : false} scheduled
03-29 09:35:13.209 31189 31215 E DatabaseUtils: Writing exception to parcel
03-29 09:35:13.209 31189 31215 E DatabaseUtils: java.lang.UnsupportedOperationException
03-29 09:35:13.209 31189 31215 E DatabaseUtils: 	at com.google.android.apps.gsa.staticplugins.publiccontent.GsaPublicContentProvider.query(PG:480)
03-29 09:35:13.209 31189 31215 E DatabaseUtils: 	at android.content.ContentProvider.query(ContentProvider.java:1670)
03-29 09:35:13.209 31189 31215 E DatabaseUtils: 	at android.content.ContentProvider.query(ContentProvider.java:1766)
03-29 09:35:13.209 31189 31215 E DatabaseUtils: 	at android.content.ContentProvider$Transport.query(ContentProvider.java:304)
03-29 09:35:13.209 31189 31215 E DatabaseUtils: 	at android.content.ContentProviderNative.onTransact(ContentProviderNative.java:109)
03-29 09:35:13.209 31189 31215 E DatabaseUtils: 	at android.os.Binder.execTransactInternal(Binder.java:1466)
03-29 09:35:13.209 31189 31215 E DatabaseUtils: 	at android.os.Binder.execTransact(Binder.java:1411)
03-29 09:35:13.210 30749 31140 E DoodleDataLoader: Error fetching doodle
03-29 09:35:13.210 30749 31140 E DoodleDataLoader: java.lang.UnsupportedOperationException
03-29 09:35:13.210 30749 31140 E DoodleDataLoader: 	at android.database.DatabaseUtils.readExceptionFromParcel(DatabaseUtils.java:209)
03-29 09:35:13.210 30749 31140 E DoodleDataLoader: 	at android.database.DatabaseUtils.readExceptionFromParcel(DatabaseUtils.java:177)
03-29 09:35:13.210 30749 31140 E DoodleDataLoader: 	at android.content.ContentProviderProxy.query(ContentProviderNative.java:497)
03-29 09:35:13.210 30749 31140 E DoodleDataLoader: 	at android.content.ContentProviderClient.lambda$query$1(ContentProviderClient.java:330)
03-29 09:35:13.210 30749 31140 E DoodleDataLoader: 	at android.content.ContentProviderClient.$r8$lambda$30ruSb8khJgOcMU3BAg6NHb0qXI(ContentProviderClient.java:0)
03-29 09:35:13.210 30749 31140 E DoodleDataLoader: 	at android.content.ContentProviderClient$$ExternalSyntheticLambda5.apply(D8$$SyntheticClass:0)
03-29 09:35:13.210 30749 31140 E DoodleDataLoader: 	at android.content.ContentProviderClient.execute(ContentProviderClient.java:732)
03-29 09:35:13.210 30749 31140 E DoodleDataLoader: 	at android.content.ContentProviderClient.query(ContentProviderClient.java:329)
03-29 09:35:13.210 30749 31140 E DoodleDataLoader: 	at android.content.ContentProviderClient.query(ContentProviderClient.java:320)
03-29 09:35:13.210 30749 31140 E DoodleDataLoader: 	at android.content.ContentProviderClient.query(ContentProviderClient.java:310)
03-29 09:35:13.210 30749 31140 E DoodleDataLoader: 	at l6.d.d(go/retraceme 7226a759aa2bb3787a79806f85d80eaad84f1f1e15acd6db988f2df789d1680d:23)
03-29 09:35:13.210 30749 31140 E DoodleDataLoader: 	at l6.g.run(go/retraceme 7226a759aa2bb3787a79806f85d80eaad84f1f1e15acd6db988f2df789d1680d:2)
03-29 09:35:13.210 30749 31140 E DoodleDataLoader: 	at android.os.Handler.handleCallback(Handler.java:1095)
03-29 09:35:13.210 30749 31140 E DoodleDataLoader: 	at android.os.Handler.dispatchMessageImpl(Handler.java:135)
03-29 09:35:13.210 30749 31140 E DoodleDataLoader: 	at android.os.Handler.dispatchMessage(Handler.java:125)
03-29 09:35:13.210 30749 31140 E DoodleDataLoader: 	at android.os.Looper.loopOnce(Looper.java:292)
03-29 09:35:13.210 30749 31140 E DoodleDataLoader: 	at android.os.Looper.loop(Looper.java:393)
03-29 09:35:13.210 30749 31140 E DoodleDataLoader: 	at android.os.HandlerThread.run(HandlerThread.java:139)
03-29 09:35:13.301 28257 29905 E libbinder.IPCThreadState: Binder transaction failure. id: 841982, cmd: BR_DEAD_REPLY (29189), error: -22 (Invalid argument)
03-29 09:35:13.352 28257 29905 E libbinder.IPCThreadState: Binder transaction failure. id: 842225, cmd: BR_DEAD_REPLY (29189), error: -22 (Invalid argument)
03-29 09:35:13.374 28257 29905 E libbinder.IPCThreadState: Binder transaction failure. id: 842445, cmd: BR_DEAD_REPLY (29189), error: -22 (Invalid argument)
03-29 09:35:13.386 28257 29905 E libbinder.IPCThreadState: Binder transaction failure. id: 842474, cmd: BR_DEAD_REPLY (29189), error: -22 (Invalid argument)
03-29 09:35:13.396 28257 29905 E libbinder.IPCThreadState: Binder transaction failure. id: 842515, cmd: BR_DEAD_REPLY (29189), error: -22 (Invalid argument)
03-29 09:35:13.398 28257 29905 E libbinder.IPCThreadState: Binder transaction failure. id: 842552, cmd: BR_DEAD_REPLY (29189), error: -22 (Invalid argument)
03-29 09:35:13.398 28257 29905 E libbinder.IPCThreadState: Binder transaction failure. id: 842554, cmd: BR_DEAD_REPLY (29189), error: -22 (Invalid argument)
03-29 09:35:13.400 28257 29905 E libbinder.IPCThreadState: Binder transaction failure. id: 842557, cmd: BR_DEAD_REPLY (29189), error: -22 (Invalid argument)
03-29 09:35:13.428   657  2001 E libbinder.IPCThreadState: Binder transaction failure. id: 842612, cmd: BR_DEAD_REPLY (29189), error: -3 (No such process)
03-29 09:35:13.453   657   657 E libbinder.IPCThreadState: Binder transaction failure. id: 842715, cmd: BR_DEAD_REPLY (29189), error: -22 (Invalid argument)
03-29 09:35:13.456   657   770 E InputDispatcher: channel 'stylus-handwriting-event-receiver-0' ~ Channel is unrecoverably broken and will be disposed!
03-29 09:35:13.665   657  5543 E TaskPersister: File error accessing recents directory (directory doesn't exist?).
03-29 09:35:13.888 31198 31404 E libbinder.IPCThreadState: Binder transaction failure. id: 845272, cmd: BR_DEAD_REPLY (29189), error: -3 (No such process)
03-29 09:35:14.175   302   307 E lowmemorykiller: process_mrelease 31109 failed: No such process
03-29 09:35:14.205   657   770 E InputDispatcher: channel '[Gesture Monitor] swipe-up' ~ Channel is unrecoverably broken and will be disposed!
03-29 09:35:14.206   657   770 E InputDispatcher: channel '[Gesture Monitor] minus-one' ~ Channel is unrecoverably broken and will be disposed!
03-29 09:35:14.206   657   770 E InputDispatcher: channel '665a57 Taskbar' ~ Channel is unrecoverably broken and will be disposed!
03-29 09:35:14.207   657   770 E libbinder.IPCThreadState: Binder transaction failure. id: 847861, cmd: BR_DEAD_REPLY (29189), error: -3 (No such process)
03-29 09:35:14.209   657   770 E libbinder.IPCThreadState: Binder transaction failure. id: 847876, cmd: BR_DEAD_REPLY (29189), error: -3 (No such process)
03-29 09:35:14.210   657   770 E InputDispatcher: channel '70deab4 com.google.android.apps.nexuslauncher/com.google.android.apps.nexuslauncher.NexusLauncherActivity' ~ Channel is unrecoverably broken and will be disposed!
03-29 09:35:14.210  1101  1146 E libbinder.IPCThreadState: Binder transaction failure. id: 847877, cmd: BR_DEAD_REPLY (29189), error: -3 (No such process)
03-29 09:35:14.211  1101  1146 E SingleInstanceRemoteListener: Failed remote call
03-29 09:35:14.211  1101  1146 E SingleInstanceRemoteListener: android.os.DeadObjectException
03-29 09:35:14.211  1101  1146 E SingleInstanceRemoteListener: 	at android.os.BinderProxy.transactNative(Native Method)
03-29 09:35:14.211  1101  1146 E SingleInstanceRemoteListener: 	at android.os.BinderProxy.transact(BinderProxy.java:617)
03-29 09:35:14.211  1101  1146 E SingleInstanceRemoteListener: 	at com.android.wm.shell.transition.HomeTransitionObserver$1.insetsChanged(go/retraceme 2b9555e93469c570fe1eba6e00ba55c641998f0b05ea4e8d6000e443e74ca7fc:41)
03-29 09:35:14.211  1101  1146 E SingleInstanceRemoteListener: 	at com.android.wm.shell.common.DisplayInsetsController$OnInsetsChangedListener.insetsChanged(go/retraceme 2b9555e93469c570fe1eba6e00ba55c641998f0b05ea4e8d6000e443e74ca7fc:0)
03-29 09:35:14.211  1101  1146 E SingleInstanceRemoteListener: 	at com.android.wm.shell.common.DisplayInsetsController$PerDisplay$DisplayWindowInsetsControllerImpl$$ExternalSyntheticLambda4.run(go/retraceme 2b9555e93469c570fe1eba6e00ba55c641998f0b05ea4e8d6000e443e74ca7fc:204)
03-29 09:35:14.211  1101  1146 E SingleInstanceRemoteListener: 	at android.os.Handler.handleCallback(Handler.java:1095)
03-29 09:35:14.211  1101  1146 E SingleInstanceRemoteListener: 	at android.os.Handler.dispatchMessageImpl(Handler.java:135)
03-29 09:35:14.211  1101  1146 E SingleInstanceRemoteListener: 	at android.os.Handler.dispatchMessage(Handler.java:125)
03-29 09:35:14.211  1101  1146 E SingleInstanceRemoteListener: 	at android.os.Looper.loopOnce(Looper.java:292)
03-29 09:35:14.211  1101  1146 E SingleInstanceRemoteListener: 	at android.os.Looper.loop(Looper.java:393)
03-29 09:35:14.211  1101  1146 E SingleInstanceRemoteListener: 	at android.os.HandlerThread.run(HandlerThread.java:139)
03-29 09:35:14.218  1101  1101 E TaskbarDelegate: updateWallpaperVisibility() failed, visible: false
03-29 09:35:14.218  1101  1101 E TaskbarDelegate: android.os.DeadObjectException
03-29 09:35:14.218  1101  1101 E TaskbarDelegate: 	at android.os.BinderProxy.transactNative(Native Method)
03-29 09:35:14.218  1101  1101 E TaskbarDelegate: 	at android.os.BinderProxy.transact(BinderProxy.java:617)
03-29 09:35:14.218  1101  1101 E TaskbarDelegate: 	at com.android.systemui.navigationbar.TaskbarDelegate$1.updateWallpaperVisibility(go/retraceme 2b9555e93469c570fe1eba6e00ba55c641998f0b05ea4e8d6000e443e74ca7fc:34)
03-29 09:35:14.218  1101  1101 E TaskbarDelegate: 	at com.android.systemui.navigationbar.NavBarHelper$2$$ExternalSyntheticLambda0.run(go/retraceme 2b9555e93469c570fe1eba6e00ba55c641998f0b05ea4e8d6000e443e74ca7fc:28)
03-29 09:35:14.218  1101  1101 E TaskbarDelegate: 	at android.os.Handler.handleCallback(Handler.java:1095)
03-29 09:35:14.218  1101  1101 E TaskbarDelegate: 	at android.os.Handler.dispatchMessageImpl(Handler.java:135)
03-29 09:35:14.218  1101  1101 E TaskbarDelegate: 	at android.os.Handler.dispatchMessage(Handler.java:125)
03-29 09:35:14.218  1101  1101 E TaskbarDelegate: 	at android.os.Looper.loopOnce(Looper.java:292)
03-29 09:35:14.218  1101  1101 E TaskbarDelegate: 	at android.os.Looper.loop(Looper.java:393)
03-29 09:35:14.218  1101  1101 E TaskbarDelegate: 	at android.app.ActivityThread.main(ActivityThread.java:9486)
03-29 09:35:14.218  1101  1101 E TaskbarDelegate: 	at java.lang.reflect.Method.invoke(Native Method)
03-29 09:35:14.218  1101  1101 E TaskbarDelegate: 	at com.android.internal.os.RuntimeInit$MethodAndArgsCaller.run(RuntimeInit.java:575)
03-29 09:35:14.218  1101  1101 E TaskbarDelegate: 	at com.android.internal.os.ZygoteInit.main(ZygoteInit.java:939)
03-29 09:35:14.218  1101  1101 E LauncherProxyService: Failed to call onSystemBarAttributesChanged()
03-29 09:35:14.218  1101  1101 E LauncherProxyService: android.os.DeadObjectException
03-29 09:35:14.218  1101  1101 E LauncherProxyService: 	at android.os.BinderProxy.transactNative(Native Method)
03-29 09:35:14.218  1101  1101 E LauncherProxyService: 	at android.os.BinderProxy.transact(BinderProxy.java:617)
03-29 09:35:14.218  1101  1101 E LauncherProxyService: 	at com.android.systemui.navigationbar.TaskbarDelegate.onSystemBarAttributesChanged(go/retraceme 2b9555e93469c570fe1eba6e00ba55c641998f0b05ea4e8d6000e443e74ca7fc:36)
03-29 09:35:14.218  1101  1101 E LauncherProxyService: 	at com.android.systemui.statusbar.CommandQueue$H.handleMessage(go/retraceme 2b9555e93469c570fe1eba6e00ba55c641998f0b05ea4e8d6000e443e74ca7fc:2670)
03-29 09:35:14.218  1101  1101 E LauncherProxyService: 	at android.os.Handler.dispatchMessageImpl(Handler.java:142)
03-29 09:35:14.218  1101  1101 E LauncherProxyService: 	at android.os.Handler.dispatchMessage(Handler.java:125)
03-29 09:35:14.218  1101  1101 E LauncherProxyService: 	at android.os.Looper.loopOnce(Looper.java:292)
03-29 09:35:14.218  1101  1101 E LauncherProxyService: 	at android.os.Looper.loop(Looper.java:393)
03-29 09:35:14.218  1101  1101 E LauncherProxyService: 	at android.app.ActivityThread.main(ActivityThread.java:9486)
03-29 09:35:14.218  1101  1101 E LauncherProxyService: 	at java.lang.reflect.Method.invoke(Native Method)
03-29 09:35:14.218  1101  1101 E LauncherProxyService: 	at com.android.internal.os.RuntimeInit$MethodAndArgsCaller.run(RuntimeInit.java:575)
03-29 09:35:14.218  1101  1101 E LauncherProxyService: 	at com.android.internal.os.ZygoteInit.main(ZygoteInit.java:939)
03-29 09:35:14.264   528   528 E BpTransactionCompletedListener: Failed to transact (-32)
03-29 09:35:14.264   528   528 E BpTransactionCompletedListener: Failed to transact (-32)
03-29 09:35:14.292   657  1866 E AppOps  : Bad call made by uid 1000. Package "com.google.android.googlequicksearchbox" does not belong to uid 1000.
03-29 09:35:14.522   657  1006 E Nl80211Native: getChannelsMhzForBand: Wiphy index not recorded for band 8
03-29 09:35:14.522   657  1006 E Nl80211Native: getChannelsMhzForBand: Wiphy index not recorded for band 16
03-29 09:35:14.533 31545 31545 E ConsumerBase: [ImageReader-173x173f1u2816m2-31545-0] abandonLocked: ConsumerBase is abandoned!
03-29 09:35:14.574 31545 31564 E NexusCSStateManager: Failed to fetch from AppSearch
03-29 09:35:14.574 31545 31564 E NexusCSStateManager: java.util.NoSuchElementException: No value present
03-29 09:35:14.574 31545 31564 E NexusCSStateManager: 	at java.util.Optional.get(Optional.java:143)
03-29 09:35:14.574 31545 31564 E NexusCSStateManager: 	at p6.l.onResult(go/retraceme 7226a759aa2bb3787a79806f85d80eaad84f1f1e15acd6db988f2df789d1680d:36)
03-29 09:35:14.574 31545 31564 E NexusCSStateManager: 	at android.app.appsearch.SearchSessionUtil$1.lambda$onResult$0(go/retraceme 50c746ee5c32f88f733077ebeb4008935661f54b3d9e8e373e734d129bb80b29:144)
03-29 09:35:14.574 31545 31564 E NexusCSStateManager: 	at android.app.appsearch.SearchSessionUtil$1.$r8$lambda$CEk3q8sDAQVhU3rQwVueB8FAj_M(go/retraceme 50c746ee5c32f88f733077ebeb4008935661f54b3d9e8e373e734d129bb80b29:1)
03-29 09:35:14.574 31545 31564 E NexusCSStateManager: 	at android.app.appsearch.SearchSessionUtil$1$$ExternalSyntheticLambda0.run(go/retraceme 50c746ee5c32f88f733077ebeb4008935661f54b3d9e8e373e734d129bb80b29:22)
03-29 09:35:14.574 31545 31564 E NexusCSStateManager: 	at androidx.appfunctions.internal.e.execute(go/retraceme 7226a759aa2bb3787a79806f85d80eaad84f1f1e15acd6db988f2df789d1680d:0)
03-29 09:35:14.574 31545 31564 E NexusCSStateManager: 	at android.app.appsearch.SearchSessionUtil.safeExecute(go/retraceme 50c746ee5c32f88f733077ebeb4008935661f54b3d9e8e373e734d129bb80b29:21)
03-29 09:35:14.574 31545 31564 E NexusCSStateManager: 	at android.app.appsearch.SearchSessionUtil$1.onResult(go/retraceme 50c746ee5c32f88f733077ebeb4008935661f54b3d9e8e373e734d129bb80b29:18)
03-29 09:35:14.574 31545 31564 E NexusCSStateManager: 	at android.app.appsearch.aidl.IAppSearchBatchResultCallback$Stub.onTransact(go/retraceme 50c746ee5c32f88f733077ebeb4008935661f54b3d9e8e373e734d129bb80b29:50)
03-29 09:35:14.574 31545 31564 E NexusCSStateManager: 	at android.os.Binder.execTransactInternal(Binder.java:1471)
03-29 09:35:14.574 31545 31564 E NexusCSStateManager: 	at android.os.Binder.execTransact(Binder.java:1411)
03-29 09:35:14.632 31536 31603 E Ambient : Installed publisher verification failed
03-29 09:35:14.633 31536 31603 E Ambient : Installed publisher verification failed
03-29 09:35:14.657 31536 31549 E AiAiNotificationAssistantService: No completion listener supplied for this service!
03-29 09:35:14.658 31545 31545 E RecyclerView: Cannot scroll to position a LayoutManager set. Call setLayoutManager with a non-null argument.
03-29 09:35:14.659 31545 31545 E RecyclerView: Cannot scroll to position a LayoutManager set. Call setLayoutManager with a non-null argument.
03-29 09:35:14.704  1101  1101 E LauncherProxyService: Failed to get launcher proxy for system bar attr change.
03-29 09:35:14.724 31545 31545 E ConsumerBase: [ImageReader-1x1f1u2816m2-31545-1] abandonLocked: ConsumerBase is abandoned!
03-29 09:35:14.751  1101  1146 E SingleInstanceRemoteListener: Failed remote call on null listener
03-29 09:35:14.856   657   685 E PackageManager: Optimistic bind failed.
03-29 09:35:14.856   657   685 E PackageManager: java.util.concurrent.TimeoutException: [Optimistic Bind] Didn't bind to resolver in time!
03-29 09:35:14.856   657   685 E PackageManager: 	at com.android.server.pm.InstantAppResolverConnection.waitForBindLocked(InstantAppResolverConnection.java:160)
03-29 09:35:14.856   657   685 E PackageManager: 	at com.android.server.pm.InstantAppResolverConnection.bind(InstantAppResolverConnection.java:230)
03-29 09:35:14.856   657   685 E PackageManager: 	at com.android.server.pm.InstantAppResolverConnection.lambda$optimisticBind$0(InstantAppResolverConnection.java:260)
03-29 09:35:14.856   657   685 E PackageManager: 	at com.android.server.pm.InstantAppResolverConnection.$r8$lambda$66W2s2mMKe4pk_xXCScH9RCqav8(InstantAppResolverConnection.java:0)
03-29 09:35:14.856   657   685 E PackageManager: 	at com.android.server.pm.InstantAppResolverConnection$$ExternalSyntheticLambda0.run(R8$$SyntheticClass:0)
03-29 09:35:14.856   657   685 E PackageManager: 	at android.os.Handler.handleCallback(Handler.java:1095)
03-29 09:35:14.856   657   685 E PackageManager: 	at android.os.Handler.dispatchMessageImpl(Handler.java:135)
03-29 09:35:14.856   657   685 E PackageManager: 	at android.os.Handler.dispatchMessage(Handler.java:125)
03-29 09:35:14.856   657   685 E PackageManager: 	at android.os.Looper.loopOnce(Looper.java:292)
03-29 09:35:14.856   657   685 E PackageManager: 	at android.os.Looper.loop(Looper.java:393)
03-29 09:35:14.856   657   685 E PackageManager: 	at android.os.HandlerThread.run(HandlerThread.java:139)
03-29 09:35:14.928  1101  1146 E SingleInstanceRemoteListener: Failed remote call on null listener
03-29 09:35:14.976 31545 31592 E ConsumerBase: [ImageReader-173x173f1u2816m2-31545-2] abandonLocked: ConsumerBase is abandoned!
03-29 09:35:15.179 31545 31590 E ConsumerBase: [ImageReader-46x46f1u2816m2-31545-3] abandonLocked: ConsumerBase is abandoned!
03-29 09:35:15.421 31545 31592 E ConsumerBase: [ImageReader-173x173f1u2816m2-31545-4] abandonLocked: ConsumerBase is abandoned!
03-29 09:35:15.457 31808 31926 E PhotosApiClient: Execution exception occurred: java.util.concurrent.ExecutionException: io.grpc.StatusRuntimeException: UNIMPLEMENTED: bindService(Intent { act=grpc.io.action.BIND xflg=0x4 cmp=com.google.android.apps.photos/.curatedwallpapers.apiservice.PhotosCuratedWallpapersApiService }) returned false
03-29 09:35:15.515 31536 31628 E AiAiEcho: EchoSearch: SettingsFetcherImpl: DB already exists.
03-29 09:35:15.565 31811 31842 E DatabaseUtils: Writing exception to parcel
03-29 09:35:15.565 31811 31842 E DatabaseUtils: java.lang.UnsupportedOperationException
03-29 09:35:15.565 31811 31842 E DatabaseUtils: 	at com.google.android.apps.gsa.staticplugins.publiccontent.GsaPublicContentProvider.query(PG:480)
03-29 09:35:15.565 31811 31842 E DatabaseUtils: 	at android.content.ContentProvider.query(ContentProvider.java:1670)
03-29 09:35:15.565 31811 31842 E DatabaseUtils: 	at android.content.ContentProvider.query(ContentProvider.java:1766)
03-29 09:35:15.565 31811 31842 E DatabaseUtils: 	at android.content.ContentProvider$Transport.query(ContentProvider.java:304)
03-29 09:35:15.565 31811 31842 E DatabaseUtils: 	at android.content.ContentProviderNative.onTransact(ContentProviderNative.java:109)
03-29 09:35:15.565 31811 31842 E DatabaseUtils: 	at android.os.Binder.execTransactInternal(Binder.java:1466)
03-29 09:35:15.565 31811 31842 E DatabaseUtils: 	at android.os.Binder.execTransact(Binder.java:1411)
03-29 09:35:15.566 31545 31805 E DoodleDataLoader: Error fetching doodle
03-29 09:35:15.566 31545 31805 E DoodleDataLoader: java.lang.UnsupportedOperationException
03-29 09:35:15.566 31545 31805 E DoodleDataLoader: 	at android.database.DatabaseUtils.readExceptionFromParcel(DatabaseUtils.java:209)
03-29 09:35:15.566 31545 31805 E DoodleDataLoader: 	at android.database.DatabaseUtils.readExceptionFromParcel(DatabaseUtils.java:177)
03-29 09:35:15.566 31545 31805 E DoodleDataLoader: 	at android.content.ContentProviderProxy.query(ContentProviderNative.java:497)
