03-29 09:30:10.917   657  1190 E AppOps  : Bad call made by uid 1000. Package "com.google.android.googlequicksearchbox" does not belong to uid 1000.
03-29 09:30:10.973   657  1959 E AppOps  : Bad call made by uid 1000. Package "com.google.android.googlequicksearchbox" does not belong to uid 1000.
03-29 09:30:11.504   657  5543 E TaskPersister: File error accessing recents directory (directory doesn't exist?).
03-29 09:30:11.504   657  5543 E TaskPersister: File error accessing recents directory (directory doesn't exist?).
03-29 09:30:11.575  1101  1146 E SingleInstanceRemoteListener: Failed remote call on null listener
03-29 09:30:11.809  1101  1146 E SingleInstanceRemoteListener: Failed remote call on null listener
03-29 09:30:12.074   657   770 E WindowManager: Failed to notify SystemGestureExclusionListener
03-29 09:30:12.074   657   770 E WindowManager: android.os.DeadObjectException
03-29 09:30:12.074   657   770 E WindowManager: 	at android.os.BinderProxy.transactNative(Native Method)
03-29 09:30:12.074   657   770 E WindowManager: 	at android.os.BinderProxy.transact(BinderProxy.java:617)
03-29 09:30:12.074   657   770 E WindowManager: 	at android.view.ISystemGestureExclusionListener$Stub$Proxy.onSystemGestureExclusionChanged(ISystemGestureExclusionListener.java:149)
03-29 09:30:12.074   657   770 E WindowManager: 	at com.android.server.wm.DisplayContent.updateSystemGestureExclusion(DisplayContent.java:6160)
03-29 09:30:12.074   657   770 E WindowManager: 	at com.android.server.wm.RootWindowContainer.$r8$lambda$duiRZ8o9OFmknC4bfox9QU5nVF8(RootWindowContainer.java:841)
03-29 09:30:12.074   657   770 E WindowManager: 	at com.android.server.wm.RootWindowContainer$$ExternalSyntheticLambda20.accept(R8$$SyntheticClass:0)
03-29 09:30:12.074   657   770 E WindowManager: 	at com.android.server.wm.RootWindowContainer.forAllDisplays(RootWindowContainer.java:1104)
03-29 09:30:12.074   657   770 E WindowManager: 	at com.android.server.wm.RootWindowContainer.performSurfacePlacement(RootWindowContainer.java:839)
03-29 09:30:12.074   657   770 E WindowManager: 	at com.android.server.wm.WindowSurfacePlacer.performSurfacePlacementLoop(WindowSurfacePlacer.java:176)
03-29 09:30:12.074   657   770 E WindowManager: 	at com.android.server.wm.WindowSurfacePlacer.performSurfacePlacement(WindowSurfacePlacer.java:124)
03-29 09:30:12.074   657   770 E WindowManager: 	at com.android.server.wm.WindowSurfacePlacer.performSurfacePlacement(WindowSurfacePlacer.java:113)
03-29 09:30:12.074   657   770 E WindowManager: 	at com.android.server.wm.WindowManagerService.postWindowRemoveCleanupLocked(WindowManagerService.java:2336)
03-29 09:30:12.074   657   770 E WindowManager: 	at com.android.server.wm.WindowState.removeImmediately(WindowState.java:2346)
03-29 09:30:12.074   657   770 E WindowManager: 	at com.android.server.wm.WindowState.removeIfPossible(WindowState.java:2519)
03-29 09:30:12.074   657   770 E WindowManager: 	at com.android.server.wm.InputManagerCallback.notifyInputChannelBroken(InputManagerCallback.java:95)
03-29 09:30:12.074   657   770 E WindowManager: 	at com.android.server.input.InputManagerService.notifyInputChannelBroken(InputManagerService.java:2614)
03-29 09:30:12.076  1101  1146 E SingleInstanceRemoteListener: Failed remote call on null listener
03-29 09:30:12.125   657  1696 E ActivityManager: Attempting to schedule restart of ServiceRecord{e191a3d u0 com.google.android.gms/.icing.service.IndexService c:com.google.android.gms} when found in map: null
03-29 09:30:12.193  1101  1238 E ActivityThread: Failed to find provider info for com.google.android.apps.turbo.estimated_time_remaining
03-29 09:30:12.310   657   685 E PackageManager: Optimistic bind failed.
03-29 09:30:12.310   657   685 E PackageManager: java.util.concurrent.TimeoutException: [Optimistic Bind] Didn't bind to resolver in time!
03-29 09:30:12.310   657   685 E PackageManager: 	at com.android.server.pm.InstantAppResolverConnection.waitForBindLocked(InstantAppResolverConnection.java:160)
03-29 09:30:12.310   657   685 E PackageManager: 	at com.android.server.pm.InstantAppResolverConnection.bind(InstantAppResolverConnection.java:230)
03-29 09:30:12.310   657   685 E PackageManager: 	at com.android.server.pm.InstantAppResolverConnection.lambda$optimisticBind$0(InstantAppResolverConnection.java:260)
03-29 09:30:12.310   657   685 E PackageManager: 	at com.android.server.pm.InstantAppResolverConnection.$r8$lambda$66W2s2mMKe4pk_xXCScH9RCqav8(InstantAppResolverConnection.java:0)
03-29 09:30:12.310   657   685 E PackageManager: 	at com.android.server.pm.InstantAppResolverConnection$$ExternalSyntheticLambda0.run(R8$$SyntheticClass:0)
03-29 09:30:12.310   657   685 E PackageManager: 	at android.os.Handler.handleCallback(Handler.java:1095)
03-29 09:30:12.310   657   685 E PackageManager: 	at android.os.Handler.dispatchMessageImpl(Handler.java:135)
03-29 09:30:12.310   657   685 E PackageManager: 	at android.os.Handler.dispatchMessage(Handler.java:125)
03-29 09:30:12.310   657   685 E PackageManager: 	at android.os.Looper.loopOnce(Looper.java:292)
03-29 09:30:12.310   657   685 E PackageManager: 	at android.os.Looper.loop(Looper.java:393)
03-29 09:30:12.310   657   685 E PackageManager: 	at android.os.HandlerThread.run(HandlerThread.java:139)
03-29 09:30:12.734  5779  5895 E PackagePolicyHandler: Failed to setUserControlDisabledPackages
03-29 09:30:12.734  5779  5895 E PackagePolicyHandler: java.lang.SecurityException: Caller does not have the required permissions for this user. Permission required: android.permission.MANAGE_DEVICE_POLICY_APPS_CONTROL.
03-29 09:30:12.734  5779  5895 E PackagePolicyHandler: 	at android.os.Parcel.createExceptionOrNull(Parcel.java:3383)
03-29 09:30:12.734  5779  5895 E PackagePolicyHandler: 	at android.os.Parcel.createException(Parcel.java:3367)
03-29 09:30:12.734  5779  5895 E PackagePolicyHandler: 	at android.os.Parcel.readException(Parcel.java:3350)
03-29 09:30:12.734  5779  5895 E PackagePolicyHandler: 	at android.os.Parcel.readException(Parcel.java:3292)
03-29 09:30:12.734  5779  5895 E PackagePolicyHandler: 	at android.app.admin.IDevicePolicyManager$Stub$Proxy.setUserControlDisabledPackages(IDevicePolicyManager.java:13125)
03-29 09:30:12.734  5779  5895 E PackagePolicyHandler: 	at android.app.admin.DevicePolicyManager.setUserControlDisabledPackages(DevicePolicyManager.java:17439)
03-29 09:30:12.734  5779  5895 E PackagePolicyHandler: 	at com.android.devicelockcontroller.policy.PackagePolicyHandler.lambda$enablePackageProtection$0(PackagePolicyHandler.java:86)
03-29 09:30:12.734  5779  5895 E PackagePolicyHandler: 	at com.android.devicelockcontroller.policy.PackagePolicyHandler.$r8$lambda$CG-8AwQF-Boufxx8rK8KcOWs2bs(PackagePolicyHandler.java:0)
03-29 09:30:12.734  5779  5895 E PackagePolicyHandler: 	at com.android.devicelockcontroller.policy.PackagePolicyHandler$$ExternalSyntheticLambda0.apply(R8$$SyntheticClass:0)
03-29 09:30:12.734  5779  5895 E PackagePolicyHandler: 	at com.google.common.util.concurrent.AbstractTransformFuture$TransformFuture.doTransform(AbstractTransformFuture.java:258)
03-29 09:30:12.734  5779  5895 E PackagePolicyHandler: 	at com.google.common.util.concurrent.AbstractTransformFuture$TransformFuture.doTransform(AbstractTransformFuture.java:248)
03-29 09:30:12.734  5779  5895 E PackagePolicyHandler: 	at com.google.common.util.concurrent.AbstractTransformFuture.run(AbstractTransformFuture.java:129)
03-29 09:30:12.734  5779  5895 E PackagePolicyHandler: 	at java.util.concurrent.ThreadPoolExecutor.runWorker(ThreadPoolExecutor.java:1100)
03-29 09:30:12.734  5779  5895 E PackagePolicyHandler: 	at java.util.concurrent.ThreadPoolExecutor$Worker.run(ThreadPoolExecutor.java:624)
03-29 09:30:12.734  5779  5895 E PackagePolicyHandler: 	at java.lang.Thread.run(Thread.java:1572)
03-29 09:30:12.734  5779  5895 E PackagePolicyHandler: Caused by: android.os.RemoteException: Remote stack trace:
03-29 09:30:12.734  5779  5895 E PackagePolicyHandler: 	at com.android.server.TelephonyRegistry$$ExternalSyntheticBUOutline0.m(R8$$SyntheticClass:0)
03-29 09:30:12.734  5779  5895 E PackagePolicyHandler: 	at com.android.server.devicepolicy.PermissionChecker.enforce(PermissionChecker.java:752)
03-29 09:30:12.734  5779  5895 E PackagePolicyHandler: 	at com.android.server.devicepolicy.DevicePolicyManagerService.setUserControlDisabledPackages(DevicePolicyManagerService.java:20165)
03-29 09:30:12.734  5779  5895 E PackagePolicyHandler: 	at android.app.admin.IDevicePolicyManager$Stub.onTransact$setUserControlDisabledPackages$(IDevicePolicyManager.java:16587)
03-29 09:30:12.734  5779  5895 E PackagePolicyHandler: 	at android.app.admin.IDevicePolicyManager$Stub.onTransact(IDevicePolicyManager.java:6171)
03-29 09:30:12.734  5779  5895 E PackagePolicyHandler: 
03-29 09:30:12.735  5779  5896 E DeviceLockControllerService: Failed to perform the request
03-29 09:30:12.735  5779  5896 E DeviceLockControllerService: java.lang.IllegalStateException: Failed to enforce policies for provision state 0 and device state 0
03-29 09:30:12.735  5779  5896 E DeviceLockControllerService: 	at com.android.devicelockcontroller.policy.DevicePolicyControllerImpl.lambda$enforcePoliciesForCurrentStates$9(DevicePolicyControllerImpl.java:358)
03-29 09:30:12.735  5779  5896 E DeviceLockControllerService: 	at com.android.devicelockcontroller.policy.DevicePolicyControllerImpl.$r8$lambda$9OWCcDI4trKmODcF9tIIxajiSgM(DevicePolicyControllerImpl.java:0)
03-29 09:30:12.735  5779  5896 E DeviceLockControllerService: 	at com.android.devicelockcontroller.policy.DevicePolicyControllerImpl$$ExternalSyntheticLambda17.apply(R8$$SyntheticClass:0)
03-29 09:30:12.735  5779  5896 E DeviceLockControllerService: 	at com.google.common.util.concurrent.AbstractTransformFuture$TransformFuture.doTransform(AbstractTransformFuture.java:258)
03-29 09:30:12.735  5779  5896 E DeviceLockControllerService: 	at com.google.common.util.concurrent.AbstractTransformFuture$TransformFuture.doTransform(AbstractTransformFuture.java:248)
03-29 09:30:12.735  5779  5896 E DeviceLockControllerService: 	at com.google.common.util.concurrent.AbstractTransformFuture.run(AbstractTransformFuture.java:129)
03-29 09:30:12.735  5779  5896 E DeviceLockControllerService: 	at com.google.common.util.concurrent.DirectExecutor.execute(DirectExecutor.java:31)
03-29 09:30:12.735  5779  5896 E DeviceLockControllerService: 	at com.google.common.util.concurrent.AbstractFuture.executeListener(AbstractFuture.java:1300)
03-29 09:30:12.735  5779  5896 E DeviceLockControllerService: 	at com.google.common.util.concurrent.AbstractFuture.complete(AbstractFuture.java:1061)
03-29 09:30:12.735  5779  5896 E DeviceLockControllerService: 	at com.google.common.util.concurrent.AbstractFuture.set(AbstractFuture.java:786)
03-29 09:30:12.735  5779  5896 E DeviceLockControllerService: 	at com.google.common.util.concurrent.CollectionFuture.handleAllCompleted(CollectionFuture.java:72)
03-29 09:30:12.735  5779  5896 E DeviceLockControllerService: 	at com.google.common.util.concurrent.AggregateFuture.processCompleted(AggregateFuture.java:316)
03-29 09:30:12.735  5779  5896 E DeviceLockControllerService: 	at com.google.common.util.concurrent.AggregateFuture.decrementCountAndMaybeComplete(AggregateFuture.java:298)
03-29 09:30:12.735  5779  5896 E DeviceLockControllerService: 	at com.google.common.util.concurrent.AggregateFuture.processAllMustSucceedDoneFuture(AggregateFuture.java:198)
03-29 09:30:12.735  5779  5896 E DeviceLockControllerService: 	at com.google.common.util.concurrent.AggregateFuture.$r8$lambda$b6iaIjtd22FkSuzCmWyTO5V1cdM(AggregateFuture.java:148)
03-29 09:30:12.735  5779  5896 E DeviceLockControllerService: 	at com.google.common.util.concurrent.AggregateFuture$$ExternalSyntheticLambda0.run(R8$$SyntheticClass:0)
03-29 09:30:12.735  5779  5896 E DeviceLockControllerService: 	at com.google.common.util.concurrent.DirectExecutor.execute(DirectExecutor.java:31)
03-29 09:30:12.735  5779  5896 E DeviceLockControllerService: 	at com.google.common.util.concurrent.AbstractFuture.executeListener(AbstractFuture.java:1300)
03-29 09:30:12.735  5779  5896 E DeviceLockControllerService: 	at com.google.common.util.concurrent.AbstractFuture.complete(AbstractFuture.java:1061)
03-29 09:30:12.735  5779  5896 E DeviceLockControllerService: 	at com.google.common.util.concurrent.AbstractFuture.set(AbstractFuture.java:786)
03-29 09:30:12.735  5779  5896 E DeviceLockControllerService: 	at com.google.common.util.concurrent.AbstractTransformFuture$TransformFuture.setResult(AbstractTransformFuture.java:263)
03-29 09:30:12.735  5779  5896 E DeviceLockControllerService: 	at com.google.common.util.concurrent.AbstractTransformFuture.run(AbstractTransformFuture.java:175)
03-29 09:30:12.735  5779  5896 E DeviceLockControllerService: 	at java.util.concurrent.ThreadPoolExecutor.runWorker(ThreadPoolExecutor.java:1100)
03-29 09:30:12.735  5779  5896 E DeviceLockControllerService: 	at java.util.concurrent.ThreadPoolExecutor$Worker.run(ThreadPoolExecutor.java:624)
03-29 09:30:12.735  5779  5896 E DeviceLockControllerService: 	at java.lang.Thread.run(Thread.java:1572)
03-29 09:30:13.056   657  1035 E AppWidgetServiceImpl: Widget host dead: HostId{user:0, app:10193, hostId:1025, pkg:com.google.android.apps.nexuslauncher}
03-29 09:30:13.056   657  1035 E AppWidgetServiceImpl: android.os.DeadObjectException
03-29 09:30:13.056   657  1035 E AppWidgetServiceImpl: 	at android.os.BinderProxy.transactNative(Native Method)
03-29 09:30:13.056   657  1035 E AppWidgetServiceImpl: 	at android.os.BinderProxy.transact(BinderProxy.java:617)
03-29 09:30:13.056   657  1035 E AppWidgetServiceImpl: 	at com.android.internal.appwidget.IAppWidgetHost$Stub$Proxy.providerChanged(IAppWidgetHost.java:219)
03-29 09:30:13.056   657  1035 E AppWidgetServiceImpl: 	at com.android.server.appwidget.AppWidgetServiceImpl.handleNotifyProviderChanged(AppWidgetServiceImpl.java:3366)
03-29 09:30:13.056   657  1035 E AppWidgetServiceImpl: 	at com.android.server.appwidget.AppWidgetServiceImpl.-$$Nest$mhandleNotifyProviderChanged(AppWidgetServiceImpl.java:0)
03-29 09:30:13.056   657  1035 E AppWidgetServiceImpl: 	at com.android.server.appwidget.AppWidgetServiceImpl$CallbackHandler.handleMessage(AppWidgetServiceImpl.java:5935)
03-29 09:30:13.056   657  1035 E AppWidgetServiceImpl: 	at android.os.Handler.dispatchMessageImpl(Handler.java:142)
03-29 09:30:13.056   657  1035 E AppWidgetServiceImpl: 	at android.os.Handler.dispatchMessage(Handler.java:125)
03-29 09:30:13.056   657  1035 E AppWidgetServiceImpl: 	at android.os.Looper.loopOnce(Looper.java:292)
03-29 09:30:13.056   657  1035 E AppWidgetServiceImpl: 	at android.os.Looper.loop(Looper.java:393)
03-29 09:30:13.056   657  1035 E AppWidgetServiceImpl: 	at android.os.HandlerThread.run(HandlerThread.java:139)
03-29 09:30:13.056   657  1035 E AppWidgetServiceImpl: 	at com.android.server.ServiceThread.run(ServiceThread.java:46)
03-29 09:30:13.057   657  1035 E AppWidgetServiceImpl: Widget host dead: HostId{user:0, app:10193, hostId:1025, pkg:com.google.android.apps.nexuslauncher}
03-29 09:30:13.057   657  1035 E AppWidgetServiceImpl: android.os.DeadObjectException
03-29 09:30:13.057   657  1035 E AppWidgetServiceImpl: 	at android.os.BinderProxy.transactNative(Native Method)
03-29 09:30:13.057   657  1035 E AppWidgetServiceImpl: 	at android.os.BinderProxy.transact(BinderProxy.java:617)
03-29 09:30:13.057   657  1035 E AppWidgetServiceImpl: 	at com.android.internal.appwidget.IAppWidgetHost$Stub$Proxy.updateAppWidget(IAppWidgetHost.java:206)
03-29 09:30:13.057   657  1035 E AppWidgetServiceImpl: 	at com.android.server.appwidget.AppWidgetServiceImpl.handleNotifyUpdateAppWidget(AppWidgetServiceImpl.java:3327)
03-29 09:30:13.057   657  1035 E AppWidgetServiceImpl: 	at com.android.server.appwidget.AppWidgetServiceImpl.-$$Nest$mhandleNotifyUpdateAppWidget(AppWidgetServiceImpl.java:0)
03-29 09:30:13.057   657  1035 E AppWidgetServiceImpl: 	at com.android.server.appwidget.AppWidgetServiceImpl$CallbackHandler.handleMessage(AppWidgetServiceImpl.java:5923)
03-29 09:30:13.057   657  1035 E AppWidgetServiceImpl: 	at android.os.Handler.dispatchMessageImpl(Handler.java:142)
03-29 09:30:13.057   657  1035 E AppWidgetServiceImpl: 	at android.os.Handler.dispatchMessage(Handler.java:125)
03-29 09:30:13.057   657  1035 E AppWidgetServiceImpl: 	at android.os.Looper.loopOnce(Looper.java:292)
03-29 09:30:13.057   657  1035 E AppWidgetServiceImpl: 	at android.os.Looper.loop(Looper.java:393)
03-29 09:30:13.057   657  1035 E AppWidgetServiceImpl: 	at android.os.HandlerThread.run(HandlerThread.java:139)
03-29 09:30:13.057   657  1035 E AppWidgetServiceImpl: 	at com.android.server.ServiceThread.run(ServiceThread.java:46)
03-29 09:30:13.057   657  1035 E AppWidgetServiceImpl: Widget host dead: HostId{user:0, app:10193, hostId:1024, pkg:com.google.android.apps.nexuslauncher}
03-29 09:30:13.057   657  1035 E AppWidgetServiceImpl: android.os.DeadObjectException
03-29 09:30:13.057   657  1035 E AppWidgetServiceImpl: 	at android.os.BinderProxy.transactNative(Native Method)
03-29 09:30:13.057   657  1035 E AppWidgetServiceImpl: 	at android.os.BinderProxy.transact(BinderProxy.java:617)
03-29 09:30:13.057   657  1035 E AppWidgetServiceImpl: 	at com.android.internal.appwidget.IAppWidgetHost$Stub$Proxy.providersChanged(IAppWidgetHost.java:230)
03-29 09:30:13.057   657  1035 E AppWidgetServiceImpl: 	at com.android.server.appwidget.AppWidgetServiceImpl.handleNotifyProvidersChanged(AppWidgetServiceImpl.java:3458)
03-29 09:30:13.057   657  1035 E AppWidgetServiceImpl: 	at com.android.server.appwidget.AppWidgetServiceImpl.-$$Nest$mhandleNotifyProvidersChanged(AppWidgetServiceImpl.java:0)
03-29 09:30:13.057   657  1035 E AppWidgetServiceImpl: 	at com.android.server.appwidget.AppWidgetServiceImpl$CallbackHandler.handleMessage(AppWidgetServiceImpl.java:5954)
03-29 09:30:13.057   657  1035 E AppWidgetServiceImpl: 	at android.os.Handler.dispatchMessageImpl(Handler.java:142)
03-29 09:30:13.057   657  1035 E AppWidgetServiceImpl: 	at android.os.Handler.dispatchMessage(Handler.java:125)
03-29 09:30:13.057   657  1035 E AppWidgetServiceImpl: 	at android.os.Looper.loopOnce(Looper.java:292)
03-29 09:30:13.057   657  1035 E AppWidgetServiceImpl: 	at android.os.Looper.loop(Looper.java:393)
03-29 09:30:13.057   657  1035 E AppWidgetServiceImpl: 	at android.os.HandlerThread.run(HandlerThread.java:139)
03-29 09:30:13.057   657  1035 E AppWidgetServiceImpl: 	at com.android.server.ServiceThread.run(ServiceThread.java:46)
03-29 09:30:13.057   657  1035 E AppWidgetServiceImpl: Widget host dead: HostId{user:0, app:10193, hostId:1025, pkg:com.google.android.apps.nexuslauncher}
03-29 09:30:13.057   657  1035 E AppWidgetServiceImpl: android.os.DeadObjectException
03-29 09:30:13.057   657  1035 E AppWidgetServiceImpl: 	at android.os.BinderProxy.transactNative(Native Method)
03-29 09:30:13.057   657  1035 E AppWidgetServiceImpl: 	at android.os.BinderProxy.transact(BinderProxy.java:617)
03-29 09:30:13.057   657  1035 E AppWidgetServiceImpl: 	at com.android.internal.appwidget.IAppWidgetHost$Stub$Proxy.providersChanged(IAppWidgetHost.java:230)
03-29 09:30:13.057   657  1035 E AppWidgetServiceImpl: 	at com.android.server.appwidget.AppWidgetServiceImpl.handleNotifyProvidersChanged(AppWidgetServiceImpl.java:3458)
03-29 09:30:13.057   657  1035 E AppWidgetServiceImpl: 	at com.android.server.appwidget.AppWidgetServiceImpl.-$$Nest$mhandleNotifyProvidersChanged(AppWidgetServiceImpl.java:0)
03-29 09:30:13.057   657  1035 E AppWidgetServiceImpl: 	at com.android.server.appwidget.AppWidgetServiceImpl$CallbackHandler.handleMessage(AppWidgetServiceImpl.java:5954)
03-29 09:30:13.057   657  1035 E AppWidgetServiceImpl: 	at android.os.Handler.dispatchMessageImpl(Handler.java:142)
03-29 09:30:13.057   657  1035 E AppWidgetServiceImpl: 	at android.os.Handler.dispatchMessage(Handler.java:125)
03-29 09:30:13.057   657  1035 E AppWidgetServiceImpl: 	at android.os.Looper.loopOnce(Looper.java:292)
03-29 09:30:13.057   657  1035 E AppWidgetServiceImpl: 	at android.os.Looper.loop(Looper.java:393)
03-29 09:30:13.057   657  1035 E AppWidgetServiceImpl: 	at android.os.HandlerThread.run(HandlerThread.java:139)
03-29 09:30:13.057   657  1035 E AppWidgetServiceImpl: 	at com.android.server.ServiceThread.run(ServiceThread.java:46)
03-29 09:30:13.306   657   714 E ActivityManager: Unable to freeze binder for 5367: -11
03-29 09:30:13.792  1101  1146 E SingleInstanceRemoteListener: Failed remote call on null listener
03-29 09:30:13.798   326   437 E keystore2: system/security/keystore2/src/remote_provisioning.rs:114 - Failed to get rkpd key: system/security/keystore2/rkpd_client/src/lib.rs:227: Waiting for RKPD key timed out: Elapsed(())
03-29 09:30:13.798   326   437 E keystore2: 
03-29 09:30:13.798   326   437 E keystore2: Caused by:
03-29 09:30:13.798   326   437 E keystore2:     Retryable timeout when waiting for a callback
03-29 09:30:13.799   326   437 E keystore2: system/security/keystore2/src/error.rs:69 - system/security/keystore2/src/security_level.rs:705: Trying to get an attestation key
03-29 09:30:13.799   326   437 E keystore2: 
03-29 09:30:13.799   326   437 E keystore2: Caused by:
03-29 09:30:13.799   326   437 E keystore2:     0: system/security/keystore2/src/attestation_key_utils.rs:69: Trying to get attestation key from RKPD.
03-29 09:30:13.799   326   437 E keystore2:     1: system/security/keystore2/rkpd_client/src/lib.rs:227: Waiting for RKPD key timed out: Elapsed(())
03-29 09:30:13.799   326   437 E keystore2:        
03-29 09:30:13.799   326   437 E keystore2:        Caused by:
03-29 09:30:13.799   326   437 E keystore2:            Retryable timeout when waiting for a callback
03-29 09:30:13.799   326   437 E keystore2:     2: Error::Rc(r#OUT_OF_KEYS_TRANSIENT_ERROR) for AppUid(10211)
03-29 09:30:13.799   657   680 E TaskFragmentOrganizerController: Caller organizer=android.window.ITaskFragmentOrganizer$Stub$Proxy@44d07a9 is no longer registered
03-29 09:30:14.017   657  1731 E AppOps  : Bad call made by uid 1000. Package "com.google.android.googlequicksearchbox" does not belong to uid 1000.
03-29 09:30:14.031  1101  1146 E SingleInstanceRemoteListener: Failed remote call on null listener
03-29 09:30:14.103  1101  1146 E SingleInstanceRemoteListener: Failed remote call on null listener
03-29 09:30:14.749   657  2001 E AppOps  : Bad call made by uid 1000. Package "com.google.android.googlequicksearchbox" does not belong to uid 1000.
03-29 09:30:15.117  1101  1146 E SingleInstanceRemoteListener: Failed remote call on null listener
03-29 09:30:15.132   657   685 E PackageManager: Optimistic bind failed.
03-29 09:30:15.132   657   685 E PackageManager: java.util.concurrent.TimeoutException: [Optimistic Bind] Didn't bind to resolver in time!
03-29 09:30:15.132   657   685 E PackageManager: 	at com.android.server.pm.InstantAppResolverConnection.waitForBindLocked(InstantAppResolverConnection.java:160)
03-29 09:30:15.132   657   685 E PackageManager: 	at com.android.server.pm.InstantAppResolverConnection.bind(InstantAppResolverConnection.java:230)
03-29 09:30:15.132   657   685 E PackageManager: 	at com.android.server.pm.InstantAppResolverConnection.lambda$optimisticBind$0(InstantAppResolverConnection.java:260)
03-29 09:30:15.132   657   685 E PackageManager: 	at com.android.server.pm.InstantAppResolverConnection.$r8$lambda$66W2s2mMKe4pk_xXCScH9RCqav8(InstantAppResolverConnection.java:0)
03-29 09:30:15.132   657   685 E PackageManager: 	at com.android.server.pm.InstantAppResolverConnection$$ExternalSyntheticLambda0.run(R8$$SyntheticClass:0)
03-29 09:30:15.132   657   685 E PackageManager: 	at android.os.Handler.handleCallback(Handler.java:1095)
03-29 09:30:15.132   657   685 E PackageManager: 	at android.os.Handler.dispatchMessageImpl(Handler.java:135)
03-29 09:30:15.132   657   685 E PackageManager: 	at android.os.Handler.dispatchMessage(Handler.java:125)
03-29 09:30:15.132   657   685 E PackageManager: 	at android.os.Looper.loopOnce(Looper.java:292)
03-29 09:30:15.132   657   685 E PackageManager: 	at android.os.Looper.loop(Looper.java:393)
03-29 09:30:15.132   657   685 E PackageManager: 	at android.os.HandlerThread.run(HandlerThread.java:139)
03-29 09:30:15.234  1101  1146 E SingleInstanceRemoteListener: Failed remote call on null listener
03-29 09:30:15.316   657   657 E NotificationManagerService.NotificationListeners: Failed to linkToDeath, already dead
03-29 09:30:15.316   657   657 E NotificationManagerService.NotificationListeners: android.os.DeadObjectException
03-29 09:30:15.316   657   657 E NotificationManagerService.NotificationListeners: 	at android.os.BinderProxy.linkToDeathNative(Native Method)
03-29 09:30:15.316   657   657 E NotificationManagerService.NotificationListeners: 	at android.os.BinderProxy.linkToDeath(BinderProxy.java:665)
03-29 09:30:15.316   657   657 E NotificationManagerService.NotificationListeners: 	at com.android.server.notification.ManagedServices$1.onServiceConnected(ManagedServices.java:1966)
03-29 09:30:15.316   657   657 E NotificationManagerService.NotificationListeners: 	at android.app.LoadedApk$ServiceDispatcher.doConnected(LoadedApk.java:2453)
03-29 09:30:15.316   657   657 E NotificationManagerService.NotificationListeners: 	at android.app.LoadedApk$ServiceDispatcher$RunConnection.run(LoadedApk.java:2489)
03-29 09:30:15.316   657   657 E NotificationManagerService.NotificationListeners: 	at android.os.Handler.handleCallback(Handler.java:1095)
03-29 09:30:15.316   657   657 E NotificationManagerService.NotificationListeners: 	at android.os.Handler.dispatchMessageImpl(Handler.java:135)
03-29 09:30:15.316   657   657 E NotificationManagerService.NotificationListeners: 	at android.os.Handler.dispatchMessage(Handler.java:125)
03-29 09:30:15.316   657   657 E NotificationManagerService.NotificationListeners: 	at android.os.Looper.loopOnce(Looper.java:292)
03-29 09:30:15.316   657   657 E NotificationManagerService.NotificationListeners: 	at android.os.Looper.loop(Looper.java:393)
03-29 09:30:15.316   657   657 E NotificationManagerService.NotificationListeners: 	at com.android.server.SystemServer.run(SystemServer.java:1092)
03-29 09:30:15.316   657   657 E NotificationManagerService.NotificationListeners: 	at com.android.server.SystemServer.main(SystemServer.java:721)
03-29 09:30:15.316   657   657 E NotificationManagerService.NotificationListeners: 	at java.lang.reflect.Method.invoke(Native Method)
03-29 09:30:15.316   657   657 E NotificationManagerService.NotificationListeners: 	at com.android.internal.os.RuntimeInit$MethodAndArgsCaller.run(RuntimeInit.java:575)
03-29 09:30:15.316   657   657 E NotificationManagerService.NotificationListeners: 	at com.android.internal.os.ZygoteInit.main(ZygoteInit.java:917)
03-29 09:30:15.358   657   657 E JobServiceContext: Error sending onStart message to 'com.google.android.finsky.scheduler.process.mainimpl.PhoneskyJobServiceMain' 
03-29 09:30:15.358   657   657 E JobServiceContext: android.os.DeadObjectException
03-29 09:30:15.358   657   657 E JobServiceContext: 	at android.os.BinderProxy.transactNative(Native Method)
03-29 09:30:15.358   657   657 E JobServiceContext: 	at android.os.BinderProxy.transact(BinderProxy.java:617)
03-29 09:30:15.358   657   657 E JobServiceContext: 	at android.app.job.IJobService$Stub$Proxy.startJob(IJobService.java:190)
03-29 09:30:15.358   657   657 E JobServiceContext: 	at com.android.server.job.JobServiceContext.handleServiceBoundLocked(JobServiceContext.java:1361)
03-29 09:30:15.358   657   657 E JobServiceContext: 	at com.android.server.job.JobServiceContext.doServiceBoundLocked(JobServiceContext.java:1270)
03-29 09:30:15.358   657   657 E JobServiceContext: 	at com.android.server.job.JobServiceContext.onServiceConnected(JobServiceContext.java:1124)
03-29 09:30:15.358   657   657 E JobServiceContext: 	at android.content.ServiceConnection.onServiceConnected(ServiceConnection.java:75)
03-29 09:30:15.358   657   657 E JobServiceContext: 	at android.app.LoadedApk$ServiceDispatcher.doConnected(LoadedApk.java:2453)
03-29 09:30:15.358   657   657 E JobServiceContext: 	at android.app.LoadedApk$ServiceDispatcher$RunConnection.run(LoadedApk.java:2489)
03-29 09:30:15.358   657   657 E JobServiceContext: 	at android.os.Handler.handleCallback(Handler.java:1095)
03-29 09:30:15.358   657   657 E JobServiceContext: 	at android.os.Handler.dispatchMessageImpl(Handler.java:135)
03-29 09:30:15.358   657   657 E JobServiceContext: 	at android.os.Handler.dispatchMessage(Handler.java:125)
03-29 09:30:15.358   657   657 E JobServiceContext: 	at android.os.Looper.loopOnce(Looper.java:292)
03-29 09:30:15.358   657   657 E JobServiceContext: 	at android.os.Looper.loop(Looper.java:393)
03-29 09:30:15.358   657   657 E JobServiceContext: 	at com.android.server.SystemServer.run(SystemServer.java:1092)
03-29 09:30:15.358   657   657 E JobServiceContext: 	at com.android.server.SystemServer.main(SystemServer.java:721)
03-29 09:30:15.358   657   657 E JobServiceContext: 	at java.lang.reflect.Method.invoke(Native Method)
03-29 09:30:15.358   657   657 E JobServiceContext: 	at com.android.internal.os.RuntimeInit$MethodAndArgsCaller.run(RuntimeInit.java:575)
03-29 09:30:15.358   657   657 E JobServiceContext: 	at com.android.internal.os.ZygoteInit.main(ZygoteInit.java:917)
03-29 09:30:15.795   657   685 E PackageManager: Optimistic bind failed.
03-29 09:30:15.795   657   685 E PackageManager: java.util.concurrent.TimeoutException: [Optimistic Bind] Didn't bind to resolver in time!
03-29 09:30:15.795   657   685 E PackageManager: 	at com.android.server.pm.InstantAppResolverConnection.waitForBindLocked(InstantAppResolverConnection.java:160)
03-29 09:30:15.795   657   685 E PackageManager: 	at com.android.server.pm.InstantAppResolverConnection.bind(InstantAppResolverConnection.java:230)
03-29 09:30:15.795   657   685 E PackageManager: 	at com.android.server.pm.InstantAppResolverConnection.lambda$optimisticBind$0(InstantAppResolverConnection.java:260)
03-29 09:30:15.795   657   685 E PackageManager: 	at com.android.server.pm.InstantAppResolverConnection.$r8$lambda$66W2s2mMKe4pk_xXCScH9RCqav8(InstantAppResolverConnection.java:0)
03-29 09:30:15.795   657   685 E PackageManager: 	at com.android.server.pm.InstantAppResolverConnection$$ExternalSyntheticLambda0.run(R8$$SyntheticClass:0)
03-29 09:30:15.795   657   685 E PackageManager: 	at android.os.Handler.handleCallback(Handler.java:1095)
03-29 09:30:15.795   657   685 E PackageManager: 	at android.os.Handler.dispatchMessageImpl(Handler.java:135)
03-29 09:30:15.795   657   685 E PackageManager: 	at android.os.Handler.dispatchMessage(Handler.java:125)
03-29 09:30:15.795   657   685 E PackageManager: 	at android.os.Looper.loopOnce(Looper.java:292)
03-29 09:30:15.795   657   685 E PackageManager: 	at android.os.Looper.loop(Looper.java:393)
03-29 09:30:15.795   657   685 E PackageManager: 	at android.os.HandlerThread.run(HandlerThread.java:139)
03-29 09:30:15.844   657   680 E TaskFragmentOrganizerController: Caller organizer=android.window.ITaskFragmentOrganizer$Stub$Proxy@8fd6c73 is no longer registered
03-29 09:30:15.984   657  1749 E AppOps  : Bad call made by uid 1000. Package "com.google.android.googlequicksearchbox" does not belong to uid 1000.
03-29 09:30:16.050  1101  1146 E SingleInstanceRemoteListener: Failed remote call on null listener
03-29 09:30:16.193  1101  1146 E SingleInstanceRemoteListener: Failed remote call on null listener
03-29 09:30:17.423  1101  1146 E SingleInstanceRemoteListener: Failed remote call on null listener
03-29 09:30:18.817  1101  1146 E SingleInstanceRemoteListener: Failed remote call on null listener
03-29 09:30:19.016  1101  1146 E SingleInstanceRemoteListener: Failed remote call on null listener
03-29 09:30:19.511   657  1031 E JobServiceContext: Error sending onNetworkChanged to client.
03-29 09:30:19.511   657  1031 E JobServiceContext: android.os.DeadObjectException
03-29 09:30:19.511   657  1031 E JobServiceContext: 	at android.os.BinderProxy.transactNative(Native Method)
03-29 09:30:19.511   657  1031 E JobServiceContext: 	at android.os.BinderProxy.transact(BinderProxy.java:617)
03-29 09:30:19.511   657  1031 E JobServiceContext: 	at android.app.job.IJobService$Stub$Proxy.onNetworkChanged(IJobService.java:216)
03-29 09:30:19.511   657  1031 E JobServiceContext: 	at com.android.server.job.JobServiceContext.informOfNetworkChangeLocked(JobServiceContext.java:805)
03-29 09:30:19.511   657  1031 E JobServiceContext: 	at com.android.server.job.JobSchedulerService.onNetworkChanged(JobSchedulerService.java:2628)
03-29 09:30:19.511   657  1031 E JobServiceContext: 	at com.android.server.job.controllers.ConnectivityController.updateConstraintsSatisfied(ConnectivityController.java:1444)
03-29 09:30:19.511   657  1031 E JobServiceContext: 	at com.android.server.job.controllers.ConnectivityController.updateTrackedJobsLocked(ConnectivityController.java:1538)
03-29 09:30:19.511   657  1031 E JobServiceContext: 	at com.android.server.job.controllers.ConnectivityController.updateTrackedJobsLocked(ConnectivityController.java:1492)
03-29 09:30:19.511   657  1031 E JobServiceContext: 	at com.android.server.job.controllers.ConnectivityController.-$$Nest$mupdateTrackedJobsLocked(ConnectivityController.java:0)
03-29 09:30:19.511   657  1031 E JobServiceContext: 	at com.android.server.job.controllers.ConnectivityController$2.onCapabilitiesChanged(ConnectivityController.java:1708)
03-29 09:30:19.511   657  1031 E JobServiceContext: 	at android.net.ConnectivityManager$CallbackHandler.handleMessage(ConnectivityManager.java:4696)
03-29 09:30:19.511   657  1031 E JobServiceContext: 	at android.os.Handler.dispatchMessageImpl(Handler.java:142)
03-29 09:30:19.511   657  1031 E JobServiceContext: 	at android.os.Handler.dispatchMessage(Handler.java:125)
03-29 09:30:19.511   657  1031 E JobServiceContext: 	at android.os.Looper.loopOnce(Looper.java:292)
03-29 09:30:19.511   657  1031 E JobServiceContext: 	at android.os.Looper.loop(Looper.java:393)
03-29 09:30:19.511   657  1031 E JobServiceContext: 	at android.os.HandlerThread.run(HandlerThread.java:139)
03-29 09:30:19.567   657   753 E JobServiceContext: Error sending onNetworkChanged to client.
03-29 09:30:19.567   657   753 E JobServiceContext: android.os.DeadObjectException
03-29 09:30:19.567   657   753 E JobServiceContext: 	at android.os.BinderProxy.transactNative(Native Method)
03-29 09:30:19.567   657   753 E JobServiceContext: 	at android.os.BinderProxy.transact(BinderProxy.java:617)
03-29 09:30:19.567   657   753 E JobServiceContext: 	at android.app.job.IJobService$Stub$Proxy.onNetworkChanged(IJobService.java:216)
03-29 09:30:19.567   657   753 E JobServiceContext: 	at com.android.server.job.JobServiceContext.informOfNetworkChangeLocked(JobServiceContext.java:805)
03-29 09:30:19.567   657   753 E JobServiceContext: 	at com.android.server.job.JobSchedulerService.onNetworkChanged(JobSchedulerService.java:2628)
03-29 09:30:19.567   657   753 E JobServiceContext: 	at com.android.server.job.controllers.ConnectivityController.updateConstraintsSatisfied(ConnectivityController.java:1444)
03-29 09:30:19.567   657   753 E JobServiceContext: 	at com.android.server.job.controllers.ConnectivityController.updateTrackedJobsLocked(ConnectivityController.java:1538)
03-29 09:30:19.567   657   753 E JobServiceContext: 	at com.android.server.job.controllers.ConnectivityController.updateTrackedJobsLocked(ConnectivityController.java:1497)
03-29 09:30:19.567   657   753 E JobServiceContext: 	at com.android.server.job.controllers.ConnectivityController.-$$Nest$mupdateTrackedJobsLocked(ConnectivityController.java:0)
03-29 09:30:19.567   657   753 E JobServiceContext: 	at com.android.server.job.controllers.ConnectivityController$UidDefaultNetworkCallback.onBlockedStatusChanged(ConnectivityController.java:2106)
03-29 09:30:19.567   657   753 E JobServiceContext: 	at android.net.ConnectivityManager$CallbackHandler.handleMessage(ConnectivityManager.java:4718)
03-29 09:30:19.567   657   753 E JobServiceContext: 	at android.os.Handler.dispatchMessageImpl(Handler.java:142)
03-29 09:30:19.567   657   753 E JobServiceContext: 	at android.os.Handler.dispatchMessage(Handler.java:125)
03-29 09:30:19.567   657   753 E JobServiceContext: 	at android.os.Looper.loopOnce(Looper.java:292)
03-29 09:30:19.567   657   753 E JobServiceContext: 	at android.os.Looper.loop(Looper.java:393)
03-29 09:30:19.567   657   753 E JobServiceContext: 	at android.os.HandlerThread.run(HandlerThread.java:139)
03-29 09:30:20.198   657   714 E ActivityManager: Unable to freeze binder for 7960: -11
03-29 09:30:21.355   657   657 E JobServiceContext: Error sending onStart message to '.CalendarProviderJobService' 
03-29 09:30:21.355   657   657 E JobServiceContext: android.os.DeadObjectException
03-29 09:30:21.355   657   657 E JobServiceContext: 	at android.os.BinderProxy.transactNative(Native Method)
03-29 09:30:21.355   657   657 E JobServiceContext: 	at android.os.BinderProxy.transact(BinderProxy.java:617)
03-29 09:30:21.355   657   657 E JobServiceContext: 	at android.app.job.IJobService$Stub$Proxy.startJob(IJobService.java:190)
03-29 09:30:21.355   657   657 E JobServiceContext: 	at com.android.server.job.JobServiceContext.handleServiceBoundLocked(JobServiceContext.java:1361)
03-29 09:30:21.355   657   657 E JobServiceContext: 	at com.android.server.job.JobServiceContext.doServiceBoundLocked(JobServiceContext.java:1270)
03-29 09:30:21.355   657   657 E JobServiceContext: 	at com.android.server.job.JobServiceContext.onServiceConnected(JobServiceContext.java:1124)
03-29 09:30:21.355   657   657 E JobServiceContext: 	at android.content.ServiceConnection.onServiceConnected(ServiceConnection.java:75)
03-29 09:30:21.355   657   657 E JobServiceContext: 	at android.app.LoadedApk$ServiceDispatcher.doConnected(LoadedApk.java:2453)
03-29 09:30:21.355   657   657 E JobServiceContext: 	at android.app.LoadedApk$ServiceDispatcher$RunConnection.run(LoadedApk.java:2489)
03-29 09:30:21.355   657   657 E JobServiceContext: 	at android.os.Handler.handleCallback(Handler.java:1095)
03-29 09:30:21.355   657   657 E JobServiceContext: 	at android.os.Handler.dispatchMessageImpl(Handler.java:135)
03-29 09:30:21.355   657   657 E JobServiceContext: 	at android.os.Handler.dispatchMessage(Handler.java:125)
03-29 09:30:21.355   657   657 E JobServiceContext: 	at android.os.Looper.loopOnce(Looper.java:292)
03-29 09:30:21.355   657   657 E JobServiceContext: 	at android.os.Looper.loop(Looper.java:393)
03-29 09:30:21.355   657   657 E JobServiceContext: 	at com.android.server.SystemServer.run(SystemServer.java:1092)
03-29 09:30:21.355   657   657 E JobServiceContext: 	at com.android.server.SystemServer.main(SystemServer.java:721)
03-29 09:30:21.355   657   657 E JobServiceContext: 	at java.lang.reflect.Method.invoke(Native Method)
03-29 09:30:21.355   657   657 E JobServiceContext: 	at com.android.internal.os.RuntimeInit$MethodAndArgsCaller.run(RuntimeInit.java:575)
03-29 09:30:21.355   657   657 E JobServiceContext: 	at com.android.internal.os.ZygoteInit.main(ZygoteInit.java:917)
03-29 09:30:21.709   657  1366 E AppOps  : Bad call made by uid 1000. Package "com.google.android.googlequicksearchbox" does not belong to uid 1000.
03-29 09:30:22.532   657   685 E PackageManager: Optimistic bind failed.
03-29 09:30:22.532   657   685 E PackageManager: java.util.concurrent.TimeoutException: [Optimistic Bind] Didn't bind to resolver in time!
03-29 09:30:22.532   657   685 E PackageManager: 	at com.android.server.pm.InstantAppResolverConnection.waitForBindLocked(InstantAppResolverConnection.java:160)
03-29 09:30:22.532   657   685 E PackageManager: 	at com.android.server.pm.InstantAppResolverConnection.bind(InstantAppResolverConnection.java:230)
03-29 09:30:22.532   657   685 E PackageManager: 	at com.android.server.pm.InstantAppResolverConnection.lambda$optimisticBind$0(InstantAppResolverConnection.java:260)
03-29 09:30:22.532   657   685 E PackageManager: 	at com.android.server.pm.InstantAppResolverConnection.$r8$lambda$66W2s2mMKe4pk_xXCScH9RCqav8(InstantAppResolverConnection.java:0)
03-29 09:30:22.532   657   685 E PackageManager: 	at com.android.server.pm.InstantAppResolverConnection$$ExternalSyntheticLambda0.run(R8$$SyntheticClass:0)
03-29 09:30:22.532   657   685 E PackageManager: 	at android.os.Handler.handleCallback(Handler.java:1095)
03-29 09:30:22.532   657   685 E PackageManager: 	at android.os.Handler.dispatchMessageImpl(Handler.java:135)
03-29 09:30:22.532   657   685 E PackageManager: 	at android.os.Handler.dispatchMessage(Handler.java:125)
03-29 09:30:22.532   657   685 E PackageManager: 	at android.os.Looper.loopOnce(Looper.java:292)
03-29 09:30:22.532   657   685 E PackageManager: 	at android.os.Looper.loop(Looper.java:393)
03-29 09:30:22.532   657   685 E PackageManager: 	at android.os.HandlerThread.run(HandlerThread.java:139)
03-29 09:30:23.671  1101  1146 E SingleInstanceRemoteListener: Failed remote call
03-29 09:30:23.671  1101  1146 E SingleInstanceRemoteListener: android.os.DeadObjectException
03-29 09:30:23.671  1101  1146 E SingleInstanceRemoteListener: 	at android.os.BinderProxy.transactNative(Native Method)
03-29 09:30:23.671  1101  1146 E SingleInstanceRemoteListener: 	at android.os.BinderProxy.transact(BinderProxy.java:617)
03-29 09:30:23.671  1101  1146 E SingleInstanceRemoteListener: 	at com.android.wm.shell.transition.HomeTransitionObserver$1.insetsChanged(go/retraceme 2b9555e93469c570fe1eba6e00ba55c641998f0b05ea4e8d6000e443e74ca7fc:41)
03-29 09:30:23.671  1101  1146 E SingleInstanceRemoteListener: 	at com.android.wm.shell.common.DisplayInsetsController$OnInsetsChangedListener.insetsChanged(go/retraceme 2b9555e93469c570fe1eba6e00ba55c641998f0b05ea4e8d6000e443e74ca7fc:0)
03-29 09:30:23.671  1101  1146 E SingleInstanceRemoteListener: 	at com.android.wm.shell.common.DisplayInsetsController$PerDisplay$DisplayWindowInsetsControllerImpl$$ExternalSyntheticLambda4.run(go/retraceme 2b9555e93469c570fe1eba6e00ba55c641998f0b05ea4e8d6000e443e74ca7fc:204)
03-29 09:30:23.671  1101  1146 E SingleInstanceRemoteListener: 	at android.os.Handler.handleCallback(Handler.java:1095)
03-29 09:30:23.671  1101  1146 E SingleInstanceRemoteListener: 	at android.os.Handler.dispatchMessageImpl(Handler.java:135)
03-29 09:30:23.671  1101  1146 E SingleInstanceRemoteListener: 	at android.os.Handler.dispatchMessage(Handler.java:125)
03-29 09:30:23.671  1101  1146 E SingleInstanceRemoteListener: 	at android.os.Looper.loopOnce(Looper.java:292)
03-29 09:30:23.671  1101  1146 E SingleInstanceRemoteListener: 	at android.os.Looper.loop(Looper.java:393)
03-29 09:30:23.671  1101  1146 E SingleInstanceRemoteListener: 	at android.os.HandlerThread.run(HandlerThread.java:139)
03-29 09:30:23.875   657   672 E AppOps  : Bad call made by uid 1000. Package "com.google.android.googlequicksearchbox" does not belong to uid 1000.
03-29 09:30:24.588  1101  1146 E SingleInstanceRemoteListener: Failed remote call on null listener
03-29 09:30:25.018  1101  1146 E SingleInstanceRemoteListener: Failed remote call on null listener
03-29 09:30:28.010   657  1384 E AppOps  : Bad call made by uid 1000. Package "com.google.android.googlequicksearchbox" does not belong to uid 1000.
03-29 09:30:29.906   657  1730 E AppOps  : Bad call made by uid 1000. Package "com.google.android.googlequicksearchbox" does not belong to uid 1000.
03-29 09:30:32.030   326   341 E keystore2: system/security/keystore2/src/remote_provisioning.rs:114 - Failed to get rkpd key: system/security/keystore2/rkpd_client/src/lib.rs:227: Waiting for RKPD key timed out: Elapsed(())
03-29 09:30:32.030   326   341 E keystore2: 
03-29 09:30:32.030   326   341 E keystore2: Caused by:
03-29 09:30:32.030   326   341 E keystore2:     Retryable timeout when waiting for a callback
03-29 09:30:32.030   326   341 E keystore2: system/security/keystore2/src/error.rs:69 - system/security/keystore2/src/security_level.rs:705: Trying to get an attestation key
03-29 09:30:32.030   326   341 E keystore2: 
03-29 09:30:32.030   326   341 E keystore2: Caused by:
03-29 09:30:32.030   326   341 E keystore2:     0: system/security/keystore2/src/attestation_key_utils.rs:69: Trying to get attestation key from RKPD.
03-29 09:30:32.030   326   341 E keystore2:     1: system/security/keystore2/rkpd_client/src/lib.rs:227: Waiting for RKPD key timed out: Elapsed(())
03-29 09:30:32.030   326   341 E keystore2:        
03-29 09:30:32.030   326   341 E keystore2:        Caused by:
03-29 09:30:32.030   326   341 E keystore2:            Retryable timeout when waiting for a callback
03-29 09:30:32.030   326   341 E keystore2:     2: Error::Rc(r#OUT_OF_KEYS_TRANSIENT_ERROR) for AppUid(10211)
03-29 09:30:33.076   657  1991 E AppOps  : Bad call made by uid 1000. Package "com.google.android.googlequicksearchbox" does not belong to uid 1000.
03-29 09:30:34.214   326   437 E keystore2: system/security/keystore2/src/remote_provisioning.rs:114 - Failed to get rkpd key: system/security/keystore2/rkpd_client/src/lib.rs:227: Waiting for RKPD key timed out: Elapsed(())
03-29 09:30:34.214   326   437 E keystore2: 
03-29 09:30:34.214   326   437 E keystore2: Caused by:
03-29 09:30:34.214   326   437 E keystore2:     Retryable timeout when waiting for a callback
03-29 09:30:34.214   326   437 E keystore2: system/security/keystore2/src/error.rs:69 - system/security/keystore2/src/security_level.rs:705: Trying to get an attestation key
03-29 09:30:34.214   326   437 E keystore2: 
03-29 09:30:34.214   326   437 E keystore2: Caused by:
03-29 09:30:34.214   326   437 E keystore2:     0: system/security/keystore2/src/attestation_key_utils.rs:69: Trying to get attestation key from RKPD.
03-29 09:30:34.214   326   437 E keystore2:     1: system/security/keystore2/rkpd_client/src/lib.rs:227: Waiting for RKPD key timed out: Elapsed(())
03-29 09:30:34.214   326   437 E keystore2:        
03-29 09:30:34.214   326   437 E keystore2:        Caused by:
03-29 09:30:34.214   326   437 E keystore2:            Retryable timeout when waiting for a callback
03-29 09:30:34.214   326   437 E keystore2:     2: Error::Rc(r#OUT_OF_KEYS_TRANSIENT_ERROR) for AppUid(10211)
03-29 09:30:43.547   326   341 E keystore2: system/security/keystore2/src/remote_provisioning.rs:114 - Failed to get rkpd key: system/security/keystore2/rkpd_client/src/lib.rs:227: Waiting for RKPD key timed out: Elapsed(())
03-29 09:30:43.547   326   341 E keystore2: 
03-29 09:30:43.547   326   341 E keystore2: Caused by:
03-29 09:30:43.547   326   341 E keystore2:     Retryable timeout when waiting for a callback
03-29 09:30:43.547   326   341 E keystore2: system/security/keystore2/src/error.rs:69 - system/security/keystore2/src/security_level.rs:705: Trying to get an attestation key
03-29 09:30:43.547   326   341 E keystore2: 
03-29 09:30:43.547   326   341 E keystore2: Caused by:
03-29 09:30:43.547   326   341 E keystore2:     0: system/security/keystore2/src/attestation_key_utils.rs:69: Trying to get attestation key from RKPD.
03-29 09:30:43.547   326   341 E keystore2:     1: system/security/keystore2/rkpd_client/src/lib.rs:227: Waiting for RKPD key timed out: Elapsed(())
03-29 09:30:43.547   326   341 E keystore2:        
03-29 09:30:43.547   326   341 E keystore2:        Caused by:
03-29 09:30:43.547   326   341 E keystore2:            Retryable timeout when waiting for a callback
03-29 09:30:43.547   326   341 E keystore2:     2: Error::Rc(r#OUT_OF_KEYS_TRANSIENT_ERROR) for AppUid(10154)
03-29 09:30:44.595   326   437 E keystore2: system/security/keystore2/src/remote_provisioning.rs:114 - Failed to get rkpd key: system/security/keystore2/rkpd_client/src/lib.rs:227: Waiting for RKPD key timed out: Elapsed(())
03-29 09:30:44.595   326   437 E keystore2: 
03-29 09:30:44.595   326   437 E keystore2: Caused by:
03-29 09:30:44.595   326   437 E keystore2:     Retryable timeout when waiting for a callback
03-29 09:30:44.595   326   437 E keystore2: system/security/keystore2/src/error.rs:69 - system/security/keystore2/src/security_level.rs:705: Trying to get an attestation key
03-29 09:30:44.595   326   437 E keystore2: 
03-29 09:30:44.595   326   437 E keystore2: Caused by:
03-29 09:30:44.595   326   437 E keystore2:     0: system/security/keystore2/src/attestation_key_utils.rs:69: Trying to get attestation key from RKPD.
03-29 09:30:44.595   326   437 E keystore2:     1: system/security/keystore2/rkpd_client/src/lib.rs:227: Waiting for RKPD key timed out: Elapsed(())
03-29 09:30:44.595   326   437 E keystore2:        
03-29 09:30:44.595   326   437 E keystore2:        Caused by:
03-29 09:30:44.595   326   437 E keystore2:            Retryable timeout when waiting for a callback
03-29 09:30:44.595   326   437 E keystore2:     2: Error::Rc(r#OUT_OF_KEYS_TRANSIENT_ERROR) for AppUid(10154)
03-29 09:30:46.560   326   342 E keystore2: system/security/keystore2/src/remote_provisioning.rs:114 - Failed to get rkpd key: system/security/keystore2/rkpd_client/src/lib.rs:227: Waiting for RKPD key timed out: Elapsed(())
03-29 09:30:46.560   326   342 E keystore2: 
03-29 09:30:46.560   326   342 E keystore2: Caused by:
03-29 09:30:46.560   326   342 E keystore2:     Retryable timeout when waiting for a callback
03-29 09:30:46.560   326   342 E keystore2: system/security/keystore2/src/error.rs:69 - system/security/keystore2/src/security_level.rs:705: Trying to get an attestation key
03-29 09:30:46.560   326   342 E keystore2: 
03-29 09:30:46.560   326   342 E keystore2: Caused by:
03-29 09:30:46.560   326   342 E keystore2:     0: system/security/keystore2/src/attestation_key_utils.rs:69: Trying to get attestation key from RKPD.
03-29 09:30:46.560   326   342 E keystore2:     1: system/security/keystore2/rkpd_client/src/lib.rs:227: Waiting for RKPD key timed out: Elapsed(())
03-29 09:30:46.560   326   342 E keystore2:        
03-29 09:30:46.560   326   342 E keystore2:        Caused by:
